Archive member included to satisfy reference by file (symbol)

c:/progra~2/armgnu~1/1142da~1.3re/bin/../lib/gcc/arm-none-eabi/11.3.1/thumb/v6-m/nofp\libgcc.a(_dvmd_tls.o)
                              CMakeFiles/mcume.dir/C_/Users/alint/Desktop/eu/uni/_year4/Dizertatie/MCUME/pico-sdk/src/rp2_common/pico_divider/divider.S.obj (__aeabi_idiv0)
c:/progra~2/armgnu~1/1142da~1.3re/bin/../lib/gcc/arm-none-eabi/11.3.1/thumb/v6-m/nofp\libg.a(libc_a-calloc.o)
                              CMakeFiles/mcume.dir/C_/Users/alint/Desktop/eu/uni/_year4/Dizertatie/MCUME/pico-sdk/src/rp2_common/pico_malloc/pico_malloc.c.obj (calloc)
c:/progra~2/armgnu~1/1142da~1.3re/bin/../lib/gcc/arm-none-eabi/11.3.1/thumb/v6-m/nofp\libg.a(libc_a-callocr.o)
                              c:/progra~2/armgnu~1/1142da~1.3re/bin/../lib/gcc/arm-none-eabi/11.3.1/thumb/v6-m/nofp\libg.a(libc_a-calloc.o) (_calloc_r)
c:/progra~2/armgnu~1/1142da~1.3re/bin/../lib/gcc/arm-none-eabi/11.3.1/thumb/v6-m/nofp\libg.a(libc_a-malloc.o)
                              CMakeFiles/mcume.dir/C_/Users/alint/Desktop/eu/uni/_year4/Dizertatie/MCUME/pico-sdk/src/rp2_common/pico_malloc/pico_malloc.c.obj (malloc)
c:/progra~2/armgnu~1/1142da~1.3re/bin/../lib/gcc/arm-none-eabi/11.3.1/thumb/v6-m/nofp\libg.a(libc_a-mallocr.o)
                              c:/progra~2/armgnu~1/1142da~1.3re/bin/../lib/gcc/arm-none-eabi/11.3.1/thumb/v6-m/nofp\libg.a(libc_a-callocr.o) (_malloc_r)
c:/progra~2/armgnu~1/1142da~1.3re/bin/../lib/gcc/arm-none-eabi/11.3.1/thumb/v6-m/nofp\libg.a(libc_a-mlock.o)
                              c:/progra~2/armgnu~1/1142da~1.3re/bin/../lib/gcc/arm-none-eabi/11.3.1/thumb/v6-m/nofp\libg.a(libc_a-mallocr.o) (__malloc_lock)
c:/progra~2/armgnu~1/1142da~1.3re/bin/../lib/gcc/arm-none-eabi/11.3.1/thumb/v6-m/nofp\libg.a(libc_a-rand.o)
                              CMakeFiles/mcume.dir/vga_t4/VGA_t4.cpp.obj (rand)
c:/progra~2/armgnu~1/1142da~1.3re/bin/../lib/gcc/arm-none-eabi/11.3.1/thumb/v6-m/nofp\libg.a(libc_a-realloc.o)
                              CMakeFiles/mcume.dir/C_/Users/alint/Desktop/eu/uni/_year4/Dizertatie/MCUME/pico-sdk/src/rp2_common/pico_malloc/pico_malloc.c.obj (realloc)
c:/progra~2/armgnu~1/1142da~1.3re/bin/../lib/gcc/arm-none-eabi/11.3.1/thumb/v6-m/nofp\libg.a(libc_a-reallocr.o)
                              c:/progra~2/armgnu~1/1142da~1.3re/bin/../lib/gcc/arm-none-eabi/11.3.1/thumb/v6-m/nofp\libg.a(libc_a-realloc.o) (_realloc_r)
c:/progra~2/armgnu~1/1142da~1.3re/bin/../lib/gcc/arm-none-eabi/11.3.1/thumb/v6-m/nofp\libg.a(libc_a-fflush.o)
                              CMakeFiles/mcume.dir/FatFs_SPI/sd_driver/demo_logging.c.obj (fflush)
c:/progra~2/armgnu~1/1142da~1.3re/bin/../lib/gcc/arm-none-eabi/11.3.1/thumb/v6-m/nofp\libg.a(libc_a-findfp.o)
                              c:/progra~2/armgnu~1/1142da~1.3re/bin/../lib/gcc/arm-none-eabi/11.3.1/thumb/v6-m/nofp\libg.a(libc_a-fflush.o) (__sinit)
c:/progra~2/armgnu~1/1142da~1.3re/bin/../lib/gcc/arm-none-eabi/11.3.1/thumb/v6-m/nofp\libg.a(libc_a-fwalk.o)
                              c:/progra~2/armgnu~1/1142da~1.3re/bin/../lib/gcc/arm-none-eabi/11.3.1/thumb/v6-m/nofp\libg.a(libc_a-fflush.o) (_fwalk_sglue)
c:/progra~2/armgnu~1/1142da~1.3re/bin/../lib/gcc/arm-none-eabi/11.3.1/thumb/v6-m/nofp\libg.a(libc_a-stdio.o)
                              c:/progra~2/armgnu~1/1142da~1.3re/bin/../lib/gcc/arm-none-eabi/11.3.1/thumb/v6-m/nofp\libg.a(libc_a-findfp.o) (__sread)
c:/progra~2/armgnu~1/1142da~1.3re/bin/../lib/gcc/arm-none-eabi/11.3.1/thumb/v6-m/nofp\libg.a(libc_a-memmove.o)
                              c:/progra~2/armgnu~1/1142da~1.3re/bin/../lib/gcc/arm-none-eabi/11.3.1/thumb/v6-m/nofp\libg.a(libc_a-reallocr.o) (memmove)
c:/progra~2/armgnu~1/1142da~1.3re/bin/../lib/gcc/arm-none-eabi/11.3.1/thumb/v6-m/nofp\libg.a(libc_a-strchr.o)
                              CMakeFiles/mcume.dir/FatFs_SPI/src/ff_stdio.c.obj (strchr)
c:/progra~2/armgnu~1/1142da~1.3re/bin/../lib/gcc/arm-none-eabi/11.3.1/thumb/v6-m/nofp\libg.a(libc_a-strncpy.o)
                              CMakeFiles/mcume.dir/FatFs_SPI/src/ff_stdio.c.obj (strncpy)
c:/progra~2/armgnu~1/1142da~1.3re/bin/../lib/gcc/arm-none-eabi/11.3.1/thumb/v6-m/nofp\libg.a(libc_a-mktime.o)
                              CMakeFiles/mcume.dir/FatFs_SPI/src/rtc.c.obj (mktime)
c:/progra~2/armgnu~1/1142da~1.3re/bin/../lib/gcc/arm-none-eabi/11.3.1/thumb/v6-m/nofp\libg.a(libc_a-tzcalc_limits.o)
                              c:/progra~2/armgnu~1/1142da~1.3re/bin/../lib/gcc/arm-none-eabi/11.3.1/thumb/v6-m/nofp\libg.a(libc_a-mktime.o) (__tzcalc_limits)
c:/progra~2/armgnu~1/1142da~1.3re/bin/../lib/gcc/arm-none-eabi/11.3.1/thumb/v6-m/nofp\libg.a(libc_a-tzlock.o)
                              c:/progra~2/armgnu~1/1142da~1.3re/bin/../lib/gcc/arm-none-eabi/11.3.1/thumb/v6-m/nofp\libg.a(libc_a-mktime.o) (__tz_lock)
c:/progra~2/armgnu~1/1142da~1.3re/bin/../lib/gcc/arm-none-eabi/11.3.1/thumb/v6-m/nofp\libg.a(libc_a-tzset.o)
[...]
Memory Configuration

Name             Origin             Length             Attributes
FLASH            0x10000000         0x00200000         xr
RAM              0x20000000         0x00040000         xrw
SCRATCH_X        0x20040000         0x00001000         xrw
SCRATCH_Y        0x20041000         0x00001000         xrw
*default*        0x00000000         0xffffffff

Linker script and memory map

LOAD c:/progra~2/armgnu~1/1142da~1.3re/bin/../lib/gcc/arm-none-eabi/11.3.1/thumb/v6-m/nofp/crti.o
LOAD c:/progra~2/armgnu~1/1142da~1.3re/bin/../lib/gcc/arm-none-eabi/11.3.1/thumb/v6-m/nofp/crtbegin.o
LOAD c:/progra~2/armgnu~1/1142da~1.3re/bin/../lib/gcc/arm-none-eabi/11.3.1/thumb/v6-m/nofp/crt0.o

.flash_begin    0x10000000        0x0
                0x10000000                __flash_binary_start = .

.boot2          0x10000000      0x100
                0x10000000                __boot2_start__ = .
 *(.boot2)
 .boot2         0x10000000      0x100 C:\Users\alint\AppData\Local\Temp\ccOS4Tww.o
                0x10000100                __boot2_end__ = .
                0x00000001                ASSERT (((__boot2_end__ - __boot2_start__) == 0x100), ERROR: Pico second stage bootloader must be 256 bytes in size)

.text           0x10000100     0x48b0
                0x10000100                __logical_binary_start = .
 *(.vectors)
 .vectors       0x10000100       0xd4 CMakeFiles/mcume.dir/C_/Users/alint/Desktop/eu/uni/_year4/Dizertatie/MCUME/pico-sdk/src/rp2_common/pico_standard_link/crt0.S.obj
                0x10000100                __vectors
                0x10000100                __VECTOR_TABLE
                0x100001c0                __default_isrs_start
                0x100001c0                isr_invalid
                0x100001c2                isr_nmi
                0x100001c4                isr_hardfault
                0x100001c6                isr_svcall
                0x100001c8                isr_pendsv
                0x100001ca                isr_systick
                0x100001cc                isr_irq23
                0x100001cc                isr_irq18
                0x100001cc                isr_irq11
                0x100001cc                isr_irq28
                0x100001cc                isr_irq19
                0x100001cc                isr_irq0
                0x100001cc                isr_irq6
                0x100001cc                isr_irq27
                0x100001cc                isr_irq12
                0x100001cc                isr_irq5
                0x100001cc                isr_irq13
                0x100001cc                isr_irq17
                0x100001cc                isr_irq14
                0x100001cc                __unhandled_user_irq
                0x100001cc                isr_irq2
                0x100001cc                isr_irq10
                0x100001cc                isr_irq24
                0x100001cc                isr_irq1
                0x100001cc                isr_irq21
                0x100001cc                isr_irq20
                0x100001cc                isr_irq15
                0x100001cc                isr_irq25
                0x100001cc                isr_irq22
                0x100001cc                isr_irq31
                0x100001cc                isr_irq4
                0x100001cc                isr_irq16
                0x100001cc                isr_irq29
                0x100001cc                isr_irq26
                0x100001cc                __default_isrs_end
                0x100001cc                isr_irq3
                0x100001cc                isr_irq30
                0x100001cc                isr_irq9
                0x100001d2                unhandled_user_irq_num_in_r0
 *(.binary_info_header)
 .binary_info_header
                0x100001d4       0x14 CMakeFiles/mcume.dir/C_/Users/alint/Desktop/eu/uni/_year4/Dizertatie/MCUME/pico-sdk/src/rp2_common/pico_standard_link/crt0.S.obj
                0x100001e8                __binary_info_header_end = .
 *(.reset)
 .reset         0x100001e8       0xa8 CMakeFiles/mcume.dir/C_/Users/alint/Desktop/eu/uni/_year4/Dizertatie/MCUME/pico-sdk/src/rp2_common/pico_standard_link/crt0.S.obj
                0x100001e8                _entry_point
                0x10000266                __get_current_exception
 .reset         0x10000290       0x30 CMakeFiles/mcume.dir/C_/Users/alint/Desktop/eu/uni/_year4/Dizertatie/MCUME/pico-sdk/src/rp2_common/pico_standard_link/binary_info.c.obj
 *(.init)
 .init          0x100002c0        0x4 c:/progra~2/armgnu~1/1142da~1.3re/bin/../lib/gcc/arm-none-eabi/11.3.1/thumb/v6-m/nofp/crti.o
                0x100002c0                _init
 *(EXCLUDE_FILE(*libm.a: *libc.a:*lib_a-mem*.o *libgcc.a:) .text*)
 .text.register_tm_clones
                0x100002c4       0x28 c:/progra~2/armgnu~1/1142da~1.3re/bin/../lib/gcc/arm-none-eabi/11.3.1/thumb/v6-m/nofp/crtbegin.o
 .text.frame_dummy
                0x100002ec       0x24 c:/progra~2/armgnu~1/1142da~1.3re/bin/../lib/gcc/arm-none-eabi/11.3.1/thumb/v6-m/nofp/crtbegin.o
 .text.startup.main
                0x10000310       0xc0 CMakeFiles/mcume.dir/picocpc/hello.c.obj
                0x10000310                main
 .text.lock_init
                0x100003d0       0x10 CMakeFiles/mcume.dir/C_/Users/alint/Desktop/eu/uni/_year4/Dizertatie/MCUME/pico-sdk/src/common/pico_sync/lock_core.c.obj
                0x100003d0                lock_init
 .text.spin_locks_reset
                0x100003e0       0x1c CMakeFiles/mcume.dir/C_/Users/alint/Desktop/eu/uni/_year4/Dizertatie/MCUME/pico-sdk/src/rp2_common/hardware_sync/sync.c.obj
                0x100003e0                spin_locks_reset
 .text.next_striped_spin_lock_num
                0x100003fc       0x18 CMakeFiles/mcume.dir/C_/Users/alint/Desktop/eu/uni/_year4/Dizertatie/MCUME/pico-sdk/src/rp2_common/hardware_sync/sync.c.obj
                0x100003fc                next_striped_spin_lock_num
 .text.hw_claim_lock
                0x10000414       0x18 CMakeFiles/mcume.dir/C_/Users/alint/Desktop/eu/uni/_year4/Dizertatie/MCUME/pico-sdk/src/rp2_common/hardware_claim/claim.c.obj
                0x10000414                hw_claim_lock
 .text.hw_claim_unlock
                0x1000042c       0x14 CMakeFiles/mcume.dir/C_/Users/alint/Desktop/eu/uni/_year4/Dizertatie/MCUME/pico-sdk/src/rp2_common/hardware_claim/claim.c.obj
                0x1000042c                hw_claim_unlock
 .text.hw_claim_or_assert
                0x10000440       0x44 CMakeFiles/mcume.dir/C_/Users/alint/Desktop/eu/uni/_year4/Dizertatie/MCUME/pico-sdk/src/rp2_common/hardware_claim/claim.c.obj
                0x10000440                hw_claim_or_assert
 .text.hw_claim_unused_from_range
                0x10000484       0x9c CMakeFiles/mcume.dir/C_/Users/alint/Desktop/eu/uni/_year4/Dizertatie/MCUME/pico-sdk/src/rp2_common/hardware_claim/claim.c.obj
                0x10000484                hw_claim_unused_from_range
 .text.running_on_fpga
                0x10000520       0x10 CMakeFiles/mcume.dir/C_/Users/alint/Desktop/eu/uni/_year4/Dizertatie/MCUME/pico-sdk/src/rp2_common/pico_platform/platform.c.obj
                0x10000520                running_on_fpga
 .text.sleep_until_callback
                0x10000530       0x30 CMakeFiles/mcume.dir/C_/Users/alint/Desktop/eu/uni/_year4/Dizertatie/MCUME/pico-sdk/src/common/pico_time/time.c.obj
 .text.get_entry.part.0
                0x10000560       0x1c CMakeFiles/mcume.dir/C_/Users/alint/Desktop/eu/uni/_year4/Dizertatie/MCUME/pico-sdk/src/common/pico_time/time.c.obj
 .text.timer_pool_entry_comparator
                0x1000057c       0x50 CMakeFiles/mcume.dir/C_/Users/alint/Desktop/eu/uni/_year4/Dizertatie/MCUME/pico-sdk/src/common/pico_time/time.c.obj
                0x1000057c                timer_pool_entry_comparator
 .text.update_us_since_boot.part.0
                0x100005cc       0x1c CMakeFiles/mcume.dir/C_/Users/alint/Desktop/eu/uni/_year4/Dizertatie/MCUME/pico-sdk/src/common/pico_time/time.c.obj
 .text.ph_get_node.part.0
                0x100005e8       0x1c CMakeFiles/mcume.dir/C_/Users/alint/Desktop/eu/uni/_year4/Dizertatie/MCUME/pico-sdk/src/common/pico_time/time.c.obj
 .text.ph_add_child_node
                0x10000604       0x68 CMakeFiles/mcume.dir/C_/Users/alint/Desktop/eu/uni/_year4/Dizertatie/MCUME/pico-sdk/src/common/pico_time/time.c.obj
 .text.alarm_pool_get_default.part.0
                0x1000066c       0x1c CMakeFiles/mcume.dir/C_/Users/alint/Desktop/eu/uni/_year4/Dizertatie/MCUME/pico-sdk/src/common/pico_time/time.c.obj
 .text.add_alarm_under_lock.isra.0
                0x10000688      0x10c CMakeFiles/mcume.dir/C_/Users/alint/Desktop/eu/uni/_year4/Dizertatie/MCUME/pico-sdk/src/common/pico_time/time.c.obj
 .text.alarm_pool_add_alarm_at.constprop.0
                0x10000794      0x130 CMakeFiles/mcume.dir/C_/Users/alint/Desktop/eu/uni/_year4/Dizertatie/MCUME/pico-sdk/src/common/pico_time/time.c.obj
 .text.alarm_pool_alarm_callback
                0x100008c4      0x2ac CMakeFiles/mcume.dir/C_/Users/alint/Desktop/eu/uni/_year4/Dizertatie/MCUME/pico-sdk/src/common/pico_time/time.c.obj
 .text.alarm_pool_init_default
                0x10000b70       0x64 CMakeFiles/mcume.dir/C_/Users/alint/Desktop/eu/uni/_year4/Dizertatie/MCUME/pico-sdk/src/common/pico_time/time.c.obj
                0x10000b70                alarm_pool_init_default
 .text.sleep_until
                0x10000bd4       0xcc CMakeFiles/mcume.dir/C_/Users/alint/Desktop/eu/uni/_year4/Dizertatie/MCUME/pico-sdk/src/common/pico_time/time.c.obj
                0x10000bd4                sleep_until
 .text.sleep_ms
                0x10000ca0       0x3c CMakeFiles/mcume.dir/C_/Users/alint/Desktop/eu/uni/_year4/Dizertatie/MCUME/pico-sdk/src/common/pico_time/time.c.obj
                0x10000ca0                sleep_ms
 .text.hardware_alarm_irq_handler
                0x10000cdc       0xb8 CMakeFiles/mcume.dir/C_/Users/alint/Desktop/eu/uni/_year4/Dizertatie/MCUME/pico-sdk/src/rp2_common/hardware_timer/timer.c.obj
 .text.hardware_alarm_claim
                0x10000d94       0x18 CMakeFiles/mcume.dir/C_/Users/alint/Desktop/eu/uni/_year4/Dizertatie/MCUME/pico-sdk/src/rp2_common/hardware_timer/timer.c.obj
                0x10000d94                hardware_alarm_claim
 .text.time_us_64
                0x10000dac       0x14 CMakeFiles/mcume.dir/C_/Users/alint/Desktop/eu/uni/_year4/Dizertatie/MCUME/pico-sdk/src/rp2_common/hardware_timer/timer.c.obj
                0x10000dac                time_us_64
 .text.busy_wait_until
                0x10000dc0       0x20 CMakeFiles/mcume.dir/C_/Users/alint/Desktop/eu/uni/_year4/Dizertatie/MCUME/pico-sdk/src/rp2_common/hardware_timer/timer.c.obj
                0x10000dc0                busy_wait_until
 .text.hardware_alarm_set_callback
                0x10000de0       0x8c CMakeFiles/mcume.dir/C_/Users/alint/Desktop/eu/uni/_year4/Dizertatie/MCUME/pico-sdk/src/rp2_common/hardware_timer/timer.c.obj
                0x10000de0                hardware_alarm_set_callback
 .text.hardware_alarm_set_target
                0x10000e6c       0xf0 CMakeFiles/mcume.dir/C_/Users/alint/Desktop/eu/uni/_year4/Dizertatie/MCUME/pico-sdk/src/rp2_common/hardware_timer/timer.c.obj
                0x10000e6c                hardware_alarm_set_target
 .text.hardware_alarm_cancel
                0x10000f5c       0x3c CMakeFiles/mcume.dir/C_/Users/alint/Desktop/eu/uni/_year4/Dizertatie/MCUME/pico-sdk/src/rp2_common/hardware_timer/timer.c.obj
                0x10000f5c                hardware_alarm_cancel
 .text.ph_get_node.part.0
                0x10000f98       0x1c CMakeFiles/mcume.dir/C_/Users/alint/Desktop/eu/uni/_year4/Dizertatie/MCUME/pico-sdk/src/common/pico_util/pheap.c.obj
 .text.ph_add_child_node
                0x10000fb4       0x68 CMakeFiles/mcume.dir/C_/Users/alint/Desktop/eu/uni/_year4/Dizertatie/MCUME/pico-sdk/src/common/pico_util/pheap.c.obj
 .text.ph_post_alloc_init
                0x1000101c       0x48 CMakeFiles/mcume.dir/C_/Users/alint/Desktop/eu/uni/_year4/Dizertatie/MCUME/pico-sdk/src/common/pico_util/pheap.c.obj
                0x1000101c                ph_post_alloc_init
 .text.ph_merge_two_pass
                0x10001064       0x94 CMakeFiles/mcume.dir/C_/Users/alint/Desktop/eu/uni/_year4/Dizertatie/MCUME/pico-sdk/src/common/pico_util/pheap.c.obj
                0x10001064                ph_merge_two_pass
 .text.ph_remove_any_head
                0x100010f8      0x17c CMakeFiles/mcume.dir/C_/Users/alint/Desktop/eu/uni/_year4/Dizertatie/MCUME/pico-sdk/src/common/pico_util/pheap.c.obj
 .text.ph_remove_head
                0x10001274      0x17c CMakeFiles/mcume.dir/C_/Users/alint/Desktop/eu/uni/_year4/Dizertatie/MCUME/pico-sdk/src/common/pico_util/pheap.c.obj
                0x10001274                ph_remove_head
 .text.ph_remove_and_free_node
                0x100013f0      0x124 CMakeFiles/mcume.dir/C_/Users/alint/Desktop/eu/uni/_year4/Dizertatie/MCUME/pico-sdk/src/common/pico_util/pheap.c.obj
                0x100013f0                ph_remove_and_free_node
 .text.mutex_init
                0x10001514       0x1c CMakeFiles/mcume.dir/C_/Users/alint/Desktop/eu/uni/_year4/Dizertatie/MCUME/pico-sdk/src/common/pico_sync/mutex.c.obj
                0x10001514                mutex_init
 .text.recursive_mutex_init
                0x10001530       0x1c CMakeFiles/mcume.dir/C_/Users/alint/Desktop/eu/uni/_year4/Dizertatie/MCUME/pico-sdk/src/common/pico_sync/mutex.c.obj
                0x10001530                recursive_mutex_init
 .text.resolve_branch.part.0
                0x1000154c       0x1c CMakeFiles/mcume.dir/C_/Users/alint/Desktop/eu/uni/_year4/Dizertatie/MCUME/pico-sdk/src/rp2_common/hardware_irq/irq.c.obj
 .text.make_branch.part.0
                0x10001568       0x1c CMakeFiles/mcume.dir/C_/Users/alint/Desktop/eu/uni/_year4/Dizertatie/MCUME/pico-sdk/src/rp2_common/hardware_irq/irq.c.obj
 .text.irq_set_enabled
                0x10001584       0x24 CMakeFiles/mcume.dir/C_/Users/alint/Desktop/eu/uni/_year4/Dizertatie/MCUME/pico-sdk/src/rp2_common/hardware_irq/irq.c.obj
                0x10001584                irq_set_enabled
 .text.irq_get_vtable_handler
                0x100015a8       0x10 CMakeFiles/mcume.dir/C_/Users/alint/Desktop/eu/uni/_year4/Dizertatie/MCUME/pico-sdk/src/rp2_common/hardware_irq/irq.c.obj
                0x100015a8                irq_get_vtable_handler
 .text.irq_set_exclusive_handler
                0x100015b8       0x68 CMakeFiles/mcume.dir/C_/Users/alint/Desktop/eu/uni/_year4/Dizertatie/MCUME/pico-sdk/src/rp2_common/hardware_irq/irq.c.obj
                0x100015b8                irq_set_exclusive_handler
 .text.irq_remove_handler
                0x10001620      0x214 CMakeFiles/mcume.dir/C_/Users/alint/Desktop/eu/uni/_year4/Dizertatie/MCUME/pico-sdk/src/rp2_common/hardware_irq/irq.c.obj
                0x10001620                irq_remove_handler
 .text.irq_add_tail_to_free_list
                0x10001834       0xfc CMakeFiles/mcume.dir/C_/Users/alint/Desktop/eu/uni/_year4/Dizertatie/MCUME/pico-sdk/src/rp2_common/hardware_irq/irq.c.obj
                0x10001834                irq_add_tail_to_free_list
 .text.irq_init_priorities
                0x10001930       0x24 CMakeFiles/mcume.dir/C_/Users/alint/Desktop/eu/uni/_year4/Dizertatie/MCUME/pico-sdk/src/rp2_common/hardware_irq/irq.c.obj
                0x10001930                irq_init_priorities
 .text.gpio_set_function
                0x10001954       0x30 CMakeFiles/mcume.dir/C_/Users/alint/Desktop/eu/uni/_year4/Dizertatie/MCUME/pico-sdk/src/rp2_common/hardware_gpio/gpio.c.obj
                0x10001954                gpio_set_function
 .text.exit     0x10001984        0x4 CMakeFiles/mcume.dir/C_/Users/alint/Desktop/eu/uni/_year4/Dizertatie/MCUME/pico-sdk/src/rp2_common/pico_runtime/runtime.c.obj
                0x10001984                exit
 .text.__assert_func
                0x10001988       0x34 CMakeFiles/mcume.dir/C_/Users/alint/Desktop/eu/uni/_year4/Dizertatie/MCUME/pico-sdk/src/rp2_common/pico_runtime/runtime.c.obj
                0x10001988                __assert_func
 .text.runtime_init
                0x100019bc      0x118 CMakeFiles/mcume.dir/C_/Users/alint/Desktop/eu/uni/_year4/Dizertatie/MCUME/pico-sdk/src/rp2_common/pico_runtime/runtime.c.obj
                0x100019bc                runtime_init
 .text.panic    0x10001ad4       0x30 CMakeFiles/mcume.dir/C_/Users/alint/Desktop/eu/uni/_year4/Dizertatie/MCUME/pico-sdk/src/rp2_common/pico_runtime/runtime.c.obj
                0x10001ad4                panic
 .text.clocks_init
                0x10001b04      0x2b0 CMakeFiles/mcume.dir/C_/Users/alint/Desktop/eu/uni/_year4/Dizertatie/MCUME/pico-sdk/src/rp2_common/hardware_clocks/clocks.c.obj
                0x10001b04                clocks_init
 .text.pll_init
                0x10001db4      0x120 CMakeFiles/mcume.dir/C_/Users/alint/Desktop/eu/uni/_year4/Dizertatie/MCUME/pico-sdk/src/rp2_common/hardware_pll/pll.c.obj
                0x10001db4                pll_init
 .text.watchdog_start_tick
                0x10001ed4       0x10 CMakeFiles/mcume.dir/C_/Users/alint/Desktop/eu/uni/_year4/Dizertatie/MCUME/pico-sdk/src/rp2_common/hardware_watchdog/watchdog.c.obj
                0x10001ed4                watchdog_start_tick
 .text.xosc_init
                0x10001ee4       0x28 CMakeFiles/mcume.dir/C_/Users/alint/Desktop/eu/uni/_year4/Dizertatie/MCUME/pico-sdk/src/rp2_common/hardware_xosc/xosc.c.obj
                0x10001ee4                xosc_init
 .text._out_null
                0x10001f0c        0x4 CMakeFiles/mcume.dir/C_/Users/alint/Desktop/eu/uni/_year4/Dizertatie/MCUME/pico-sdk/src/rp2_common/pico_printf/printf.c.obj
 .text._out_rev
                0x10001f10       0x90 CMakeFiles/mcume.dir/C_/Users/alint/Desktop/eu/uni/_year4/Dizertatie/MCUME/pico-sdk/src/rp2_common/pico_printf/printf.c.obj
 .text._ntoa_format
                0x10001fa0      0x1cc CMakeFiles/mcume.dir/C_/Users/alint/Desktop/eu/uni/_year4/Dizertatie/MCUME/pico-sdk/src/rp2_common/pico_printf/printf.c.obj
 .text._out_fct
                0x1000216c       0x10 CMakeFiles/mcume.dir/C_/Users/alint/Desktop/eu/uni/_year4/Dizertatie/MCUME/pico-sdk/src/rp2_common/pico_printf/printf.c.obj
 .text._etoa    0x1000217c      0x44c CMakeFiles/mcume.dir/C_/Users/alint/Desktop/eu/uni/_year4/Dizertatie/MCUME/pico-sdk/src/rp2_common/pico_printf/printf.c.obj
 .text._ftoa    0x100025c8      0x3d0 CMakeFiles/mcume.dir/C_/Users/alint/Desktop/eu/uni/_year4/Dizertatie/MCUME/pico-sdk/src/rp2_common/pico_printf/printf.c.obj
 .text._vsnprintf
                0x10002998      0xab0 CMakeFiles/mcume.dir/C_/Users/alint/Desktop/eu/uni/_year4/Dizertatie/MCUME/pico-sdk/src/rp2_common/pico_printf/printf.c.obj
 .text.vfctprintf
                0x10003448       0x20 CMakeFiles/mcume.dir/C_/Users/alint/Desktop/eu/uni/_year4/Dizertatie/MCUME/pico-sdk/src/rp2_common/pico_printf/printf.c.obj
                0x10003448                vfctprintf
 .text          0x10003468       0x10 CMakeFiles/mcume.dir/C_/Users/alint/Desktop/eu/uni/_year4/Dizertatie/MCUME/pico-sdk/src/rp2_common/pico_bit_ops/bit_ops_aeabi.S.obj
 .text.rom_func_lookup
                0x10003478       0x10 CMakeFiles/mcume.dir/C_/Users/alint/Desktop/eu/uni/_year4/Dizertatie/MCUME/pico-sdk/src/rp2_common/pico_bootrom/bootrom.c.obj
                0x10003478                rom_func_lookup
 .text.rom_data_lookup
                0x10003488       0x10 CMakeFiles/mcume.dir/C_/Users/alint/Desktop/eu/uni/_year4/Dizertatie/MCUME/pico-sdk/src/rp2_common/pico_bootrom/bootrom.c.obj
                0x10003488                rom_data_lookup
 .text.rom_funcs_lookup
                0x10003498       0x44 CMakeFiles/mcume.dir/C_/Users/alint/Desktop/eu/uni/_year4/Dizertatie/MCUME/pico-sdk/src/rp2_common/pico_bootrom/bootrom.c.obj
                0x10003498                rom_funcs_lookup
 .text.__wrap___aeabi_idiv
                0x100034dc       0x50 CMakeFiles/mcume.dir/C_/Users/alint/Desktop/eu/uni/_year4/Dizertatie/MCUME/pico-sdk/src/rp2_common/pico_divider/divider.S.obj
                0x100034dc                __wrap___aeabi_idivmod
                0x100034dc                divmod_s32s32
                0x100034dc                div_s32s32
                0x100034dc                __wrap___aeabi_idiv
                0x100034e4                divmod_s32s32_unsafe
                0x10003510                divmod_s32s32_savestate
 .text.__wrap___aeabi_uidiv
                0x1000352c       0x4c CMakeFiles/mcume.dir/C_/Users/alint/Desktop/eu/uni/_year4/Dizertatie/MCUME/pico-sdk/src/rp2_common/pico_divider/divider.S.obj
                0x1000352c                __wrap___aeabi_uidiv
                0x1000352c                __wrap___aeabi_uidivmod
                0x1000352c                div_u32u32
                0x1000352c                divmod_u32u32
                0x10003534                divmod_u32u32_unsafe
                0x1000355c                divmod_u32u32_savestate
 .text.__wrap___aeabi_ldiv
                0x10003578      0x434 CMakeFiles/mcume.dir/C_/Users/alint/Desktop/eu/uni/_year4/Dizertatie/MCUME/pico-sdk/src/rp2_common/pico_divider/divider.S.obj
                0x10003578                div_s64s64
                0x10003578                divmod_s64s64
                0x10003578                __wrap___aeabi_ldivmod
                0x100035b0                divmod_u64u64
                0x100035b0                div_u64u64
                0x100035b0                __wrap___aeabi_uldivmod
                0x100035c0                divmod_u64u64_savestate
                0x100035e8                divmod_s64s64_unsafe
                0x10003670                divmod_u64u64_unsafe
 .text.__wrap___aeabi_darithmetic
                0x100039ac       0x80 CMakeFiles/mcume.dir/C_/Users/alint/Desktop/eu/uni/_year4/Dizertatie/MCUME/pico-sdk/src/rp2_common/pico_double/double_aeabi.S.obj
                0x100039ac                __wrap___aeabi_drsub
                0x100039b2                __wrap___aeabi_dsub
                0x100039c4                __wrap___aeabi_dadd
                0x100039d6                __wrap___aeabi_ddiv
                0x10003a12                __wrap___aeabi_dmul
 .text.__wrap___aeabi_cdcmple
                0x10003a2c       0x6c CMakeFiles/mcume.dir/C_/Users/alint/Desktop/eu/uni/_year4/Dizertatie/MCUME/pico-sdk/src/rp2_common/pico_double/double_aeabi.S.obj
                0x10003a2c                __wrap___aeabi_cdrcmple
                0x10003a3c                __wrap___aeabi_cdcmpeq
                0x10003a3c                __wrap___aeabi_cdcmple
 .text.__wrap___aeabi_dcmplt
                0x10003a98        0xc CMakeFiles/mcume.dir/C_/Users/alint/Desktop/eu/uni/_year4/Dizertatie/MCUME/pico-sdk/src/rp2_common/pico_double/double_aeabi.S.obj
                0x10003a98                __wrap___aeabi_dcmplt
 .text.__wrap___aeabi_dcmple
                0x10003aa4       0x10 CMakeFiles/mcume.dir/C_/Users/alint/Desktop/eu/uni/_year4/Dizertatie/MCUME/pico-sdk/src/rp2_common/pico_double/double_aeabi.S.obj
                0x10003aa4                __wrap___aeabi_dcmple
 .text.__wrap___aeabi_dcmpge
                0x10003ab4       0x10 CMakeFiles/mcume.dir/C_/Users/alint/Desktop/eu/uni/_year4/Dizertatie/MCUME/pico-sdk/src/rp2_common/pico_double/double_aeabi.S.obj
                0x10003ab4                __wrap___aeabi_dcmpge
 .text.__wrap___aeabi_dcmpgt
                0x10003ac4        0xa CMakeFiles/mcume.dir/C_/Users/alint/Desktop/eu/uni/_year4/Dizertatie/MCUME/pico-sdk/src/rp2_common/pico_double/double_aeabi.S.obj
                0x10003ac4                __wrap___aeabi_dcmpgt
 .text.__wrap___aeabi_dcmpun
                0x10003ace       0x1c CMakeFiles/mcume.dir/C_/Users/alint/Desktop/eu/uni/_year4/Dizertatie/MCUME/pico-sdk/src/rp2_common/pico_double/double_aeabi.S.obj
                0x10003ace                __wrap___aeabi_dcmpun
 *fill*         0x10003aea        0x2 
 .text.__wrap___aeabi_i2d
                0x10003aec       0x38 CMakeFiles/mcume.dir/C_/Users/alint/Desktop/eu/uni/_year4/Dizertatie/MCUME/pico-sdk/src/rp2_common/pico_double/double_aeabi.S.obj
                0x10003aec                __wrap___aeabi_ui2d
                0x10003af4                __wrap___aeabi_i2d
 .text.__wrap___aeabi_d2iz
                0x10003b24       0x48 CMakeFiles/mcume.dir/C_/Users/alint/Desktop/eu/uni/_year4/Dizertatie/MCUME/pico-sdk/src/rp2_common/pico_double/double_aeabi.S.obj
                0x10003b24                double2int_z
                0x10003b24                __wrap___aeabi_d2iz
 .text.__wrap___aeabi_d2uiz
                0x10003b6c       0x18 CMakeFiles/mcume.dir/C_/Users/alint/Desktop/eu/uni/_year4/Dizertatie/MCUME/pico-sdk/src/rp2_common/pico_double/double_aeabi.S.obj
                0x10003b6c                __wrap___aeabi_d2uiz
                0x10003b6c                double2uint
 .text.__aeabi_double_init
                0x10003b84       0xfc CMakeFiles/mcume.dir/C_/Users/alint/Desktop/eu/uni/_year4/Dizertatie/MCUME/pico-sdk/src/rp2_common/pico_double/double_init_rom.c.obj
                0x10003b84                __aeabi_double_init
 .text.double_table_shim_on_use_helper
                0x10003c80       0x34 CMakeFiles/mcume.dir/C_/Users/alint/Desktop/eu/uni/_year4/Dizertatie/MCUME/pico-sdk/src/rp2_common/pico_double/double_v1_rom_shim.S.obj
                0x10003c80                double_table_shim_on_use_helper
 .text.__wrap___aeabi_dsub
                0x10003cb4       0x10 CMakeFiles/mcume.dir/C_/Users/alint/Desktop/eu/uni/_year4/Dizertatie/MCUME/pico-sdk/src/rp2_common/pico_double/double_v1_rom_shim.S.obj
                0x10003cb4                drsub_shim
                0x10003cba                dsub_shim
 .text.dadd_shim
                0x10003cc4      0x15c CMakeFiles/mcume.dir/C_/Users/alint/Desktop/eu/uni/_year4/Dizertatie/MCUME/pico-sdk/src/rp2_common/pico_double/double_v1_rom_shim.S.obj
                0x10003cc4                dadd_shim
 .text.dmul_shim
                0x10003e20      0x15c CMakeFiles/mcume.dir/C_/Users/alint/Desktop/eu/uni/_year4/Dizertatie/MCUME/pico-sdk/src/rp2_common/pico_double/double_v1_rom_shim.S.obj
                0x10003e20                dmul_shim
 .text.ddiv_shim
                0x10003f7c      0x1b0 CMakeFiles/mcume.dir/C_/Users/alint/Desktop/eu/uni/_year4/Dizertatie/MCUME/pico-sdk/src/rp2_common/pico_double/double_v1_rom_shim.S.obj
                0x10003f7c                ddiv_shim
 .text.double2uint_shim
                0x1000412c        0xe CMakeFiles/mcume.dir/C_/Users/alint/Desktop/eu/uni/_year4/Dizertatie/MCUME/pico-sdk/src/rp2_common/pico_double/double_v1_rom_shim.S.obj
                0x1000412c                double2uint_shim
                0x1000412e                double2ufix_shim
 *fill*         0x1000413a        0x2 
 .text.double2uint64_shim
                0x1000413c       0x70 CMakeFiles/mcume.dir/C_/Users/alint/Desktop/eu/uni/_year4/Dizertatie/MCUME/pico-sdk/src/rp2_common/pico_double/double_v1_rom_shim.S.obj
                0x1000413c                double2uint64_shim
                0x1000413e                double2ufix64_shim
                0x1000415e                d2fix_a
 .text.dunpacks
                0x100041ac       0x3c CMakeFiles/mcume.dir/C_/Users/alint/Desktop/eu/uni/_year4/Dizertatie/MCUME/pico-sdk/src/rp2_common/pico_double/double_v1_rom_shim.S.obj
                0x100041ac                dunpacks
 .text.__aeabi_lmul
                0x100041e8       0x32 CMakeFiles/mcume.dir/C_/Users/alint/Desktop/eu/uni/_year4/Dizertatie/MCUME/pico-sdk/src/rp2_common/pico_int64_ops/pico_int64_ops_aeabi.S.obj
                0x100041e8                __wrap___aeabi_lmul
 *fill*         0x1000421a        0x2 
 .text.__aeabi_float_init
                0x1000421c       0xf8 CMakeFiles/mcume.dir/C_/Users/alint/Desktop/eu/uni/_year4/Dizertatie/MCUME/pico-sdk/src/rp2_common/pico_float/float_init_rom.c.obj
                0x1000421c                __aeabi_float_init
 .text.float_table_shim_on_use_helper
                0x10004314       0x34 CMakeFiles/mcume.dir/C_/Users/alint/Desktop/eu/uni/_year4/Dizertatie/MCUME/pico-sdk/src/rp2_common/pico_float/float_v1_rom_shim.S.obj
                0x10004314                float_table_shim_on_use_helper
 .text          0x10004348       0x10 CMakeFiles/mcume.dir/C_/Users/alint/Desktop/eu/uni/_year4/Dizertatie/MCUME/pico-sdk/src/rp2_common/pico_mem_ops/mem_ops_aeabi.S.obj
                0x10004348                __aeabi_mem_init
 .text.memset   0x10004358        0xc CMakeFiles/mcume.dir/C_/Users/alint/Desktop/eu/uni/_year4/Dizertatie/MCUME/pico-sdk/src/rp2_common/pico_mem_ops/mem_ops_aeabi.S.obj
                0x10004358                __wrap_memset
 .text.memcpy   0x10004364        0xc CMakeFiles/mcume.dir/C_/Users/alint/Desktop/eu/uni/_year4/Dizertatie/MCUME/pico-sdk/src/rp2_common/pico_mem_ops/mem_ops_aeabi.S.obj
                0x10004364                __wrap_memcpy
                0x10004364                __wrap___aeabi_memcpy
 .text.stdio_out_chars_no_crlf
                0x10004370       0x10 CMakeFiles/mcume.dir/C_/Users/alint/Desktop/eu/uni/_year4/Dizertatie/MCUME/pico-sdk/src/rp2_common/pico_stdio/stdio.c.obj
 .text.stdio_out_chars_crlf
                0x10004380       0xb4 CMakeFiles/mcume.dir/C_/Users/alint/Desktop/eu/uni/_year4/Dizertatie/MCUME/pico-sdk/src/rp2_common/pico_stdio/stdio.c.obj
 .text.stdio_buffered_printer
                0x10004434       0x64 CMakeFiles/mcume.dir/C_/Users/alint/Desktop/eu/uni/_year4/Dizertatie/MCUME/pico-sdk/src/rp2_common/pico_stdio/stdio.c.obj
 .text.stdio_put_string.isra.0
                0x10004498       0xfc CMakeFiles/mcume.dir/C_/Users/alint/Desktop/eu/uni/_year4/Dizertatie/MCUME/pico-sdk/src/rp2_common/pico_stdio/stdio.c.obj
 .text.__wrap_puts
                0x10004594       0x3c CMakeFiles/mcume.dir/C_/Users/alint/Desktop/eu/uni/_year4/Dizertatie/MCUME/pico-sdk/src/rp2_common/pico_stdio/stdio.c.obj
                0x10004594                __wrap_puts
 .text.__wrap_vprintf
                0x100045d0       0xd4 CMakeFiles/mcume.dir/C_/Users/alint/Desktop/eu/uni/_year4/Dizertatie/MCUME/pico-sdk/src/rp2_common/pico_stdio/stdio.c.obj
                0x100045d0                __wrap_vprintf
 .text.__wrap_printf
                0x100046a4       0x18 CMakeFiles/mcume.dir/C_/Users/alint/Desktop/eu/uni/_year4/Dizertatie/MCUME/pico-sdk/src/rp2_common/pico_stdio/stdio.c.obj
                0x100046a4                __wrap_printf
 .text.pio_claim_unused_sm
                0x100046bc       0x3c CMakeFiles/mcume.dir/C_/Users/alint/Desktop/eu/uni/_year4/Dizertatie/MCUME/pico-sdk/src/rp2_common/hardware_pio/pio.c.obj
                0x100046bc                pio_claim_unused_sm
 .text.pio_add_program
                0x100046f8       0xe4 CMakeFiles/mcume.dir/C_/Users/alint/Desktop/eu/uni/_year4/Dizertatie/MCUME/pico-sdk/src/rp2_common/hardware_pio/pio.c.obj
                0x100046f8                pio_add_program
 .text.pio_sm_set_consecutive_pindirs
                0x100047dc       0x84 CMakeFiles/mcume.dir/C_/Users/alint/Desktop/eu/uni/_year4/Dizertatie/MCUME/pico-sdk/src/rp2_common/hardware_pio/pio.c.obj
                0x100047dc                pio_sm_set_consecutive_pindirs
 .text.pio_sm_init
                0x10004860       0x9c CMakeFiles/mcume.dir/C_/Users/alint/Desktop/eu/uni/_year4/Dizertatie/MCUME/pico-sdk/src/rp2_common/hardware_pio/pio.c.obj
                0x10004860                pio_sm_init
 .text.strlen   0x100048fc       0x5c c:/progra~2/armgnu~1/1142da~1.3re/bin/../lib/gcc/arm-none-eabi/11.3.1/thumb/v6-m/nofp\libg.a(libc_a-strlen-stub.o)
                0x100048fc                strlen
 *(.fini)
 .fini          0x10004958        0x4 c:/progra~2/armgnu~1/1142da~1.3re/bin/../lib/gcc/arm-none-eabi/11.3.1/thumb/v6-m/nofp/crti.o
                0x10004958                _fini
 *fill*         0x1000495c        0x4 
 .fini.__stub   0x10004960       0x50 linker stubs
 *crtbegin.o(.ctors)
 *crtbegin?.o(.ctors)
 *(EXCLUDE_FILE(*crtend.o *crtend?.o) .ctors)
 *(SORT_BY_NAME(.ctors.*))
 *(.ctors)
 *crtbegin.o(.dtors)
 *crtbegin?.o(.dtors)
 *(EXCLUDE_FILE(*crtend.o *crtend?.o) .dtors)
 *(SORT_BY_NAME(.dtors.*))
 *(.dtors)
 *(.eh_frame*)
 .eh_frame      0x100049b0        0x0 c:/progra~2/armgnu~1/1142da~1.3re/bin/../lib/gcc/arm-none-eabi/11.3.1/thumb/v6-m/nofp/crtbegin.o
                0x100049b0                . = ALIGN (0x4)

.glue_7         0x100049b0        0x0
 .glue_7        0x100049b0        0x0 linker stubs

.glue_7t        0x100049b0        0x0
 .glue_7t       0x100049b0        0x0 linker stubs

.vfp11_veneer   0x100049b0        0x0
 .vfp11_veneer  0x100049b0        0x0 linker stubs

.v4_bx          0x100049b0        0x0
 .v4_bx         0x100049b0        0x0 linker stubs

.iplt           0x100049b0        0x0
 .iplt          0x100049b0        0x0 c:/progra~2/armgnu~1/1142da~1.3re/bin/../lib/gcc/arm-none-eabi/11.3.1/thumb/v6-m/nofp/crtbegin.o

.rodata         0x100049b0      0xf40
 *(EXCLUDE_FILE(*libm.a: *libc.a:*lib_a-mem*.o *libgcc.a:) .rodata*)
 .rodata.hello_program
                0x100049b0        0x6 CMakeFiles/mcume.dir/picocpc/hello.c.obj
 *fill*         0x100049b6        0x2 
 .rodata.hello_program_instructions
                0x100049b8        0x6 CMakeFiles/mcume.dir/picocpc/hello.c.obj
 *fill*         0x100049be        0x2 
 .rodata.get_entry.part.0.str1.4
                0x100049c0       0x7f CMakeFiles/mcume.dir/C_/Users/alint/Desktop/eu/uni/_year4/Dizertatie/MCUME/pico-sdk/src/common/pico_time/time.c.obj
 *fill*         0x10004a3f        0x1 
 .rodata.update_us_since_boot.part.0.str1.4
                0x10004a40       0x85 CMakeFiles/mcume.dir/C_/Users/alint/Desktop/eu/uni/_year4/Dizertatie/MCUME/pico-sdk/src/common/pico_time/time.c.obj
 *fill*         0x10004ac5        0x3 
 .rodata.ph_get_node.part.0.str1.4
                0x10004ac8       0x8a CMakeFiles/mcume.dir/C_/Users/alint/Desktop/eu/uni/_year4/Dizertatie/MCUME/pico-sdk/src/common/pico_time/time.c.obj
 *fill*         0x10004b52        0x2 
 .rodata.ph_add_child_node.str1.4
                0x10004b54       0x22 CMakeFiles/mcume.dir/C_/Users/alint/Desktop/eu/uni/_year4/Dizertatie/MCUME/pico-sdk/src/common/pico_time/time.c.obj
 *fill*         0x10004b76        0x2 
 .rodata.alarm_pool_get_default.part.0.str1.4
                0x10004b78       0x21 CMakeFiles/mcume.dir/C_/Users/alint/Desktop/eu/uni/_year4/Dizertatie/MCUME/pico-sdk/src/common/pico_time/time.c.obj
 *fill*         0x10004b99        0x3 
 .rodata.add_alarm_under_lock.isra.0.str1.4
                0x10004b9c       0x28 CMakeFiles/mcume.dir/C_/Users/alint/Desktop/eu/uni/_year4/Dizertatie/MCUME/pico-sdk/src/common/pico_time/time.c.obj
 .rodata.alarm_pool_alarm_callback.str1.4
                0x10004bc4       0x82 CMakeFiles/mcume.dir/C_/Users/alint/Desktop/eu/uni/_year4/Dizertatie/MCUME/pico-sdk/src/common/pico_time/time.c.obj
 *fill*         0x10004c46        0x2 
 .rodata.sleep_until.str1.4
                0x10004c48       0x4d CMakeFiles/mcume.dir/C_/Users/alint/Desktop/eu/uni/_year4/Dizertatie/MCUME/pico-sdk/src/common/pico_time/time.c.obj
 *fill*         0x10004c95        0x3 
 .rodata.__func__.10
                0x10004c98       0x15 CMakeFiles/mcume.dir/C_/Users/alint/Desktop/eu/uni/_year4/Dizertatie/MCUME/pico-sdk/src/common/pico_time/time.c.obj
 *fill*         0x10004cad        0x3 
 .rodata.__func__.11
                0x10004cb0       0x1a CMakeFiles/mcume.dir/C_/Users/alint/Desktop/eu/uni/_year4/Dizertatie/MCUME/pico-sdk/src/common/pico_time/time.c.obj
 *fill*         0x10004cca        0x2 
 .rodata.__func__.12
                0x10004ccc        0xa CMakeFiles/mcume.dir/C_/Users/alint/Desktop/eu/uni/_year4/Dizertatie/MCUME/pico-sdk/src/common/pico_time/time.c.obj
 *fill*         0x10004cd6        0x2 
 .rodata.__func__.3
                0x10004cd8       0x17 CMakeFiles/mcume.dir/C_/Users/alint/Desktop/eu/uni/_year4/Dizertatie/MCUME/pico-sdk/src/common/pico_time/time.c.obj
 *fill*         0x10004cef        0x1 
 .rodata.__func__.4
                0x10004cf0       0x12 CMakeFiles/mcume.dir/C_/Users/alint/Desktop/eu/uni/_year4/Dizertatie/MCUME/pico-sdk/src/common/pico_time/time.c.obj
 *fill*         0x10004d02        0x2 
 .rodata.__func__.5
                0x10004d04        0xd CMakeFiles/mcume.dir/C_/Users/alint/Desktop/eu/uni/_year4/Dizertatie/MCUME/pico-sdk/src/common/pico_time/time.c.obj
 *fill*         0x10004d11        0x3 
 .rodata.__func__.6
                0x10004d14       0x12 CMakeFiles/mcume.dir/C_/Users/alint/Desktop/eu/uni/_year4/Dizertatie/MCUME/pico-sdk/src/common/pico_time/time.c.obj
 *fill*         0x10004d26        0x2 
 .rodata.__func__.8
                0x10004d28        0xc CMakeFiles/mcume.dir/C_/Users/alint/Desktop/eu/uni/_year4/Dizertatie/MCUME/pico-sdk/src/common/pico_time/time.c.obj
 .rodata.__func__.9
                0x10004d34       0x15 CMakeFiles/mcume.dir/C_/Users/alint/Desktop/eu/uni/_year4/Dizertatie/MCUME/pico-sdk/src/common/pico_time/time.c.obj
 *fill*         0x10004d49        0x3 
 .rodata.hardware_alarm_claim.str1.4
                0x10004d4c       0x22 CMakeFiles/mcume.dir/C_/Users/alint/Desktop/eu/uni/_year4/Dizertatie/MCUME/pico-sdk/src/rp2_common/hardware_timer/timer.c.obj
 *fill*         0x10004d6e        0x2 
 .rodata.hardware_alarm_set_target.str1.4
                0x10004d70       0x89 CMakeFiles/mcume.dir/C_/Users/alint/Desktop/eu/uni/_year4/Dizertatie/MCUME/pico-sdk/src/rp2_common/hardware_timer/timer.c.obj
 *fill*         0x10004df9        0x3 
 .rodata.__func__.0
                0x10004dfc       0x1a CMakeFiles/mcume.dir/C_/Users/alint/Desktop/eu/uni/_year4/Dizertatie/MCUME/pico-sdk/src/rp2_common/hardware_timer/timer.c.obj
 .rodata.ph_get_node.part.0.str1.4
                0x10004e16       0x8a CMakeFiles/mcume.dir/C_/Users/alint/Desktop/eu/uni/_year4/Dizertatie/MCUME/pico-sdk/src/common/pico_util/pheap.c.obj
 .rodata.ph_add_child_node.str1.4
                0x10004e16       0x22 CMakeFiles/mcume.dir/C_/Users/alint/Desktop/eu/uni/_year4/Dizertatie/MCUME/pico-sdk/src/common/pico_util/pheap.c.obj
 *fill*         0x10004e16        0x2 
 .rodata.ph_remove_any_head.str1.4
                0x10004e18       0xb0 CMakeFiles/mcume.dir/C_/Users/alint/Desktop/eu/uni/_year4/Dizertatie/MCUME/pico-sdk/src/common/pico_util/pheap.c.obj
 .rodata.ph_remove_and_free_node.str1.4
                0x10004ec8       0x26 CMakeFiles/mcume.dir/C_/Users/alint/Desktop/eu/uni/_year4/Dizertatie/MCUME/pico-sdk/src/common/pico_util/pheap.c.obj
 *fill*         0x10004eee        0x2 
 .rodata.__func__.0
                0x10004ef0       0x18 CMakeFiles/mcume.dir/C_/Users/alint/Desktop/eu/uni/_year4/Dizertatie/MCUME/pico-sdk/src/common/pico_util/pheap.c.obj
 .rodata.__func__.1
                0x10004f08       0x13 CMakeFiles/mcume.dir/C_/Users/alint/Desktop/eu/uni/_year4/Dizertatie/MCUME/pico-sdk/src/common/pico_util/pheap.c.obj
 *fill*         0x10004f1b        0x1 
 .rodata.__func__.2
                0x10004f1c       0x12 CMakeFiles/mcume.dir/C_/Users/alint/Desktop/eu/uni/_year4/Dizertatie/MCUME/pico-sdk/src/common/pico_util/pheap.c.obj
 *fill*         0x10004f2e        0x2 
 .rodata.__func__.3
                0x10004f30        0xc CMakeFiles/mcume.dir/C_/Users/alint/Desktop/eu/uni/_year4/Dizertatie/MCUME/pico-sdk/src/common/pico_util/pheap.c.obj
 .rodata.str1.4
                0x10004f3c       0xad CMakeFiles/mcume.dir/C_/Users/alint/Desktop/eu/uni/_year4/Dizertatie/MCUME/pico-sdk/src/common/pico_sync/mutex.c.obj
 *fill*         0x10004fe9        0x3 
 .rodata.__func__.1
                0x10004fec        0xb CMakeFiles/mcume.dir/C_/Users/alint/Desktop/eu/uni/_year4/Dizertatie/MCUME/pico-sdk/src/common/pico_sync/mutex.c.obj
 *fill*         0x10004ff7        0x1 
 .rodata.resolve_branch.part.0.str1.4
                0x10004ff8       0x79 CMakeFiles/mcume.dir/C_/Users/alint/Desktop/eu/uni/_year4/Dizertatie/MCUME/pico-sdk/src/rp2_common/hardware_irq/irq.c.obj
 *fill*         0x10005071        0x3 
 .rodata.make_branch.part.0.str1.4
                0x10005074       0x30 CMakeFiles/mcume.dir/C_/Users/alint/Desktop/eu/uni/_year4/Dizertatie/MCUME/pico-sdk/src/rp2_common/hardware_irq/irq.c.obj
 .rodata.irq_set_exclusive_handler.str1.4
                0x100050a4       0x36 CMakeFiles/mcume.dir/C_/Users/alint/Desktop/eu/uni/_year4/Dizertatie/MCUME/pico-sdk/src/rp2_common/hardware_irq/irq.c.obj
 *fill*         0x100050da        0x2 
 .rodata.irq_remove_handler.str1.4
                0x100050dc       0x3a CMakeFiles/mcume.dir/C_/Users/alint/Desktop/eu/uni/_year4/Dizertatie/MCUME/pico-sdk/src/rp2_common/hardware_irq/irq.c.obj
 *fill*         0x10005116        0x2 
 .rodata.irq_add_tail_to_free_list.str1.4
                0x10005118       0x32 CMakeFiles/mcume.dir/C_/Users/alint/Desktop/eu/uni/_year4/Dizertatie/MCUME/pico-sdk/src/rp2_common/hardware_irq/irq.c.obj
                                 0x3a (size before relaxing)
 *fill*         0x1000514a        0x2 
 .rodata.__func__.0
                0x1000514c       0x1a CMakeFiles/mcume.dir/C_/Users/alint/Desktop/eu/uni/_year4/Dizertatie/MCUME/pico-sdk/src/rp2_common/hardware_irq/irq.c.obj
 *fill*         0x10005166        0x2 
 .rodata.__func__.1
                0x10005168       0x17 CMakeFiles/mcume.dir/C_/Users/alint/Desktop/eu/uni/_year4/Dizertatie/MCUME/pico-sdk/src/rp2_common/hardware_irq/irq.c.obj
 *fill*         0x1000517f        0x1 
 .rodata.__func__.2
                0x10005180       0x13 CMakeFiles/mcume.dir/C_/Users/alint/Desktop/eu/uni/_year4/Dizertatie/MCUME/pico-sdk/src/rp2_common/hardware_irq/irq.c.obj
 *fill*         0x10005193        0x1 
 .rodata.__func__.3
                0x10005194        0xc CMakeFiles/mcume.dir/C_/Users/alint/Desktop/eu/uni/_year4/Dizertatie/MCUME/pico-sdk/src/rp2_common/hardware_irq/irq.c.obj
 .rodata.__func__.4
                0x100051a0        0xf CMakeFiles/mcume.dir/C_/Users/alint/Desktop/eu/uni/_year4/Dizertatie/MCUME/pico-sdk/src/rp2_common/hardware_irq/irq.c.obj
 *fill*         0x100051af        0x1 
 .rodata.__func__.6
                0x100051b0       0x1a CMakeFiles/mcume.dir/C_/Users/alint/Desktop/eu/uni/_year4/Dizertatie/MCUME/pico-sdk/src/rp2_common/hardware_irq/irq.c.obj
 *fill*         0x100051ca        0x2 
 .rodata.__assert_func.str1.4
                0x100051cc       0x3f CMakeFiles/mcume.dir/C_/Users/alint/Desktop/eu/uni/_year4/Dizertatie/MCUME/pico-sdk/src/rp2_common/pico_runtime/runtime.c.obj
                                 0x43 (size before relaxing)
 *fill*         0x1000520b        0x1 
 .rodata.runtime_init.str1.4
                0x1000520c       0x85 CMakeFiles/mcume.dir/C_/Users/alint/Desktop/eu/uni/_year4/Dizertatie/MCUME/pico-sdk/src/rp2_common/pico_runtime/runtime.c.obj
 *fill*         0x10005291        0x3 
 .rodata.panic.str1.4
                0x10005294       0x12 CMakeFiles/mcume.dir/C_/Users/alint/Desktop/eu/uni/_year4/Dizertatie/MCUME/pico-sdk/src/rp2_common/pico_runtime/runtime.c.obj
 *fill*         0x100052a6        0x2 
 .rodata.__func__.1
                0x100052a8        0xd CMakeFiles/mcume.dir/C_/Users/alint/Desktop/eu/uni/_year4/Dizertatie/MCUME/pico-sdk/src/rp2_common/pico_runtime/runtime.c.obj
 *fill*         0x100052b5        0x3 
 .rodata.pll_init.str1.4
                0x100052b8      0x143 CMakeFiles/mcume.dir/C_/Users/alint/Desktop/eu/uni/_year4/Dizertatie/MCUME/pico-sdk/src/rp2_common/hardware_pll/pll.c.obj
 *fill*         0x100053fb        0x1 
 .rodata.__func__.0
                0x100053fc        0x9 CMakeFiles/mcume.dir/C_/Users/alint/Desktop/eu/uni/_year4/Dizertatie/MCUME/pico-sdk/src/rp2_common/hardware_pll/pll.c.obj
 *fill*         0x10005405        0x3 
 .rodata._ftoa.str1.4
                0x10005408       0x15 CMakeFiles/mcume.dir/C_/Users/alint/Desktop/eu/uni/_year4/Dizertatie/MCUME/pico-sdk/src/rp2_common/pico_printf/printf.c.obj
 *fill*         0x1000541d        0x3 
 .rodata._vsnprintf
                0x10005420      0x19c CMakeFiles/mcume.dir/C_/Users/alint/Desktop/eu/uni/_year4/Dizertatie/MCUME/pico-sdk/src/rp2_common/pico_printf/printf.c.obj
 *fill*         0x100055bc        0x4 
 .rodata.pow10.0
                0x100055c0       0x50 CMakeFiles/mcume.dir/C_/Users/alint/Desktop/eu/uni/_year4/Dizertatie/MCUME/pico-sdk/src/rp2_common/pico_printf/printf.c.obj
 .rodata.__aeabi_double_init.str1.4
                0x10005610       0xcc CMakeFiles/mcume.dir/C_/Users/alint/Desktop/eu/uni/_year4/Dizertatie/MCUME/pico-sdk/src/rp2_common/pico_double/double_init_rom.c.obj
 .rodata.__func__.0
                0x100056dc       0x14 CMakeFiles/mcume.dir/C_/Users/alint/Desktop/eu/uni/_year4/Dizertatie/MCUME/pico-sdk/src/rp2_common/pico_double/double_init_rom.c.obj
 .rodata.__aeabi_float_init.str1.4
                0x100056f0       0x9e CMakeFiles/mcume.dir/C_/Users/alint/Desktop/eu/uni/_year4/Dizertatie/MCUME/pico-sdk/src/rp2_common/pico_float/float_init_rom.c.obj
                                 0xa2 (size before relaxing)
 *fill*         0x1000578e        0x2 
 .rodata.__func__.0
                0x10005790       0x13 CMakeFiles/mcume.dir/C_/Users/alint/Desktop/eu/uni/_year4/Dizertatie/MCUME/pico-sdk/src/rp2_common/pico_float/float_init_rom.c.obj
 *fill*         0x100057a3        0x1 
 .rodata.str1.4
                0x100057a4       0x3c CMakeFiles/mcume.dir/C_/Users/alint/Desktop/eu/uni/_year4/Dizertatie/MCUME/pico-sdk/src/rp2_common/pico_standard_link/binary_info.c.obj
 .rodata.__bi_44
                0x100057e0        0xc CMakeFiles/mcume.dir/C_/Users/alint/Desktop/eu/uni/_year4/Dizertatie/MCUME/pico-sdk/src/rp2_common/pico_standard_link/binary_info.c.obj
 .rodata.__bi_75
                0x100057ec        0xc CMakeFiles/mcume.dir/C_/Users/alint/Desktop/eu/uni/_year4/Dizertatie/MCUME/pico-sdk/src/rp2_common/pico_standard_link/binary_info.c.obj
 .rodata.__bi_81
                0x100057f8        0xc CMakeFiles/mcume.dir/C_/Users/alint/Desktop/eu/uni/_year4/Dizertatie/MCUME/pico-sdk/src/rp2_common/pico_standard_link/binary_info.c.obj
 .rodata.crlf_str.3
                0x10005804        0x2 CMakeFiles/mcume.dir/C_/Users/alint/Desktop/eu/uni/_year4/Dizertatie/MCUME/pico-sdk/src/rp2_common/pico_stdio/stdio.c.obj
 *fill*         0x10005806        0x2 
 .rodata.pio_claim_unused_sm.str1.4
                0x10005808       0x24 CMakeFiles/mcume.dir/C_/Users/alint/Desktop/eu/uni/_year4/Dizertatie/MCUME/pico-sdk/src/rp2_common/hardware_pio/pio.c.obj
 .rodata.pio_can_add_program.str1.4
                0x1000582c       0x8d CMakeFiles/mcume.dir/C_/Users/alint/Desktop/eu/uni/_year4/Dizertatie/MCUME/pico-sdk/src/rp2_common/hardware_pio/pio.c.obj
 *fill*         0x100058b9        0x3 
 .rodata.pio_add_program.str1.4
                0x100058bc       0x11 CMakeFiles/mcume.dir/C_/Users/alint/Desktop/eu/uni/_year4/Dizertatie/MCUME/pico-sdk/src/rp2_common/hardware_pio/pio.c.obj
 *fill*         0x100058cd        0x3 
 .rodata.__func__.1
                0x100058d0       0x1d CMakeFiles/mcume.dir/C_/Users/alint/Desktop/eu/uni/_year4/Dizertatie/MCUME/pico-sdk/src/rp2_common/hardware_pio/pio.c.obj
                0x100058f0                . = ALIGN (0x4)
 *fill*         0x100058ed        0x3 
 *(SORT_BY_ALIGNMENT(SORT_BY_NAME(.flashdata*)))
                0x100058f0                . = ALIGN (0x4)

.rel.dyn        0x100058f0        0x0
 .rel.iplt      0x100058f0        0x0 c:/progra~2/armgnu~1/1142da~1.3re/bin/../lib/gcc/arm-none-eabi/11.3.1/thumb/v6-m/nofp/crtbegin.o

.ARM.extab
 *(.ARM.extab* .gnu.linkonce.armextab.*)
                0x100058f0                __exidx_start = .

.ARM.exidx
 *(.ARM.exidx* .gnu.linkonce.armexidx.*)
                0x100058f0                __exidx_end = .
                0x100058f0                . = ALIGN (0x4)
                0x100058f0                __binary_info_start = .

.binary_info    0x100058f0       0x1c
 *(.binary_info.keep.*)
 .binary_info.keep.__bi_ptr22
                0x100058f0        0x4 CMakeFiles/mcume.dir/C_/Users/alint/Desktop/eu/uni/_year4/Dizertatie/MCUME/pico-sdk/src/rp2_common/pico_standard_link/binary_info.c.obj
 .binary_info.keep.__bi_ptr30
                0x100058f4        0x4 CMakeFiles/mcume.dir/C_/Users/alint/Desktop/eu/uni/_year4/Dizertatie/MCUME/pico-sdk/src/rp2_common/pico_standard_link/binary_info.c.obj
 .binary_info.keep.__bi_ptr38
                0x100058f8        0x4 CMakeFiles/mcume.dir/C_/Users/alint/Desktop/eu/uni/_year4/Dizertatie/MCUME/pico-sdk/src/rp2_common/pico_standard_link/binary_info.c.obj
 .binary_info.keep.__bi_ptr44
                0x100058fc        0x4 CMakeFiles/mcume.dir/C_/Users/alint/Desktop/eu/uni/_year4/Dizertatie/MCUME/pico-sdk/src/rp2_common/pico_standard_link/binary_info.c.obj
 .binary_info.keep.__bi_ptr50
                0x10005900        0x4 CMakeFiles/mcume.dir/C_/Users/alint/Desktop/eu/uni/_year4/Dizertatie/MCUME/pico-sdk/src/rp2_common/pico_standard_link/binary_info.c.obj
 .binary_info.keep.__bi_ptr75
                0x10005904        0x4 CMakeFiles/mcume.dir/C_/Users/alint/Desktop/eu/uni/_year4/Dizertatie/MCUME/pico-sdk/src/rp2_common/pico_standard_link/binary_info.c.obj
 .binary_info.keep.__bi_ptr81
                0x10005908        0x4 CMakeFiles/mcume.dir/C_/Users/alint/Desktop/eu/uni/_year4/Dizertatie/MCUME/pico-sdk/src/rp2_common/pico_standard_link/binary_info.c.obj
 *(.binary_info.*)
                0x1000590c                __binary_info_end = .
                0x1000590c                . = ALIGN (0x4)
                0x1000590c                __etext = .

.ram_vector_table
                0x20000000       0xc0
 *(.ram_vector_table)
 .ram_vector_table
                0x20000000       0xc0 CMakeFiles/mcume.dir/C_/Users/alint/Desktop/eu/uni/_year4/Dizertatie/MCUME/pico-sdk/src/rp2_common/pico_runtime/runtime.c.obj
                0x20000000                ram_vector_table

.data           0x200000c0      0x3b4 load address 0x1000590c
                0x200000c0                __data_start__ = .
 *(vtable)
 *(.time_critical*)
 .time_critical.isr_irq7
                0x200000c0       0xe8 CMakeFiles/mcume.dir/vga_t4/scanvideo.c.obj
                0x200000c0                isr_irq7
 .time_critical.isr_irq8
                0x200001a8       0xd8 CMakeFiles/mcume.dir/vga_t4/scanvideo.c.obj
                0x200001a8                isr_irq8
 .time_critical.sem_release
                0x20000280       0x4c CMakeFiles/mcume.dir/C_/Users/alint/Desktop/eu/uni/_year4/Dizertatie/MCUME/pico-sdk/src/common/pico_sync/sem.c.obj
                0x20000280                sem_release
 .time_critical.mutex_enter_blocking
                0x200002cc       0x48 CMakeFiles/mcume.dir/C_/Users/alint/Desktop/eu/uni/_year4/Dizertatie/MCUME/pico-sdk/src/common/pico_sync/mutex.c.obj
                0x200002cc                mutex_enter_blocking
 .time_critical.mutex_try_enter
                0x20000314       0x44 CMakeFiles/mcume.dir/C_/Users/alint/Desktop/eu/uni/_year4/Dizertatie/MCUME/pico-sdk/src/common/pico_sync/mutex.c.obj
                0x20000314                mutex_try_enter
 .time_critical.mutex_exit
                0x20000358       0x48 CMakeFiles/mcume.dir/C_/Users/alint/Desktop/eu/uni/_year4/Dizertatie/MCUME/pico-sdk/src/common/pico_sync/mutex.c.obj
                0x20000358                mutex_exit
 *(.text*)
 .text          0x200003a0        0x4 c:/progra~2/armgnu~1/1142da~1.3re/bin/../lib/gcc/arm-none-eabi/11.3.1/thumb/v6-m/nofp\libgcc.a(_dvmd_tls.o)
                0x200003a0                __aeabi_idiv0
                0x200003a0                __aeabi_ldiv0
 *fill*         0x200003a4        0x4 
 .text.__stub   0x200003a8       0x10 linker stubs
                0x200003b8                . = ALIGN (0x4)
 *(.rodata*)
                0x200003b8                . = ALIGN (0x4)
 *(.data*)
 .data.striped_spin_lock_num
                0x200003b8        0x1 CMakeFiles/mcume.dir/C_/Users/alint/Desktop/eu/uni/_year4/Dizertatie/MCUME/pico-sdk/src/rp2_common/hardware_sync/sync.c.obj
 *fill*         0x200003b9        0x3 
 .data.default_alarm_pool
                0x200003bc       0x18 CMakeFiles/mcume.dir/C_/Users/alint/Desktop/eu/uni/_year4/Dizertatie/MCUME/pico-sdk/src/common/pico_time/time.c.obj
 .data.default_alarm_pool_heap
                0x200003d4       0x10 CMakeFiles/mcume.dir/C_/Users/alint/Desktop/eu/uni/_year4/Dizertatie/MCUME/pico-sdk/src/common/pico_time/time.c.obj
 .data          0x200003e4       0x48 CMakeFiles/mcume.dir/C_/Users/alint/Desktop/eu/uni/_year4/Dizertatie/MCUME/pico-sdk/src/rp2_common/hardware_irq/irq_handler_chain.S.obj
                0x200003e4                irq_handler_chain_slots
                0x20000414                irq_handler_chain_first_slot
                0x2000041e                irq_handler_chain_remove_tail
 *fill*         0x2000042c        0x4 
 .data.aeabi_bits_funcs
                0x20000430       0x10 CMakeFiles/mcume.dir/C_/Users/alint/Desktop/eu/uni/_year4/Dizertatie/MCUME/pico-sdk/src/rp2_common/pico_bit_ops/bit_ops_aeabi.S.obj
                0x20000430                aeabi_bits_funcs
                0x20000440                aeabi_bits_funcs_end
 .data.aeabi_mem_funcs
                0x20000440       0x10 CMakeFiles/mcume.dir/C_/Users/alint/Desktop/eu/uni/_year4/Dizertatie/MCUME/pico-sdk/src/rp2_common/pico_mem_ops/mem_ops_aeabi.S.obj
                0x20000440                aeabi_mem_funcs
                0x20000450                aeabi_mem_funcs_end
                0x20000450                . = ALIGN (0x4)
 *(.after_data.*)
                0x20000450                . = ALIGN (0x4)
                0x20000450                PROVIDE (__mutex_array_start = .)
 *(SORT_BY_NAME(.mutex_array.*))
 *(.mutex_array)
 .mutex_array   0x20000450        0x8 CMakeFiles/mcume.dir/C_/Users/alint/Desktop/eu/uni/_year4/Dizertatie/MCUME/pico-sdk/src/rp2_common/pico_malloc/pico_malloc.c.obj
 .mutex_array   0x20000458        0x8 CMakeFiles/mcume.dir/C_/Users/alint/Desktop/eu/uni/_year4/Dizertatie/MCUME/pico-sdk/src/rp2_common/pico_stdio/stdio.c.obj
                0x20000460                PROVIDE (__mutex_array_end = .)
                0x20000460                . = ALIGN (0x4)
                0x20000460                PROVIDE (__preinit_array_start = .)
 *(SORT_BY_NAME(.preinit_array.*))
 .preinit_array.00001
                0x20000460        0x4 CMakeFiles/mcume.dir/C_/Users/alint/Desktop/eu/uni/_year4/Dizertatie/MCUME/pico-sdk/src/rp2_common/pico_mem_ops/mem_ops_aeabi.S.obj
 .preinit_array.00010
                0x20000464        0x4 CMakeFiles/mcume.dir/C_/Users/alint/Desktop/eu/uni/_year4/Dizertatie/MCUME/pico-sdk/src/rp2_common/pico_bit_ops/bit_ops_aeabi.S.obj
 .preinit_array.00020
                0x20000468        0x4 CMakeFiles/mcume.dir/C_/Users/alint/Desktop/eu/uni/_year4/Dizertatie/MCUME/pico-sdk/src/rp2_common/pico_double/double_aeabi.S.obj
 .preinit_array.00020
                0x2000046c        0x4 CMakeFiles/mcume.dir/C_/Users/alint/Desktop/eu/uni/_year4/Dizertatie/MCUME/pico-sdk/src/rp2_common/pico_float/float_aeabi.S.obj
 *(.preinit_array)
                0x20000470                PROVIDE (__preinit_array_end = .)
                0x20000470                . = ALIGN (0x4)
                0x20000470                PROVIDE (__init_array_start = .)
 *(SORT_BY_NAME(.init_array.*))
 *(.init_array)
 .init_array    0x20000470        0x4 c:/progra~2/armgnu~1/1142da~1.3re/bin/../lib/gcc/arm-none-eabi/11.3.1/thumb/v6-m/nofp/crtbegin.o
                0x20000474                PROVIDE (__init_array_end = .)
                0x20000474                . = ALIGN (0x4)
                [!provide]                PROVIDE (__fini_array_start = .)
 *(SORT_BY_NAME(.fini_array.*))
 *(.fini_array)
                [!provide]                PROVIDE (__fini_array_end = .)
 *(.jcr)
                0x20000474                . = ALIGN (0x4)
                0x20000474                __data_end__ = .

.tm_clone_table
                0x20000474        0x0 load address 0x10005cc0
 .tm_clone_table
                0x20000474        0x0 c:/progra~2/armgnu~1/1142da~1.3re/bin/../lib/gcc/arm-none-eabi/11.3.1/thumb/v6-m/nofp/crtbegin.o
 .tm_clone_table
                0x20000474        0x0 c:/progra~2/armgnu~1/1142da~1.3re/bin/../lib/gcc/arm-none-eabi/11.3.1/thumb/v6-m/nofp/crtend.o

.igot.plt       0x20000474        0x0 load address 0x10005cc0
 .igot.plt      0x20000474        0x0 c:/progra~2/armgnu~1/1142da~1.3re/bin/../lib/gcc/arm-none-eabi/11.3.1/thumb/v6-m/nofp/crtbegin.o

.uninitialized_data
                0x20000474        0x0 load address 0x10005cc0
                0x20000474                . = ALIGN (0x4)
 *(.uninitialized_data*)

.scratch_x      0x20040000        0x0 load address 0x10005cc0
                0x20040000                __scratch_x_start__ = .
 *(.scratch_x.*)
                0x20040000                . = ALIGN (0x4)
                0x20040000                __scratch_x_end__ = .
                0x10005cc0                __scratch_x_source__ = LOADADDR (.scratch_x)

.scratch_y      0x20041000        0x0 load address 0x10005cc0
                0x20041000                __scratch_y_start__ = .
 *(.scratch_y.*)
                0x20041000                . = ALIGN (0x4)
                0x20041000                __scratch_y_end__ = .
                0x10005cc0                __scratch_y_source__ = LOADADDR (.scratch_y)

.bss            0x20000478      0x46c
                0x20000478                . = ALIGN (0x4)
                0x20000478                __bss_start__ = .
 *(SORT_BY_ALIGNMENT(SORT_BY_NAME(.bss*)))
 .bss.default_alarm_pool_entries
                0x20000478      0x100 CMakeFiles/mcume.dir/C_/Users/alint/Desktop/eu/uni/_year4/Dizertatie/MCUME/pico-sdk/src/common/pico_time/time.c.obj
 .bss.sd_table  0x20000578      0x100 CMakeFiles/mcume.dir/C_/Users/alint/Desktop/eu/uni/_year4/Dizertatie/MCUME/pico-sdk/src/rp2_common/pico_double/double_init_rom.c.obj
                0x20000578                sd_table
 .bss.sf_table  0x20000678      0x100 CMakeFiles/mcume.dir/C_/Users/alint/Desktop/eu/uni/_year4/Dizertatie/MCUME/pico-sdk/src/rp2_common/pico_float/float_init_rom.c.obj
                0x20000678                sf_table
 .bss._scanline_repeat_count_fn
                0x20000778        0x4 CMakeFiles/mcume.dir/vga_t4/scanvideo.c.obj
 .bss._used_instruction_space
                0x2000077c        0x8 CMakeFiles/mcume.dir/C_/Users/alint/Desktop/eu/uni/_year4/Dizertatie/MCUME/pico-sdk/src/rp2_common/hardware_pio/pio.c.obj
 .bss.alarm_callbacks
                0x20000784       0x10 CMakeFiles/mcume.dir/C_/Users/alint/Desktop/eu/uni/_year4/Dizertatie/MCUME/pico-sdk/src/rp2_common/hardware_timer/timer.c.obj
 .bss.configured_freq
                0x20000794       0x28 CMakeFiles/mcume.dir/C_/Users/alint/Desktop/eu/uni/_year4/Dizertatie/MCUME/pico-sdk/src/rp2_common/hardware_clocks/clocks.c.obj
 .bss.default_alarm_pool_entry_ids_high
                0x200007bc       0x10 CMakeFiles/mcume.dir/C_/Users/alint/Desktop/eu/uni/_year4/Dizertatie/MCUME/pico-sdk/src/common/pico_time/time.c.obj
 .bss.default_alarm_pool_heap_nodes
                0x200007cc       0x30 CMakeFiles/mcume.dir/C_/Users/alint/Desktop/eu/uni/_year4/Dizertatie/MCUME/pico-sdk/src/common/pico_time/time.c.obj
 .bss.dma_states
                0x200007fc       0x10 CMakeFiles/mcume.dir/vga_t4/scanvideo.c.obj
 .bss.drivers   0x2000080c        0x4 CMakeFiles/mcume.dir/C_/Users/alint/Desktop/eu/uni/_year4/Dizertatie/MCUME/pico-sdk/src/rp2_common/pico_stdio/stdio.c.obj
 .bss.filter    0x20000810        0x4 CMakeFiles/mcume.dir/C_/Users/alint/Desktop/eu/uni/_year4/Dizertatie/MCUME/pico-sdk/src/rp2_common/pico_stdio/stdio.c.obj
 .bss.object.0  0x20000814       0x18 c:/progra~2/armgnu~1/1142da~1.3re/bin/../lib/gcc/arm-none-eabi/11.3.1/thumb/v6-m/nofp/crtbegin.o
 .bss.pio_fb    0x2000082c        0x4 CMakeFiles/mcume.dir/vga_t4/VGA_t4.cpp.obj
                0x2000082c                pio_fb
 .bss.pio_fbwidth
                0x20000830        0x4 CMakeFiles/mcume.dir/vga_t4/VGA_t4.cpp.obj
                0x20000830                pio_fbwidth
 .bss.pools     0x20000834       0x10 CMakeFiles/mcume.dir/C_/Users/alint/Desktop/eu/uni/_year4/Dizertatie/MCUME/pico-sdk/src/common/pico_time/time.c.obj
 .bss.scanline_buffer
                0x20000844       0x18 CMakeFiles/mcume.dir/vga_t4/scanvideo.c.obj
 .bss.sf_clz_func
                0x2000085c        0x4 CMakeFiles/mcume.dir/C_/Users/alint/Desktop/eu/uni/_year4/Dizertatie/MCUME/pico-sdk/src/rp2_common/pico_double/double_init_rom.c.obj
                0x2000085c                sf_clz_func
 .bss.shared_state
                0x20000860       0x14 CMakeFiles/mcume.dir/vga_t4/scanvideo.c.obj
 .bss.sleep_notifier
                0x20000874        0x4 CMakeFiles/mcume.dir/C_/Users/alint/Desktop/eu/uni/_year4/Dizertatie/MCUME/pico-sdk/src/common/pico_time/time.c.obj
 .bss.target_hi
                0x20000878       0x10 CMakeFiles/mcume.dir/C_/Users/alint/Desktop/eu/uni/_year4/Dizertatie/MCUME/pico-sdk/src/rp2_common/hardware_timer/timer.c.obj
 .bss.timing_state
                0x20000888       0x3c CMakeFiles/mcume.dir/vga_t4/scanvideo.c.obj
 .bss.vblank_begin
                0x200008c4        0x8 CMakeFiles/mcume.dir/vga_t4/scanvideo.c.obj
                0x200008c4                vblank_begin
 .bss.video_mode
                0x200008cc       0x14 CMakeFiles/mcume.dir/vga_t4/scanvideo.c.obj
 .bss.claimed   0x200008e0        0x1 CMakeFiles/mcume.dir/C_/Users/alint/Desktop/eu/uni/_year4/Dizertatie/MCUME/pico-sdk/src/rp2_common/hardware_timer/timer.c.obj
 .bss.claimed   0x200008e1        0x1 CMakeFiles/mcume.dir/C_/Users/alint/Desktop/eu/uni/_year4/Dizertatie/MCUME/pico-sdk/src/rp2_common/hardware_pio/pio.c.obj
 .bss.irq_hander_chain_free_slot_head
                0x200008e2        0x1 CMakeFiles/mcume.dir/C_/Users/alint/Desktop/eu/uni/_year4/Dizertatie/MCUME/pico-sdk/src/rp2_common/hardware_irq/irq.c.obj
 .bss.timer_callbacks_pending
                0x200008e3        0x1 CMakeFiles/mcume.dir/C_/Users/alint/Desktop/eu/uni/_year4/Dizertatie/MCUME/pico-sdk/src/rp2_common/hardware_timer/timer.c.obj
 *(COMMON)
                0x200008e4                . = ALIGN (0x4)
                0x200008e4                __bss_end__ = .

.heap           0x200008e4      0x800
                0x200008e4                __end__ = .
                0x200008e4                end = __end__
 *(.heap*)
 .heap          0x200008e4      0x800 CMakeFiles/mcume.dir/C_/Users/alint/Desktop/eu/uni/_year4/Dizertatie/MCUME/pico-sdk/src/rp2_common/pico_standard_link/crt0.S.obj
                0x200010e4                __HeapLimit = .

.stack1_dummy   0x20040000        0x0
 *(.stack1*)

.stack_dummy    0x20041000      0x800
 *(.stack*)
 .stack         0x20041000      0x800 CMakeFiles/mcume.dir/C_/Users/alint/Desktop/eu/uni/_year4/Dizertatie/MCUME/pico-sdk/src/rp2_common/pico_standard_link/crt0.S.obj

.flash_end      0x10005cc0        0x0
                0x10005cc0                __flash_binary_end = .
                0x20040000                __StackLimit = (ORIGIN (RAM) + LENGTH (RAM))
                0x20041000                __StackOneTop = (ORIGIN (SCRATCH_X) + LENGTH (SCRATCH_X))
                0x20042000                __StackTop = (ORIGIN (SCRATCH_Y) + LENGTH (SCRATCH_Y))
                0x20041000                __StackOneBottom = (__StackOneTop - SIZEOF (.stack1_dummy))
                0x20041800                __StackBottom = (__StackTop - SIZEOF (.stack_dummy))
                0x20042000                PROVIDE (__stack = __StackTop)
                0x00000001                ASSERT ((__StackLimit >= __HeapLimit), region RAM overflowed)
                0x00000001                ASSERT (((__binary_info_header_end - __logical_binary_start) <= 0x100), Binary info must be in first 256 bytes of the binary)
LOAD CMakeFiles/mcume.dir/picocpc/hello.c.obj
LOAD CMakeFiles/mcume.dir/vga_t4/VGA_t4.cpp.obj
LOAD CMakeFiles/mcume.dir/vga_t4/scanvideo.c.obj
LOAD CMakeFiles/mcume.dir/tft_t/tft_t_dma.cpp.obj
LOAD CMakeFiles/mcume.dir/C_/Users/alint/Desktop/eu/uni/_year4/Dizertatie/MCUME/pico-sdk/src/rp2_common/pico_multicore/multicore.c.obj
LOAD CMakeFiles/mcume.dir/C_/Users/alint/Desktop/eu/uni/_year4/Dizertatie/MCUME/pico-sdk/src/common/pico_sync/sem.c.obj
LOAD CMakeFiles/mcume.dir/C_/Users/alint/Desktop/eu/uni/_year4/Dizertatie/MCUME/pico-sdk/src/common/pico_sync/lock_core.c.obj
LOAD CMakeFiles/mcume.dir/C_/Users/alint/Desktop/eu/uni/_year4/Dizertatie/MCUME/pico-sdk/src/rp2_common/hardware_sync/sync.c.obj
LOAD CMakeFiles/mcume.dir/C_/Users/alint/Desktop/eu/uni/_year4/Dizertatie/MCUME/pico-sdk/src/rp2_common/hardware_claim/claim.c.obj
LOAD CMakeFiles/mcume.dir/C_/Users/alint/Desktop/eu/uni/_year4/Dizertatie/MCUME/pico-sdk/src/rp2_common/pico_platform/platform.c.obj
LOAD CMakeFiles/mcume.dir/C_/Users/alint/Desktop/eu/uni/_year4/Dizertatie/MCUME/pico-sdk/src/common/pico_time/time.c.obj
LOAD CMakeFiles/mcume.dir/C_/Users/alint/Desktop/eu/uni/_year4/Dizertatie/MCUME/pico-sdk/src/common/pico_time/timeout_helper.c.obj
LOAD CMakeFiles/mcume.dir/C_/Users/alint/Desktop/eu/uni/_year4/Dizertatie/MCUME/pico-sdk/src/rp2_common/hardware_timer/timer.c.obj
LOAD CMakeFiles/mcume.dir/C_/Users/alint/Desktop/eu/uni/_year4/Dizertatie/MCUME/pico-sdk/src/common/pico_util/datetime.c.obj
LOAD CMakeFiles/mcume.dir/C_/Users/alint/Desktop/eu/uni/_year4/Dizertatie/MCUME/pico-sdk/src/common/pico_util/pheap.c.obj
LOAD CMakeFiles/mcume.dir/C_/Users/alint/Desktop/eu/uni/_year4/Dizertatie/MCUME/pico-sdk/src/common/pico_util/queue.c.obj
LOAD CMakeFiles/mcume.dir/C_/Users/alint/Desktop/eu/uni/_year4/Dizertatie/MCUME/pico-sdk/src/common/pico_sync/mutex.c.obj
LOAD CMakeFiles/mcume.dir/C_/Users/alint/Desktop/eu/uni/_year4/Dizertatie/MCUME/pico-sdk/src/common/pico_sync/critical_section.c.obj
LOAD CMakeFiles/mcume.dir/C_/Users/alint/Desktop/eu/uni/_year4/Dizertatie/MCUME/pico-sdk/src/rp2_common/hardware_irq/irq.c.obj
LOAD CMakeFiles/mcume.dir/C_/Users/alint/Desktop/eu/uni/_year4/Dizertatie/MCUME/pico-sdk/src/rp2_common/hardware_irq/irq_handler_chain.S.obj
LOAD CMakeFiles/mcume.dir/C_/Users/alint/Desktop/eu/uni/_year4/Dizertatie/MCUME/pico-sdk/src/rp2_common/pico_stdlib/stdlib.c.obj
LOAD CMakeFiles/mcume.dir/C_/Users/alint/Desktop/eu/uni/_year4/Dizertatie/MCUME/pico-sdk/src/rp2_common/hardware_gpio/gpio.c.obj
LOAD CMakeFiles/mcume.dir/C_/Users/alint/Desktop/eu/uni/_year4/Dizertatie/MCUME/pico-sdk/src/rp2_common/hardware_uart/uart.c.obj
LOAD CMakeFiles/mcume.dir/C_/Users/alint/Desktop/eu/uni/_year4/Dizertatie/MCUME/pico-sdk/src/rp2_common/hardware_divider/divider.S.obj
LOAD CMakeFiles/mcume.dir/C_/Users/alint/Desktop/eu/uni/_year4/Dizertatie/MCUME/pico-sdk/src/rp2_common/pico_runtime/runtime.c.obj
LOAD CMakeFiles/mcume.dir/C_/Users/alint/Desktop/eu/uni/_year4/Dizertatie/MCUME/pico-sdk/src/rp2_common/hardware_clocks/clocks.c.obj
LOAD CMakeFiles/mcume.dir/C_/Users/alint/Desktop/eu/uni/_year4/Dizertatie/MCUME/pico-sdk/src/rp2_common/hardware_pll/pll.c.obj
LOAD CMakeFiles/mcume.dir/C_/Users/alint/Desktop/eu/uni/_year4/Dizertatie/MCUME/pico-sdk/src/rp2_common/hardware_vreg/vreg.c.obj
LOAD CMakeFiles/mcume.dir/C_/Users/alint/Desktop/eu/uni/_year4/Dizertatie/MCUME/pico-sdk/src/rp2_common/hardware_watchdog/watchdog.c.obj
LOAD CMakeFiles/mcume.dir/C_/Users/alint/Desktop/eu/uni/_year4/Dizertatie/MCUME/pico-sdk/src/rp2_common/hardware_xosc/xosc.c.obj
LOAD CMakeFiles/mcume.dir/C_/Users/alint/Desktop/eu/uni/_year4/Dizertatie/MCUME/pico-sdk/src/rp2_common/pico_printf/printf.c.obj
LOAD CMakeFiles/mcume.dir/C_/Users/alint/Desktop/eu/uni/_year4/Dizertatie/MCUME/pico-sdk/src/rp2_common/pico_bit_ops/bit_ops_aeabi.S.obj
LOAD CMakeFiles/mcume.dir/C_/Users/alint/Desktop/eu/uni/_year4/Dizertatie/MCUME/pico-sdk/src/rp2_common/pico_bootrom/bootrom.c.obj
LOAD CMakeFiles/mcume.dir/C_/Users/alint/Desktop/eu/uni/_year4/Dizertatie/MCUME/pico-sdk/src/rp2_common/pico_divider/divider.S.obj
LOAD CMakeFiles/mcume.dir/C_/Users/alint/Desktop/eu/uni/_year4/Dizertatie/MCUME/pico-sdk/src/rp2_common/pico_double/double_aeabi.S.obj
LOAD CMakeFiles/mcume.dir/C_/Users/alint/Desktop/eu/uni/_year4/Dizertatie/MCUME/pico-sdk/src/rp2_common/pico_double/double_init_rom.c.obj
LOAD CMakeFiles/mcume.dir/C_/Users/alint/Desktop/eu/uni/_year4/Dizertatie/MCUME/pico-sdk/src/rp2_common/pico_double/double_math.c.obj
LOAD CMakeFiles/mcume.dir/C_/Users/alint/Desktop/eu/uni/_year4/Dizertatie/MCUME/pico-sdk/src/rp2_common/pico_double/double_v1_rom_shim.S.obj
LOAD CMakeFiles/mcume.dir/C_/Users/alint/Desktop/eu/uni/_year4/Dizertatie/MCUME/pico-sdk/src/rp2_common/pico_int64_ops/pico_int64_ops_aeabi.S.obj
LOAD CMakeFiles/mcume.dir/C_/Users/alint/Desktop/eu/uni/_year4/Dizertatie/MCUME/pico-sdk/src/rp2_common/pico_float/float_aeabi.S.obj
LOAD CMakeFiles/mcume.dir/C_/Users/alint/Desktop/eu/uni/_year4/Dizertatie/MCUME/pico-sdk/src/rp2_common/pico_float/float_init_rom.c.obj
LOAD CMakeFiles/mcume.dir/C_/Users/alint/Desktop/eu/uni/_year4/Dizertatie/MCUME/pico-sdk/src/rp2_common/pico_float/float_math.c.obj
LOAD CMakeFiles/mcume.dir/C_/Users/alint/Desktop/eu/uni/_year4/Dizertatie/MCUME/pico-sdk/src/rp2_common/pico_float/float_v1_rom_shim.S.obj
LOAD CMakeFiles/mcume.dir/C_/Users/alint/Desktop/eu/uni/_year4/Dizertatie/MCUME/pico-sdk/src/rp2_common/pico_malloc/pico_malloc.c.obj
LOAD CMakeFiles/mcume.dir/C_/Users/alint/Desktop/eu/uni/_year4/Dizertatie/MCUME/pico-sdk/src/rp2_common/pico_mem_ops/mem_ops_aeabi.S.obj
LOAD CMakeFiles/mcume.dir/C_/Users/alint/Desktop/eu/uni/_year4/Dizertatie/MCUME/pico-sdk/src/rp2_common/pico_standard_link/crt0.S.obj
LOAD CMakeFiles/mcume.dir/C_/Users/alint/Desktop/eu/uni/_year4/Dizertatie/MCUME/pico-sdk/src/rp2_common/pico_standard_link/new_delete.cpp.obj
LOAD CMakeFiles/mcume.dir/C_/Users/alint/Desktop/eu/uni/_year4/Dizertatie/MCUME/pico-sdk/src/rp2_common/pico_standard_link/binary_info.c.obj
LOAD CMakeFiles/mcume.dir/C_/Users/alint/Desktop/eu/uni/_year4/Dizertatie/MCUME/pico-sdk/src/rp2_common/pico_stdio/stdio.c.obj
LOAD CMakeFiles/mcume.dir/C_/Users/alint/Desktop/eu/uni/_year4/Dizertatie/MCUME/pico-sdk/src/rp2_common/pico_stdio_uart/stdio_uart.c.obj
LOAD CMakeFiles/mcume.dir/FatFs_SPI/ff14a/source/ffsystem.c.obj
LOAD CMakeFiles/mcume.dir/FatFs_SPI/ff14a/source/ffunicode.c.obj
LOAD CMakeFiles/mcume.dir/FatFs_SPI/ff14a/source/ff.c.obj
LOAD CMakeFiles/mcume.dir/FatFs_SPI/sd_driver/sd_spi.c.obj
LOAD CMakeFiles/mcume.dir/FatFs_SPI/sd_driver/demo_logging.c.obj
LOAD CMakeFiles/mcume.dir/FatFs_SPI/sd_driver/hw_config.c.obj
LOAD CMakeFiles/mcume.dir/FatFs_SPI/sd_driver/spi.c.obj
LOAD CMakeFiles/mcume.dir/FatFs_SPI/sd_driver/sd_card.c.obj
LOAD CMakeFiles/mcume.dir/FatFs_SPI/sd_driver/crc.c.obj
LOAD CMakeFiles/mcume.dir/FatFs_SPI/sd_driver/my_debug.c.obj
LOAD CMakeFiles/mcume.dir/FatFs_SPI/src/glue.c.obj
LOAD CMakeFiles/mcume.dir/FatFs_SPI/src/f_util.c.obj
LOAD CMakeFiles/mcume.dir/FatFs_SPI/src/ff_stdio.c.obj
LOAD CMakeFiles/mcume.dir/FatFs_SPI/src/my_debug.c.obj
LOAD CMakeFiles/mcume.dir/FatFs_SPI/src/rtc.c.obj
LOAD CMakeFiles/mcume.dir/C_/Users/alint/Desktop/eu/uni/_year4/Dizertatie/MCUME/pico-sdk/src/rp2_common/hardware_spi/spi.c.obj
LOAD CMakeFiles/mcume.dir/C_/Users/alint/Desktop/eu/uni/_year4/Dizertatie/MCUME/pico-sdk/src/rp2_common/hardware_dma/dma.c.obj
LOAD CMakeFiles/mcume.dir/C_/Users/alint/Desktop/eu/uni/_year4/Dizertatie/MCUME/pico-sdk/src/rp2_common/hardware_rtc/rtc.c.obj
LOAD CMakeFiles/mcume.dir/C_/Users/alint/Desktop/eu/uni/_year4/Dizertatie/MCUME/pico-sdk/src/rp2_common/hardware_adc/adc.c.obj
LOAD CMakeFiles/mcume.dir/C_/Users/alint/Desktop/eu/uni/_year4/Dizertatie/MCUME/pico-sdk/src/rp2_common/hardware_pio/pio.c.obj
LOAD C:\Users\alint\AppData\Local\Temp\ccOS4Tww.o
LOAD c:/progra~2/armgnu~1/1142da~1.3re/bin/../lib/gcc/arm-none-eabi/11.3.1/thumb/v6-m/nofp\libstdc++.a
LOAD c:/progra~2/armgnu~1/1142da~1.3re/bin/../lib/gcc/arm-none-eabi/11.3.1/thumb/v6-m/nofp\libm.a
START GROUP
LOAD c:/progra~2/armgnu~1/1142da~1.3re/bin/../lib/gcc/arm-none-eabi/11.3.1/thumb/v6-m/nofp\libgcc.a
LOAD c:/progra~2/armgnu~1/1142da~1.3re/bin/../lib/gcc/arm-none-eabi/11.3.1/thumb/v6-m/nofp\libg.a
LOAD c:/progra~2/armgnu~1/1142da~1.3re/bin/../lib/gcc/arm-none-eabi/11.3.1/thumb/v6-m/nofp\libc.a
END GROUP
START GROUP
LOAD c:/progra~2/armgnu~1/1142da~1.3re/bin/../lib/gcc/arm-none-eabi/11.3.1/thumb/v6-m/nofp\libgcc.a
LOAD c:/progra~2/armgnu~1/1142da~1.3re/bin/../lib/gcc/arm-none-eabi/11.3.1/thumb/v6-m/nofp\libc.a
LOAD c:/progra~2/armgnu~1/1142da~1.3re/bin/../lib/gcc/arm-none-eabi/11.3.1/thumb/v6-m/nofp\libnosys.a
END GROUP
LOAD c:/progra~2/armgnu~1/1142da~1.3re/bin/../lib/gcc/arm-none-eabi/11.3.1/thumb/v6-m/nofp/crtend.o
LOAD c:/progra~2/armgnu~1/1142da~1.3re/bin/../lib/gcc/arm-none-eabi/11.3.1/thumb/v6-m/nofp/crtn.o
OUTPUT(mcume.elf elf32-littlearm)
LOAD linker stubs

.ARM.attributes
                0x00000000       0x28
 .ARM.attributes
                0x00000000       0x1e c:/progra~2/armgnu~1/1142da~1.3re/bin/../lib/gcc/arm-none-eabi/11.3.1/thumb/v6-m/nofp/crti.o
 .ARM.attributes
                0x0000001e       0x2c c:/progra~2/armgnu~1/1142da~1.3re/bin/../lib/gcc/arm-none-eabi/11.3.1/thumb/v6-m/nofp/crtbegin.o
 .ARM.attributes
                0x0000004a       0x2c CMakeFiles/mcume.dir/picocpc/hello.c.obj
 .ARM.attributes
                0x00000076       0x2c CMakeFiles/mcume.dir/vga_t4/VGA_t4.cpp.obj
 .ARM.attributes
                0x000000a2       0x2c CMakeFiles/mcume.dir/vga_t4/scanvideo.c.obj
 .ARM.attributes
                0x000000ce       0x2c CMakeFiles/mcume.dir/C_/Users/alint/Desktop/eu/uni/_year4/Dizertatie/MCUME/pico-sdk/src/common/pico_sync/sem.c.obj
 .ARM.attributes
                0x000000fa       0x2c CMakeFiles/mcume.dir/C_/Users/alint/Desktop/eu/uni/_year4/Dizertatie/MCUME/pico-sdk/src/common/pico_sync/lock_core.c.obj
 .ARM.attributes
                0x00000126       0x2c CMakeFiles/mcume.dir/C_/Users/alint/Desktop/eu/uni/_year4/Dizertatie/MCUME/pico-sdk/src/rp2_common/hardware_sync/sync.c.obj
 .ARM.attributes
                0x00000152       0x2c CMakeFiles/mcume.dir/C_/Users/alint/Desktop/eu/uni/_year4/Dizertatie/MCUME/pico-sdk/src/rp2_common/hardware_claim/claim.c.obj
 .ARM.attributes
                0x0000017e       0x2c CMakeFiles/mcume.dir/C_/Users/alint/Desktop/eu/uni/_year4/Dizertatie/MCUME/pico-sdk/src/rp2_common/pico_platform/platform.c.obj
 .ARM.attributes
                0x000001aa       0x2c CMakeFiles/mcume.dir/C_/Users/alint/Desktop/eu/uni/_year4/Dizertatie/MCUME/pico-sdk/src/common/pico_time/time.c.obj
 .ARM.attributes
                0x000001d6       0x2c CMakeFiles/mcume.dir/C_/Users/alint/Desktop/eu/uni/_year4/Dizertatie/MCUME/pico-sdk/src/rp2_common/hardware_timer/timer.c.obj
 .ARM.attributes
                0x00000202       0x2c CMakeFiles/mcume.dir/C_/Users/alint/Desktop/eu/uni/_year4/Dizertatie/MCUME/pico-sdk/src/common/pico_util/pheap.c.obj
 .ARM.attributes
                0x0000022e       0x2c CMakeFiles/mcume.dir/C_/Users/alint/Desktop/eu/uni/_year4/Dizertatie/MCUME/pico-sdk/src/common/pico_sync/mutex.c.obj
 .ARM.attributes
                0x0000025a       0x2c CMakeFiles/mcume.dir/C_/Users/alint/Desktop/eu/uni/_year4/Dizertatie/MCUME/pico-sdk/src/rp2_common/hardware_irq/irq.c.obj
 .ARM.attributes
                0x00000286       0x22 CMakeFiles/mcume.dir/C_/Users/alint/Desktop/eu/uni/_year4/Dizertatie/MCUME/pico-sdk/src/rp2_common/hardware_irq/irq_handler_chain.S.obj
 .ARM.attributes
                0x000002a8       0x2c CMakeFiles/mcume.dir/C_/Users/alint/Desktop/eu/uni/_year4/Dizertatie/MCUME/pico-sdk/src/rp2_common/hardware_gpio/gpio.c.obj
 .ARM.attributes
                0x000002d4       0x2c CMakeFiles/mcume.dir/C_/Users/alint/Desktop/eu/uni/_year4/Dizertatie/MCUME/pico-sdk/src/rp2_common/pico_runtime/runtime.c.obj
 .ARM.attributes
                0x00000300       0x2c CMakeFiles/mcume.dir/C_/Users/alint/Desktop/eu/uni/_year4/Dizertatie/MCUME/pico-sdk/src/rp2_common/hardware_clocks/clocks.c.obj
 .ARM.attributes
                0x0000032c       0x2c CMakeFiles/mcume.dir/C_/Users/alint/Desktop/eu/uni/_year4/Dizertatie/MCUME/pico-sdk/src/rp2_common/hardware_pll/pll.c.obj
 .ARM.attributes
                0x00000358       0x2c CMakeFiles/mcume.dir/C_/Users/alint/Desktop/eu/uni/_year4/Dizertatie/MCUME/pico-sdk/src/rp2_common/hardware_watchdog/watchdog.c.obj
 .ARM.attributes
                0x00000384       0x2c CMakeFiles/mcume.dir/C_/Users/alint/Desktop/eu/uni/_year4/Dizertatie/MCUME/pico-sdk/src/rp2_common/hardware_xosc/xosc.c.obj
 .ARM.attributes
                0x000003b0       0x2c CMakeFiles/mcume.dir/C_/Users/alint/Desktop/eu/uni/_year4/Dizertatie/MCUME/pico-sdk/src/rp2_common/pico_printf/printf.c.obj
 .ARM.attributes
                0x000003dc       0x22 CMakeFiles/mcume.dir/C_/Users/alint/Desktop/eu/uni/_year4/Dizertatie/MCUME/pico-sdk/src/rp2_common/pico_bit_ops/bit_ops_aeabi.S.obj
 .ARM.attributes
                0x000003fe       0x2c CMakeFiles/mcume.dir/C_/Users/alint/Desktop/eu/uni/_year4/Dizertatie/MCUME/pico-sdk/src/rp2_common/pico_bootrom/bootrom.c.obj
 .ARM.attributes
                0x0000042a       0x22 CMakeFiles/mcume.dir/C_/Users/alint/Desktop/eu/uni/_year4/Dizertatie/MCUME/pico-sdk/src/rp2_common/pico_divider/divider.S.obj
 .ARM.attributes
                0x0000044c       0x22 CMakeFiles/mcume.dir/C_/Users/alint/Desktop/eu/uni/_year4/Dizertatie/MCUME/pico-sdk/src/rp2_common/pico_double/double_aeabi.S.obj
 .ARM.attributes
                0x0000046e       0x2c CMakeFiles/mcume.dir/C_/Users/alint/Desktop/eu/uni/_year4/Dizertatie/MCUME/pico-sdk/src/rp2_common/pico_double/double_init_rom.c.obj
 .ARM.attributes
                0x0000049a       0x22 CMakeFiles/mcume.dir/C_/Users/alint/Desktop/eu/uni/_year4/Dizertatie/MCUME/pico-sdk/src/rp2_common/pico_double/double_v1_rom_shim.S.obj
 .ARM.attributes
                0x000004bc       0x22 CMakeFiles/mcume.dir/C_/Users/alint/Desktop/eu/uni/_year4/Dizertatie/MCUME/pico-sdk/src/rp2_common/pico_int64_ops/pico_int64_ops_aeabi.S.obj
 .ARM.attributes
                0x000004de       0x22 CMakeFiles/mcume.dir/C_/Users/alint/Desktop/eu/uni/_year4/Dizertatie/MCUME/pico-sdk/src/rp2_common/pico_float/float_aeabi.S.obj
 .ARM.attributes
                0x00000500       0x2c CMakeFiles/mcume.dir/C_/Users/alint/Desktop/eu/uni/_year4/Dizertatie/MCUME/pico-sdk/src/rp2_common/pico_float/float_init_rom.c.obj
 .ARM.attributes
                0x0000052c       0x22 CMakeFiles/mcume.dir/C_/Users/alint/Desktop/eu/uni/_year4/Dizertatie/MCUME/pico-sdk/src/rp2_common/pico_float/float_v1_rom_shim.S.obj
 .ARM.attributes
                0x0000054e       0x2c CMakeFiles/mcume.dir/C_/Users/alint/Desktop/eu/uni/_year4/Dizertatie/MCUME/pico-sdk/src/rp2_common/pico_malloc/pico_malloc.c.obj
 .ARM.attributes
                0x0000057a       0x22 CMakeFiles/mcume.dir/C_/Users/alint/Desktop/eu/uni/_year4/Dizertatie/MCUME/pico-sdk/src/rp2_common/pico_mem_ops/mem_ops_aeabi.S.obj
 .ARM.attributes
                0x0000059c       0x22 CMakeFiles/mcume.dir/C_/Users/alint/Desktop/eu/uni/_year4/Dizertatie/MCUME/pico-sdk/src/rp2_common/pico_standard_link/crt0.S.obj
 .ARM.attributes
                0x000005be       0x2c CMakeFiles/mcume.dir/C_/Users/alint/Desktop/eu/uni/_year4/Dizertatie/MCUME/pico-sdk/src/rp2_common/pico_standard_link/binary_info.c.obj
 .ARM.attributes
                0x000005ea       0x2c CMakeFiles/mcume.dir/C_/Users/alint/Desktop/eu/uni/_year4/Dizertatie/MCUME/pico-sdk/src/rp2_common/pico_stdio/stdio.c.obj
 .ARM.attributes
                0x00000616       0x2c CMakeFiles/mcume.dir/C_/Users/alint/Desktop/eu/uni/_year4/Dizertatie/MCUME/pico-sdk/src/rp2_common/hardware_pio/pio.c.obj
 .ARM.attributes
                0x00000642       0x22 C:\Users\alint\AppData\Local\Temp\ccOS4Tww.o
 .ARM.attributes
                0x00000664       0x1e c:/progra~2/armgnu~1/1142da~1.3re/bin/../lib/gcc/arm-none-eabi/11.3.1/thumb/v6-m/nofp\libgcc.a(_dvmd_tls.o)
 .ARM.attributes
                0x00000682       0x2c c:/progra~2/armgnu~1/1142da~1.3re/bin/../lib/gcc/arm-none-eabi/11.3.1/thumb/v6-m/nofp\libg.a(libc_a-strlen-stub.o)
 .ARM.attributes
                0x000006ae       0x2c c:/progra~2/armgnu~1/1142da~1.3re/bin/../lib/gcc/arm-none-eabi/11.3.1/thumb/v6-m/nofp/crtend.o

.comment        0x00000000       0x33
 .comment       0x00000000       0x33 c:/progra~2/armgnu~1/1142da~1.3re/bin/../lib/gcc/arm-none-eabi/11.3.1/thumb/v6-m/nofp/crtbegin.o
                                 0x34 (size before relaxing)
 .comment       0x00000033       0x34 CMakeFiles/mcume.dir/picocpc/hello.c.obj
 .comment       0x00000033       0x34 CMakeFiles/mcume.dir/vga_t4/VGA_t4.cpp.obj
 .comment       0x00000033       0x34 CMakeFiles/mcume.dir/vga_t4/scanvideo.c.obj
 .comment       0x00000033       0x34 CMakeFiles/mcume.dir/C_/Users/alint/Desktop/eu/uni/_year4/Dizertatie/MCUME/pico-sdk/src/common/pico_sync/sem.c.obj
 .comment       0x00000033       0x34 CMakeFiles/mcume.dir/C_/Users/alint/Desktop/eu/uni/_year4/Dizertatie/MCUME/pico-sdk/src/common/pico_sync/lock_core.c.obj
 .comment       0x00000033       0x34 CMakeFiles/mcume.dir/C_/Users/alint/Desktop/eu/uni/_year4/Dizertatie/MCUME/pico-sdk/src/rp2_common/hardware_sync/sync.c.obj
 .comment       0x00000033       0x34 CMakeFiles/mcume.dir/C_/Users/alint/Desktop/eu/uni/_year4/Dizertatie/MCUME/pico-sdk/src/rp2_common/hardware_claim/claim.c.obj
 .comment       0x00000033       0x34 CMakeFiles/mcume.dir/C_/Users/alint/Desktop/eu/uni/_year4/Dizertatie/MCUME/pico-sdk/src/rp2_common/pico_platform/platform.c.obj
 .comment       0x00000033       0x34 CMakeFiles/mcume.dir/C_/Users/alint/Desktop/eu/uni/_year4/Dizertatie/MCUME/pico-sdk/src/common/pico_time/time.c.obj
 .comment       0x00000033       0x34 CMakeFiles/mcume.dir/C_/Users/alint/Desktop/eu/uni/_year4/Dizertatie/MCUME/pico-sdk/src/rp2_common/hardware_timer/timer.c.obj
 .comment       0x00000033       0x34 CMakeFiles/mcume.dir/C_/Users/alint/Desktop/eu/uni/_year4/Dizertatie/MCUME/pico-sdk/src/common/pico_util/pheap.c.obj
 .comment       0x00000033       0x34 CMakeFiles/mcume.dir/C_/Users/alint/Desktop/eu/uni/_year4/Dizertatie/MCUME/pico-sdk/src/common/pico_sync/mutex.c.obj
 .comment       0x00000033       0x34 CMakeFiles/mcume.dir/C_/Users/alint/Desktop/eu/uni/_year4/Dizertatie/MCUME/pico-sdk/src/rp2_common/hardware_irq/irq.c.obj
 .comment       0x00000033       0x34 CMakeFiles/mcume.dir/C_/Users/alint/Desktop/eu/uni/_year4/Dizertatie/MCUME/pico-sdk/src/rp2_common/hardware_gpio/gpio.c.obj
 .comment       0x00000033       0x34 CMakeFiles/mcume.dir/C_/Users/alint/Desktop/eu/uni/_year4/Dizertatie/MCUME/pico-sdk/src/rp2_common/pico_runtime/runtime.c.obj
 .comment       0x00000033       0x34 CMakeFiles/mcume.dir/C_/Users/alint/Desktop/eu/uni/_year4/Dizertatie/MCUME/pico-sdk/src/rp2_common/hardware_clocks/clocks.c.obj
 .comment       0x00000033       0x34 CMakeFiles/mcume.dir/C_/Users/alint/Desktop/eu/uni/_year4/Dizertatie/MCUME/pico-sdk/src/rp2_common/hardware_pll/pll.c.obj
 .comment       0x00000033       0x34 CMakeFiles/mcume.dir/C_/Users/alint/Desktop/eu/uni/_year4/Dizertatie/MCUME/pico-sdk/src/rp2_common/hardware_watchdog/watchdog.c.obj
 .comment       0x00000033       0x34 CMakeFiles/mcume.dir/C_/Users/alint/Desktop/eu/uni/_year4/Dizertatie/MCUME/pico-sdk/src/rp2_common/hardware_xosc/xosc.c.obj
 .comment       0x00000033       0x34 CMakeFiles/mcume.dir/C_/Users/alint/Desktop/eu/uni/_year4/Dizertatie/MCUME/pico-sdk/src/rp2_common/pico_printf/printf.c.obj
 .comment       0x00000033       0x34 CMakeFiles/mcume.dir/C_/Users/alint/Desktop/eu/uni/_year4/Dizertatie/MCUME/pico-sdk/src/rp2_common/pico_bootrom/bootrom.c.obj
 .comment       0x00000033       0x34 CMakeFiles/mcume.dir/C_/Users/alint/Desktop/eu/uni/_year4/Dizertatie/MCUME/pico-sdk/src/rp2_common/pico_double/double_init_rom.c.obj
 .comment       0x00000033       0x34 CMakeFiles/mcume.dir/C_/Users/alint/Desktop/eu/uni/_year4/Dizertatie/MCUME/pico-sdk/src/rp2_common/pico_float/float_init_rom.c.obj
 .comment       0x00000033       0x34 CMakeFiles/mcume.dir/C_/Users/alint/Desktop/eu/uni/_year4/Dizertatie/MCUME/pico-sdk/src/rp2_common/pico_malloc/pico_malloc.c.obj
 .comment       0x00000033       0x34 CMakeFiles/mcume.dir/C_/Users/alint/Desktop/eu/uni/_year4/Dizertatie/MCUME/pico-sdk/src/rp2_common/pico_standard_link/binary_info.c.obj
 .comment       0x00000033       0x34 CMakeFiles/mcume.dir/C_/Users/alint/Desktop/eu/uni/_year4/Dizertatie/MCUME/pico-sdk/src/rp2_common/pico_stdio/stdio.c.obj
 .comment       0x00000033       0x34 CMakeFiles/mcume.dir/C_/Users/alint/Desktop/eu/uni/_year4/Dizertatie/MCUME/pico-sdk/src/rp2_common/hardware_pio/pio.c.obj
 .comment       0x00000033       0x34 c:/progra~2/armgnu~1/1142da~1.3re/bin/../lib/gcc/arm-none-eabi/11.3.1/thumb/v6-m/nofp\libg.a(libc_a-strlen-stub.o)
 .comment       0x00000033       0x34 c:/progra~2/armgnu~1/1142da~1.3re/bin/../lib/gcc/arm-none-eabi/11.3.1/thumb/v6-m/nofp/crtend.o

.debug_info     0x00000000    0x279a3
 .debug_info    0x00000000      0xccf CMakeFiles/mcume.dir/picocpc/hello.c.obj
 .debug_info    0x00000ccf     0x8a39 CMakeFiles/mcume.dir/vga_t4/VGA_t4.cpp.obj
 .debug_info    0x00009708     0x2bfa CMakeFiles/mcume.dir/vga_t4/scanvideo.c.obj
 .debug_info    0x0000c302     0x1818 CMakeFiles/mcume.dir/C_/Users/alint/Desktop/eu/uni/_year4/Dizertatie/MCUME/pico-sdk/src/common/pico_sync/sem.c.obj
 .debug_info    0x0000db1a      0x1a4 CMakeFiles/mcume.dir/C_/Users/alint/Desktop/eu/uni/_year4/Dizertatie/MCUME/pico-sdk/src/common/pico_sync/lock_core.c.obj
 .debug_info    0x0000dcbe      0x5fc CMakeFiles/mcume.dir/C_/Users/alint/Desktop/eu/uni/_year4/Dizertatie/MCUME/pico-sdk/src/rp2_common/hardware_sync/sync.c.obj
 .debug_info    0x0000e2ba      0xade CMakeFiles/mcume.dir/C_/Users/alint/Desktop/eu/uni/_year4/Dizertatie/MCUME/pico-sdk/src/rp2_common/hardware_claim/claim.c.obj
 .debug_info    0x0000ed98      0x1fb CMakeFiles/mcume.dir/C_/Users/alint/Desktop/eu/uni/_year4/Dizertatie/MCUME/pico-sdk/src/rp2_common/pico_platform/platform.c.obj
 .debug_info    0x0000ef93     0x4e25 CMakeFiles/mcume.dir/C_/Users/alint/Desktop/eu/uni/_year4/Dizertatie/MCUME/pico-sdk/src/common/pico_time/time.c.obj
 .debug_info    0x00013db8     0x1547 CMakeFiles/mcume.dir/C_/Users/alint/Desktop/eu/uni/_year4/Dizertatie/MCUME/pico-sdk/src/rp2_common/hardware_timer/timer.c.obj
 .debug_info    0x000152ff     0x25d1 CMakeFiles/mcume.dir/C_/Users/alint/Desktop/eu/uni/_year4/Dizertatie/MCUME/pico-sdk/src/common/pico_util/pheap.c.obj
 .debug_info    0x000178d0     0x23cc CMakeFiles/mcume.dir/C_/Users/alint/Desktop/eu/uni/_year4/Dizertatie/MCUME/pico-sdk/src/common/pico_sync/mutex.c.obj
 .debug_info    0x00019c9c     0x2196 CMakeFiles/mcume.dir/C_/Users/alint/Desktop/eu/uni/_year4/Dizertatie/MCUME/pico-sdk/src/rp2_common/hardware_irq/irq.c.obj
 .debug_info    0x0001be32     0x1ce5 CMakeFiles/mcume.dir/C_/Users/alint/Desktop/eu/uni/_year4/Dizertatie/MCUME/pico-sdk/src/rp2_common/hardware_gpio/gpio.c.obj
 .debug_info    0x0001db17      0xab5 CMakeFiles/mcume.dir/C_/Users/alint/Desktop/eu/uni/_year4/Dizertatie/MCUME/pico-sdk/src/rp2_common/pico_runtime/runtime.c.obj
 .debug_info    0x0001e5cc     0x1a0f CMakeFiles/mcume.dir/C_/Users/alint/Desktop/eu/uni/_year4/Dizertatie/MCUME/pico-sdk/src/rp2_common/hardware_clocks/clocks.c.obj
 .debug_info    0x0001ffdb      0x4f2 CMakeFiles/mcume.dir/C_/Users/alint/Desktop/eu/uni/_year4/Dizertatie/MCUME/pico-sdk/src/rp2_common/hardware_pll/pll.c.obj
 .debug_info    0x000204cd      0x805 CMakeFiles/mcume.dir/C_/Users/alint/Desktop/eu/uni/_year4/Dizertatie/MCUME/pico-sdk/src/rp2_common/hardware_watchdog/watchdog.c.obj
 .debug_info    0x00020cd2      0x1c3 CMakeFiles/mcume.dir/C_/Users/alint/Desktop/eu/uni/_year4/Dizertatie/MCUME/pico-sdk/src/rp2_common/hardware_xosc/xosc.c.obj
 .debug_info    0x00020e95     0x1e73 CMakeFiles/mcume.dir/C_/Users/alint/Desktop/eu/uni/_year4/Dizertatie/MCUME/pico-sdk/src/rp2_common/pico_printf/printf.c.obj
 .debug_info    0x00022d08       0x23 CMakeFiles/mcume.dir/C_/Users/alint/Desktop/eu/uni/_year4/Dizertatie/MCUME/pico-sdk/src/rp2_common/pico_bit_ops/bit_ops_aeabi.S.obj
 .debug_info    0x00022d2b      0x2d5 CMakeFiles/mcume.dir/C_/Users/alint/Desktop/eu/uni/_year4/Dizertatie/MCUME/pico-sdk/src/rp2_common/pico_bootrom/bootrom.c.obj
 .debug_info    0x00023000       0x23 CMakeFiles/mcume.dir/C_/Users/alint/Desktop/eu/uni/_year4/Dizertatie/MCUME/pico-sdk/src/rp2_common/pico_divider/divider.S.obj
 .debug_info    0x00023023       0x23 CMakeFiles/mcume.dir/C_/Users/alint/Desktop/eu/uni/_year4/Dizertatie/MCUME/pico-sdk/src/rp2_common/pico_double/double_aeabi.S.obj
 .debug_info    0x00023046      0x330 CMakeFiles/mcume.dir/C_/Users/alint/Desktop/eu/uni/_year4/Dizertatie/MCUME/pico-sdk/src/rp2_common/pico_double/double_init_rom.c.obj
 .debug_info    0x00023376       0x23 CMakeFiles/mcume.dir/C_/Users/alint/Desktop/eu/uni/_year4/Dizertatie/MCUME/pico-sdk/src/rp2_common/pico_double/double_v1_rom_shim.S.obj
 .debug_info    0x00023399       0x24 CMakeFiles/mcume.dir/C_/Users/alint/Desktop/eu/uni/_year4/Dizertatie/MCUME/pico-sdk/src/rp2_common/pico_int64_ops/pico_int64_ops_aeabi.S.obj
 .debug_info    0x000233bd       0x23 CMakeFiles/mcume.dir/C_/Users/alint/Desktop/eu/uni/_year4/Dizertatie/MCUME/pico-sdk/src/rp2_common/pico_float/float_aeabi.S.obj
 .debug_info    0x000233e0      0x340 CMakeFiles/mcume.dir/C_/Users/alint/Desktop/eu/uni/_year4/Dizertatie/MCUME/pico-sdk/src/rp2_common/pico_float/float_init_rom.c.obj
 .debug_info    0x00023720       0x23 CMakeFiles/mcume.dir/C_/Users/alint/Desktop/eu/uni/_year4/Dizertatie/MCUME/pico-sdk/src/rp2_common/pico_float/float_v1_rom_shim.S.obj
 .debug_info    0x00023743      0x4d4 CMakeFiles/mcume.dir/C_/Users/alint/Desktop/eu/uni/_year4/Dizertatie/MCUME/pico-sdk/src/rp2_common/pico_malloc/pico_malloc.c.obj
 .debug_info    0x00023c17       0x23 CMakeFiles/mcume.dir/C_/Users/alint/Desktop/eu/uni/_year4/Dizertatie/MCUME/pico-sdk/src/rp2_common/pico_mem_ops/mem_ops_aeabi.S.obj
 .debug_info    0x00023c3a       0x23 CMakeFiles/mcume.dir/C_/Users/alint/Desktop/eu/uni/_year4/Dizertatie/MCUME/pico-sdk/src/rp2_common/pico_standard_link/crt0.S.obj
 .debug_info    0x00023c5d      0x2b3 CMakeFiles/mcume.dir/C_/Users/alint/Desktop/eu/uni/_year4/Dizertatie/MCUME/pico-sdk/src/rp2_common/pico_standard_link/binary_info.c.obj
 .debug_info    0x00023f10     0x1a21 CMakeFiles/mcume.dir/C_/Users/alint/Desktop/eu/uni/_year4/Dizertatie/MCUME/pico-sdk/src/rp2_common/pico_stdio/stdio.c.obj
 .debug_info    0x00025931     0x1f63 CMakeFiles/mcume.dir/C_/Users/alint/Desktop/eu/uni/_year4/Dizertatie/MCUME/pico-sdk/src/rp2_common/hardware_pio/pio.c.obj
 .debug_info    0x00027894       0x24 c:/progra~2/armgnu~1/1142da~1.3re/bin/../lib/gcc/arm-none-eabi/11.3.1/thumb/v6-m/nofp\libgcc.a(_dvmd_tls.o)
 .debug_info    0x000278b8       0xeb c:/progra~2/armgnu~1/1142da~1.3re/bin/../lib/gcc/arm-none-eabi/11.3.1/thumb/v6-m/nofp\libg.a(libc_a-strlen-stub.o)

.debug_abbrev   0x00000000     0x60a4
 .debug_abbrev  0x00000000      0x3c1 CMakeFiles/mcume.dir/picocpc/hello.c.obj
 .debug_abbrev  0x000003c1      0x84f CMakeFiles/mcume.dir/vga_t4/VGA_t4.cpp.obj
 .debug_abbrev  0x00000c10      0x621 CMakeFiles/mcume.dir/vga_t4/scanvideo.c.obj
 .debug_abbrev  0x00001231      0x3d3 CMakeFiles/mcume.dir/C_/Users/alint/Desktop/eu/uni/_year4/Dizertatie/MCUME/pico-sdk/src/common/pico_sync/sem.c.obj
 .debug_abbrev  0x00001604      0x11b CMakeFiles/mcume.dir/C_/Users/alint/Desktop/eu/uni/_year4/Dizertatie/MCUME/pico-sdk/src/common/pico_sync/lock_core.c.obj
 .debug_abbrev  0x0000171f      0x2a5 CMakeFiles/mcume.dir/C_/Users/alint/Desktop/eu/uni/_year4/Dizertatie/MCUME/pico-sdk/src/rp2_common/hardware_sync/sync.c.obj
 .debug_abbrev  0x000019c4      0x372 CMakeFiles/mcume.dir/C_/Users/alint/Desktop/eu/uni/_year4/Dizertatie/MCUME/pico-sdk/src/rp2_common/hardware_claim/claim.c.obj
 .debug_abbrev  0x00001d36       0xf8 CMakeFiles/mcume.dir/C_/Users/alint/Desktop/eu/uni/_year4/Dizertatie/MCUME/pico-sdk/src/rp2_common/pico_platform/platform.c.obj
 .debug_abbrev  0x00001e2e      0x694 CMakeFiles/mcume.dir/C_/Users/alint/Desktop/eu/uni/_year4/Dizertatie/MCUME/pico-sdk/src/common/pico_time/time.c.obj
 .debug_abbrev  0x000024c2      0x46f CMakeFiles/mcume.dir/C_/Users/alint/Desktop/eu/uni/_year4/Dizertatie/MCUME/pico-sdk/src/rp2_common/hardware_timer/timer.c.obj
 .debug_abbrev  0x00002931      0x347 CMakeFiles/mcume.dir/C_/Users/alint/Desktop/eu/uni/_year4/Dizertatie/MCUME/pico-sdk/src/common/pico_util/pheap.c.obj
 .debug_abbrev  0x00002c78      0x439 CMakeFiles/mcume.dir/C_/Users/alint/Desktop/eu/uni/_year4/Dizertatie/MCUME/pico-sdk/src/common/pico_sync/mutex.c.obj
 .debug_abbrev  0x000030b1      0x590 CMakeFiles/mcume.dir/C_/Users/alint/Desktop/eu/uni/_year4/Dizertatie/MCUME/pico-sdk/src/rp2_common/hardware_irq/irq.c.obj
 .debug_abbrev  0x00003641      0x3f9 CMakeFiles/mcume.dir/C_/Users/alint/Desktop/eu/uni/_year4/Dizertatie/MCUME/pico-sdk/src/rp2_common/hardware_gpio/gpio.c.obj
 .debug_abbrev  0x00003a3a      0x463 CMakeFiles/mcume.dir/C_/Users/alint/Desktop/eu/uni/_year4/Dizertatie/MCUME/pico-sdk/src/rp2_common/pico_runtime/runtime.c.obj
 .debug_abbrev  0x00003e9d      0x4b6 CMakeFiles/mcume.dir/C_/Users/alint/Desktop/eu/uni/_year4/Dizertatie/MCUME/pico-sdk/src/rp2_common/hardware_clocks/clocks.c.obj
 .debug_abbrev  0x00004353      0x208 CMakeFiles/mcume.dir/C_/Users/alint/Desktop/eu/uni/_year4/Dizertatie/MCUME/pico-sdk/src/rp2_common/hardware_pll/pll.c.obj
 .debug_abbrev  0x0000455b      0x247 CMakeFiles/mcume.dir/C_/Users/alint/Desktop/eu/uni/_year4/Dizertatie/MCUME/pico-sdk/src/rp2_common/hardware_watchdog/watchdog.c.obj
 .debug_abbrev  0x000047a2      0x10a CMakeFiles/mcume.dir/C_/Users/alint/Desktop/eu/uni/_year4/Dizertatie/MCUME/pico-sdk/src/rp2_common/hardware_xosc/xosc.c.obj
 .debug_abbrev  0x000048ac      0x463 CMakeFiles/mcume.dir/C_/Users/alint/Desktop/eu/uni/_year4/Dizertatie/MCUME/pico-sdk/src/rp2_common/pico_printf/printf.c.obj
 .debug_abbrev  0x00004d0f       0x12 CMakeFiles/mcume.dir/C_/Users/alint/Desktop/eu/uni/_year4/Dizertatie/MCUME/pico-sdk/src/rp2_common/pico_bit_ops/bit_ops_aeabi.S.obj
 .debug_abbrev  0x00004d21      0x173 CMakeFiles/mcume.dir/C_/Users/alint/Desktop/eu/uni/_year4/Dizertatie/MCUME/pico-sdk/src/rp2_common/pico_bootrom/bootrom.c.obj
 .debug_abbrev  0x00004e94       0x12 CMakeFiles/mcume.dir/C_/Users/alint/Desktop/eu/uni/_year4/Dizertatie/MCUME/pico-sdk/src/rp2_common/pico_divider/divider.S.obj
 .debug_abbrev  0x00004ea6       0x12 CMakeFiles/mcume.dir/C_/Users/alint/Desktop/eu/uni/_year4/Dizertatie/MCUME/pico-sdk/src/rp2_common/pico_double/double_aeabi.S.obj
 .debug_abbrev  0x00004eb8      0x1be CMakeFiles/mcume.dir/C_/Users/alint/Desktop/eu/uni/_year4/Dizertatie/MCUME/pico-sdk/src/rp2_common/pico_double/double_init_rom.c.obj
 .debug_abbrev  0x00005076       0x12 CMakeFiles/mcume.dir/C_/Users/alint/Desktop/eu/uni/_year4/Dizertatie/MCUME/pico-sdk/src/rp2_common/pico_double/double_v1_rom_shim.S.obj