Archive member included to satisfy reference by file (symbol)

/usr/lib/gcc/arm-none-eabi/9.2.1/thumb/v6-m/nofp/libgcc.a(_dvmd_tls.o)
                              CMakeFiles/mcume.dir/afs/inf.ed.ac.uk/user/s19/s1970742/Desktop/hons/MCUME/pico-sdk/src/rp2_common/pico_divider/divider.S.obj (__aeabi_idiv0)
/usr/lib/gcc/arm-none-eabi/9.2.1/../../../arm-none-eabi/lib/thumb/v6-m/nofp/libc.a(lib_a-atexit.o)
                              /usr/lib/gcc/arm-none-eabi/9.2.1/../../../arm-none-eabi/lib/thumb/v6-m/nofp/crt0.o (atexit)
/usr/lib/gcc/arm-none-eabi/9.2.1/../../../arm-none-eabi/lib/thumb/v6-m/nofp/libc.a(lib_a-calloc.o)
                              CMakeFiles/mcume.dir/afs/inf.ed.ac.uk/user/s19/s1970742/Desktop/hons/MCUME/pico-sdk/src/rp2_common/pico_malloc/pico_malloc.c.obj (calloc)
/usr/lib/gcc/arm-none-eabi/9.2.1/../../../arm-none-eabi/lib/thumb/v6-m/nofp/libc.a(lib_a-callocr.o)
                              /usr/lib/gcc/arm-none-eabi/9.2.1/../../../arm-none-eabi/lib/thumb/v6-m/nofp/libc.a(lib_a-calloc.o) (_calloc_r)
/usr/lib/gcc/arm-none-eabi/9.2.1/../../../arm-none-eabi/lib/thumb/v6-m/nofp/libc.a(lib_a-errno.o)
                              CMakeFiles/mcume.dir/FatFs_SPI/src/ff_stdio.c.obj (__errno)
/usr/lib/gcc/arm-none-eabi/9.2.1/../../../arm-none-eabi/lib/thumb/v6-m/nofp/libc.a(lib_a-fflush.o)
                              CMakeFiles/mcume.dir/FatFs_SPI/sd_driver/demo_logging.c.obj (fflush)
/usr/lib/gcc/arm-none-eabi/9.2.1/../../../arm-none-eabi/lib/thumb/v6-m/nofp/libc.a(lib_a-findfp.o)
                              /usr/lib/gcc/arm-none-eabi/9.2.1/../../../arm-none-eabi/lib/thumb/v6-m/nofp/libc.a(lib_a-fflush.o) (__sinit)
/usr/lib/gcc/arm-none-eabi/9.2.1/../../../arm-none-eabi/lib/thumb/v6-m/nofp/libc.a(lib_a-fini.o)
                              /usr/lib/gcc/arm-none-eabi/9.2.1/../../../arm-none-eabi/lib/thumb/v6-m/nofp/crt0.o (__libc_fini_array)
/usr/lib/gcc/arm-none-eabi/9.2.1/../../../arm-none-eabi/lib/thumb/v6-m/nofp/libc.a(lib_a-freer.o)
                              /usr/lib/gcc/arm-none-eabi/9.2.1/../../../arm-none-eabi/lib/thumb/v6-m/nofp/libc.a(lib_a-fflush.o) (_free_r)
/usr/lib/gcc/arm-none-eabi/9.2.1/../../../arm-none-eabi/lib/thumb/v6-m/nofp/libc.a(lib_a-fwalk.o)
                              /usr/lib/gcc/arm-none-eabi/9.2.1/../../../arm-none-eabi/lib/thumb/v6-m/nofp/libc.a(lib_a-findfp.o) (_fwalk)
/usr/lib/gcc/arm-none-eabi/9.2.1/../../../arm-none-eabi/lib/thumb/v6-m/nofp/libc.a(lib_a-impure.o)
                              /usr/lib/gcc/arm-none-eabi/9.2.1/../../../arm-none-eabi/lib/thumb/v6-m/nofp/libc.a(lib_a-fflush.o) (_global_impure_ptr)
/usr/lib/gcc/arm-none-eabi/9.2.1/../../../arm-none-eabi/lib/thumb/v6-m/nofp/libc.a(lib_a-init.o)
                              /usr/lib/gcc/arm-none-eabi/9.2.1/../../../arm-none-eabi/lib/thumb/v6-m/nofp/crt0.o (__libc_init_array)
/usr/lib/gcc/arm-none-eabi/9.2.1/../../../arm-none-eabi/lib/thumb/v6-m/nofp/libc.a(lib_a-malloc.o)
                              CMakeFiles/mcume.dir/afs/inf.ed.ac.uk/user/s19/s1970742/Desktop/hons/MCUME/pico-sdk/src/rp2_common/pico_malloc/pico_malloc.c.obj (malloc)
/usr/lib/gcc/arm-none-eabi/9.2.1/../../../arm-none-eabi/lib/thumb/v6-m/nofp/libc.a(lib_a-mallocr.o)
                              /usr/lib/gcc/arm-none-eabi/9.2.1/../../../arm-none-eabi/lib/thumb/v6-m/nofp/libc.a(lib_a-callocr.o) (_malloc_r)
/usr/lib/gcc/arm-none-eabi/9.2.1/../../../arm-none-eabi/lib/thumb/v6-m/nofp/libc.a(lib_a-mktime.o)
                              CMakeFiles/mcume.dir/FatFs_SPI/src/rtc.c.obj (mktime)
/usr/lib/gcc/arm-none-eabi/9.2.1/../../../arm-none-eabi/lib/thumb/v6-m/nofp/libc.a(lib_a-mlock.o)
                              /usr/lib/gcc/arm-none-eabi/9.2.1/../../../arm-none-eabi/lib/thumb/v6-m/nofp/libc.a(lib_a-freer.o) (__malloc_lock)
/usr/lib/gcc/arm-none-eabi/9.2.1/../../../arm-none-eabi/lib/thumb/v6-m/nofp/libc.a(lib_a-rand.o)
                              CMakeFiles/mcume.dir/picovga_t4/VGA_t4.cpp.obj (rand)
/usr/lib/gcc/arm-none-eabi/9.2.1/../../../arm-none-eabi/lib/thumb/v6-m/nofp/libc.a(lib_a-realloc.o)
                              CMakeFiles/mcume.dir/afs/inf.ed.ac.uk/user/s19/s1970742/Desktop/hons/MCUME/pico-sdk/src/rp2_common/pico_malloc/pico_malloc.c.obj (realloc)
/usr/lib/gcc/arm-none-eabi/9.2.1/../../../arm-none-eabi/lib/thumb/v6-m/nofp/libc.a(lib_a-reallocr.o)
                              /usr/lib/gcc/arm-none-eabi/9.2.1/../../../arm-none-eabi/lib/thumb/v6-m/nofp/libc.a(lib_a-realloc.o) (_realloc_r)
/usr/lib/gcc/arm-none-eabi/9.2.1/../../../arm-none-eabi/lib/thumb/v6-m/nofp/libc.a(lib_a-sbrkr.o)
                              /usr/lib/gcc/arm-none-eabi/9.2.1/../../../arm-none-eabi/lib/thumb/v6-m/nofp/libc.a(lib_a-freer.o) (_sbrk_r)
/usr/lib/gcc/arm-none-eabi/9.2.1/../../../arm-none-eabi/lib/thumb/v6-m/nofp/libc.a(lib_a-stdio.o)
                              /usr/lib/gcc/arm-none-eabi/9.2.1/../../../arm-none-eabi/lib/thumb/v6-m/nofp/libc.a(lib_a-findfp.o) (__sread)
[...]
Memory Configuration

Name             Origin             Length             Attributes
FLASH            0x0000000010000000 0x0000000000200000 xr
RAM              0x0000000020000000 0x0000000000040000 xrw
SCRATCH_X        0x0000000020040000 0x0000000000001000 xrw
SCRATCH_Y        0x0000000020041000 0x0000000000001000 xrw
*default*        0x0000000000000000 0xffffffffffffffff

Linker script and memory map

LOAD /usr/lib/gcc/arm-none-eabi/9.2.1/thumb/v6-m/nofp/crti.o
LOAD /usr/lib/gcc/arm-none-eabi/9.2.1/thumb/v6-m/nofp/crtbegin.o
LOAD /usr/lib/gcc/arm-none-eabi/9.2.1/../../../arm-none-eabi/lib/thumb/v6-m/nofp/crt0.o

.flash_begin    0x0000000010000000        0x0
                0x0000000010000000                __flash_binary_start = .

.boot2          0x0000000010000000      0x100
                0x0000000010000000                __boot2_start__ = .
 *(.boot2)
 .boot2         0x0000000010000000      0x100 /tmp/cc1BFaSR.o
                0x0000000010000100                __boot2_end__ = .
                0x0000000000000001                ASSERT (((__boot2_end__ - __boot2_start__) == 0x100), ERROR: Pico second stage bootloader must be 256 bytes in size)

.text           0x0000000010000100    0x18c50
                0x0000000010000100                __logical_binary_start = .
 *(.vectors)
 .vectors       0x0000000010000100       0xd4 CMakeFiles/mcume.dir/afs/inf.ed.ac.uk/user/s19/s1970742/Desktop/hons/MCUME/pico-sdk/src/rp2_common/pico_standard_link/crt0.S.obj
                0x0000000010000100                __vectors
                0x0000000010000100                __VECTOR_TABLE
                0x00000000100001c0                isr_invalid
                0x00000000100001c0                __default_isrs_start
                0x00000000100001c2                isr_nmi
                0x00000000100001c4                isr_hardfault
                0x00000000100001c6                isr_svcall
                0x00000000100001c8                isr_pendsv
                0x00000000100001ca                isr_systick
                0x00000000100001cc                isr_irq30
                0x00000000100001cc                __unhandled_user_irq
                0x00000000100001cc                isr_irq13
                0x00000000100001cc                isr_irq27
                0x00000000100001cc                isr_irq31
                0x00000000100001cc                isr_irq5
                0x00000000100001cc                isr_irq11
                0x00000000100001cc                isr_irq23
                0x00000000100001cc                isr_irq18
                0x00000000100001cc                isr_irq28
                0x00000000100001cc                isr_irq19
                0x00000000100001cc                isr_irq0
                0x00000000100001cc                isr_irq6
                0x00000000100001cc                isr_irq22
                0x00000000100001cc                isr_irq17
                0x00000000100001cc                isr_irq14
                0x00000000100001cc                isr_irq2
                0x00000000100001cc                isr_irq10
                0x00000000100001cc                isr_irq8
                0x00000000100001cc                isr_irq24
                0x00000000100001cc                isr_irq1
                0x00000000100001cc                isr_irq7
                0x00000000100001cc                isr_irq21
                0x00000000100001cc                isr_irq20
                0x00000000100001cc                isr_irq15
                0x00000000100001cc                isr_irq25
                0x00000000100001cc                isr_irq4
                0x00000000100001cc                isr_irq16
                0x00000000100001cc                isr_irq29
                0x00000000100001cc                isr_irq26
                0x00000000100001cc                __default_isrs_end
                0x00000000100001cc                isr_irq3
                0x00000000100001cc                isr_irq12
                0x00000000100001cc                isr_irq9
                0x00000000100001d2                unhandled_user_irq_num_in_r0
 *(.binary_info_header)
 .binary_info_header
                0x00000000100001d4       0x14 CMakeFiles/mcume.dir/afs/inf.ed.ac.uk/user/s19/s1970742/Desktop/hons/MCUME/pico-sdk/src/rp2_common/pico_standard_link/crt0.S.obj
                0x00000000100001e8                __binary_info_header_end = .
 *(.reset)
 .reset         0x00000000100001e8       0xa8 CMakeFiles/mcume.dir/afs/inf.ed.ac.uk/user/s19/s1970742/Desktop/hons/MCUME/pico-sdk/src/rp2_common/pico_standard_link/crt0.S.obj
                0x00000000100001e8                _entry_point
                0x0000000010000266                __get_current_exception
 .reset         0x0000000010000290       0x30 CMakeFiles/mcume.dir/afs/inf.ed.ac.uk/user/s19/s1970742/Desktop/hons/MCUME/pico-sdk/src/rp2_common/pico_standard_link/binary_info.c.obj
 *(.init)
 .init          0x00000000100002c0        0x4 /usr/lib/gcc/arm-none-eabi/9.2.1/thumb/v6-m/nofp/crti.o
                0x00000000100002c0                _init
 *(EXCLUDE_FILE(*libm.a: *libc.a:*lib_a-mem*.o *libgcc.a:) .text*)
 .text          0x00000000100002c4       0x98 /usr/lib/gcc/arm-none-eabi/9.2.1/thumb/v6-m/nofp/crtbegin.o
 .text.CodesCB  0x000000001000035c     0x1598 CMakeFiles/mcume.dir/picospeccy/Z80.c.obj
 .text.CodesDD  0x00000000100018f4     0x23bc CMakeFiles/mcume.dir/picospeccy/Z80.c.obj
 .text.CodesED  0x0000000010003cb0      0x864 CMakeFiles/mcume.dir/picospeccy/Z80.c.obj
 .text.ResetZ80
                0x0000000010004514       0x28 CMakeFiles/mcume.dir/picospeccy/Z80.c.obj
                0x0000000010004514                ResetZ80
 .text.IntZ80   0x000000001000453c      0x110 CMakeFiles/mcume.dir/picospeccy/Z80.c.obj
                0x000000001000453c                IntZ80
 .text.ExecZ80  0x000000001000464c     0x48c4 CMakeFiles/mcume.dir/picospeccy/Z80.c.obj
                0x000000001000464c                ExecZ80
 .text.Reset8910
                0x0000000010008f10       0x4c CMakeFiles/mcume.dir/picospeccy/AY8910.c.obj
                0x0000000010008f10                Reset8910
 .text.WrCtrl8910
                0x0000000010008f5c        0xc CMakeFiles/mcume.dir/picospeccy/AY8910.c.obj
                0x0000000010008f5c                WrCtrl8910
 .text.WrData8910
                0x0000000010008f68      0x384 CMakeFiles/mcume.dir/picospeccy/AY8910.c.obj
                0x0000000010008f68                WrData8910
 .text.RdData8910
                0x00000000100092ec        0x8 CMakeFiles/mcume.dir/picospeccy/AY8910.c.obj
                0x00000000100092ec                RdData8910
 .text.Loop8910
                0x00000000100092f4      0x174 CMakeFiles/mcume.dir/picospeccy/AY8910.c.obj
                0x00000000100092f4                Loop8910
 .text.spec_Input
                0x0000000010009468       0x1c CMakeFiles/mcume.dir/picospeccy/spec.c.obj
                0x0000000010009468                spec_Input
 .text.displayscanline
                0x0000000010009484      0x184 CMakeFiles/mcume.dir/picospeccy/spec.c.obj
                0x0000000010009484                displayscanline
 .text.spec_Start
                0x0000000010009608       0x9c CMakeFiles/mcume.dir/picospeccy/spec.c.obj
                0x0000000010009608                spec_Start
 .text.spec_Init
                0x00000000100096a4       0x80 CMakeFiles/mcume.dir/picospeccy/spec.c.obj
                0x00000000100096a4                spec_Init
 .text.spec_Step
                0x0000000010009724      0x1f0 CMakeFiles/mcume.dir/picospeccy/spec.c.obj
                0x0000000010009724                spec_Step
 .text.WrZ80    0x0000000010009914       0x20 CMakeFiles/mcume.dir/picospeccy/spec.c.obj
                0x0000000010009914                WrZ80
 .text.RdZ80    0x0000000010009934       0x28 CMakeFiles/mcume.dir/picospeccy/spec.c.obj
                0x0000000010009934                RdZ80
 .text.OutZ80   0x000000001000995c       0x7c CMakeFiles/mcume.dir/picospeccy/spec.c.obj
                0x000000001000995c                OutZ80
 .text.InZ80    0x00000000100099d8       0x94 CMakeFiles/mcume.dir/picospeccy/spec.c.obj
                0x00000000100099d8                InZ80
 .text.PatchZ80
                0x0000000010009a6c        0x4 CMakeFiles/mcume.dir/picospeccy/spec.c.obj
                0x0000000010009a6c                PatchZ80
 .text.ZX_ReadFromFlash_SNA
                0x0000000010009a70       0xe0 CMakeFiles/mcume.dir/picospeccy/zx_filetyp_z80.c.obj
                0x0000000010009a70                ZX_ReadFromFlash_SNA
 .text.p_decompFlashBlock
                0x0000000010009b50      0x118 CMakeFiles/mcume.dir/picospeccy/zx_filetyp_z80.c.obj
                0x0000000010009b50                p_decompFlashBlock
 .text.ZX_ReadFromFlash_Z80
                0x0000000010009c68      0x1c8 CMakeFiles/mcume.dir/picospeccy/zx_filetyp_z80.c.obj
                0x0000000010009c68                ZX_ReadFromFlash_Z80
 .text._ZL11readNbFilesPc.constprop.0
                0x0000000010009e30       0xc0 CMakeFiles/mcume.dir/picospeccy/emuapi.cpp.obj
 .text.emu_Malloc
                0x0000000010009ef0       0x68 CMakeFiles/mcume.dir/picospeccy/emuapi.cpp.obj
                0x0000000010009ef0                emu_Malloc
 .text.emu_Free
                0x0000000010009f58        0x8 CMakeFiles/mcume.dir/picospeccy/emuapi.cpp.obj
                0x0000000010009f58                emu_Free
 .text.emu_GetPad
                0x0000000010009f60        0xc CMakeFiles/mcume.dir/picospeccy/emuapi.cpp.obj
                0x0000000010009f60                emu_GetPad
 .text.emu_ReadKeys
                0x0000000010009f6c       0xb4 CMakeFiles/mcume.dir/picospeccy/emuapi.cpp.obj
                0x0000000010009f6c                emu_ReadKeys
 .text.emu_DebounceLocalKeys
                0x000000001000a020       0xc0 CMakeFiles/mcume.dir/picospeccy/emuapi.cpp.obj
                0x000000001000a020                emu_DebounceLocalKeys
 .text.emu_ReadI2CKeyboard
                0x000000001000a0e0        0x4 CMakeFiles/mcume.dir/picospeccy/emuapi.cpp.obj
                0x000000001000a0e0                emu_ReadI2CKeyboard
 .text.emu_InitJoysticks
                0x000000001000a0e4       0x90 CMakeFiles/mcume.dir/picospeccy/emuapi.cpp.obj
                0x000000001000a0e4                emu_InitJoysticks
 .text._Z10handleMenut
                0x000000001000a174      0x2bc CMakeFiles/mcume.dir/picospeccy/emuapi.cpp.obj
                0x000000001000a174                handleMenu(unsigned short)
 .text._Z10menuActivev
                0x000000001000a430        0xc CMakeFiles/mcume.dir/picospeccy/emuapi.cpp.obj
                0x000000001000a430                menuActive()
 .text._Z10toggleMenub
                0x000000001000a43c       0x4c CMakeFiles/mcume.dir/picospeccy/emuapi.cpp.obj
                0x000000001000a43c                toggleMenu(bool)
 .text._Z13menuSelectionv
                0x000000001000a488        0x8 CMakeFiles/mcume.dir/picospeccy/emuapi.cpp.obj
                0x000000001000a488                menuSelection()
 .text.emu_FileOpen
                0x000000001000a490       0x3c CMakeFiles/mcume.dir/picospeccy/emuapi.cpp.obj
                0x000000001000a490                emu_FileOpen
 .text.emu_FileRead
                0x000000001000a4cc       0x20 CMakeFiles/mcume.dir/picospeccy/emuapi.cpp.obj
                0x000000001000a4cc                emu_FileRead
 .text.emu_FileClose
                0x000000001000a4ec       0x10 CMakeFiles/mcume.dir/picospeccy/emuapi.cpp.obj
                0x000000001000a4ec                emu_FileClose
 .text.emu_LoadFile
                0x000000001000a4fc       0x78 CMakeFiles/mcume.dir/picospeccy/emuapi.cpp.obj
                0x000000001000a4fc                emu_LoadFile
 .text.emu_init
                0x000000001000a574      0x148 CMakeFiles/mcume.dir/picospeccy/emuapi.cpp.obj
                0x000000001000a574                emu_init
 .text.emu_start
                0x000000001000a6bc        0xc CMakeFiles/mcume.dir/picospeccy/emuapi.cpp.obj
                0x000000001000a6bc                emu_start
 .text._Z24repeating_timer_callbackP15repeating_timer
                0x000000001000a6c8       0x24 CMakeFiles/mcume.dir/picospeccy/picospeccy.cpp.obj
                0x000000001000a6c8                repeating_timer_callback(repeating_timer*)
 .text.startup.main
                0x000000001000a6ec       0xbc CMakeFiles/mcume.dir/picospeccy/picospeccy.cpp.obj
                0x000000001000a6ec                main
 .text.emu_SetPaletteEntry
                0x000000001000a7a8       0x1c CMakeFiles/mcume.dir/picospeccy/picospeccy.cpp.obj
                0x000000001000a7a8                emu_SetPaletteEntry
 .text.emu_DrawVsync
                0x000000001000a7c4       0x28 CMakeFiles/mcume.dir/picospeccy/picospeccy.cpp.obj
                0x000000001000a7c4                emu_DrawVsync
 .text.emu_DrawLine
                0x000000001000a7ec       0x2c CMakeFiles/mcume.dir/picospeccy/picospeccy.cpp.obj
                0x000000001000a7ec                emu_DrawLine
 .text.emu_sndInit
                0x000000001000a818       0x24 CMakeFiles/mcume.dir/picospeccy/picospeccy.cpp.obj
                0x000000001000a818                emu_sndInit
 .text.emu_sndPlaySound
                0x000000001000a83c       0x18 CMakeFiles/mcume.dir/picospeccy/picospeccy.cpp.obj
                0x000000001000a83c                emu_sndPlaySound
 .text.emu_sndPlayBuzz
                0x000000001000a854       0x24 CMakeFiles/mcume.dir/picospeccy/picospeccy.cpp.obj
                0x000000001000a854                emu_sndPlayBuzz
 .text.startup._GLOBAL__sub_I_vbl
                0x000000001000a878       0x10 CMakeFiles/mcume.dir/picospeccy/picospeccy.cpp.obj
 .text._ZN15AudioPlaySystem9snd_MixerEPsi
                0x000000001000a888      0x1ec CMakeFiles/mcume.dir/picospeccy/AudioPlaySystem.cpp.obj
                0x000000001000a888                AudioPlaySystem::snd_Mixer(short*, int)
 .text._ZN15AudioPlaySystem5startEv
                0x000000001000aa74        0xc CMakeFiles/mcume.dir/picospeccy/AudioPlaySystem.cpp.obj
                0x000000001000aa74                AudioPlaySystem::start()
 .text._ZN15AudioPlaySystem5soundEiii
                0x000000001000aa80       0x1c CMakeFiles/mcume.dir/picospeccy/AudioPlaySystem.cpp.obj
                0x000000001000aa80                AudioPlaySystem::sound(int, int, int)
 .text._ZL10core1_funcv
                0x000000001000aa9c       0x60 CMakeFiles/mcume.dir/picovga_t4/VGA_t4.cpp.obj
 .text._ZL13core1_sio_irqv
                0x000000001000aafc       0x84 CMakeFiles/mcume.dir/picovga_t4/VGA_t4.cpp.obj
 .text._ZL9AUDIO_isrv
                0x000000001000ab80       0x90 CMakeFiles/mcume.dir/picovga_t4/VGA_t4.cpp.obj
 .text._ZN6VGA_T4C2Ev
                0x000000001000ac10        0x4 CMakeFiles/mcume.dir/picovga_t4/VGA_t4.cpp.obj
                0x000000001000ac10                VGA_T4::VGA_T4()
                0x000000001000ac10                VGA_T4::VGA_T4()
 .text._ZN6VGA_T45beginE10vga_mode_t
                0x000000001000ac14      0x154 CMakeFiles/mcume.dir/picovga_t4/VGA_t4.cpp.obj
                0x000000001000ac14                VGA_T4::begin(vga_mode_t)
 .text._ZN6VGA_T48waitSyncEv
                0x000000001000ad68        0x8 CMakeFiles/mcume.dir/picovga_t4/VGA_t4.cpp.obj
                0x000000001000ad68                VGA_T4::waitSync()
 .text._ZN6VGA_T45clearEh
                0x000000001000ad70       0x54 CMakeFiles/mcume.dir/picovga_t4/VGA_t4.cpp.obj
                0x000000001000ad70                VGA_T4::clear(unsigned char)
 .text._ZN6VGA_T48drawRectEssssh
                0x000000001000adc4       0x54 CMakeFiles/mcume.dir/picovga_t4/VGA_t4.cpp.obj
                0x000000001000adc4                VGA_T4::drawRect(short, short, short, short, unsigned char)
 .text._ZN6VGA_T48drawTextEssPKchhb
                0x000000001000ae18      0x278 CMakeFiles/mcume.dir/picovga_t4/VGA_t4.cpp.obj
                0x000000001000ae18                VGA_T4::drawText(short, short, char const*, unsigned char, unsigned char, bool)
 .text._ZN6VGA_T49writeLineEiiiPhS0_
                0x000000001000b090       0xa0 CMakeFiles/mcume.dir/picovga_t4/VGA_t4.cpp.obj
                0x000000001000b090                VGA_T4::writeLine(int, int, int, unsigned char*, unsigned char*)
 .text._ZN6VGA_T411begin_audioEiPFvPsiE
                0x000000001000b130       0xb4 CMakeFiles/mcume.dir/picovga_t4/VGA_t4.cpp.obj
                0x000000001000b130                VGA_T4::begin_audio(int, void (*)(short*, int))
 .text._Z10VgaPioInitv
                0x000000001000b1e4      0x100 CMakeFiles/mcume.dir/picovga_t4/vga.cpp.obj
                0x000000001000b1e4                VgaPioInit()
 .text._Z10VgaBufInitv
                0x000000001000b2e4       0xd4 CMakeFiles/mcume.dir/picovga_t4/vga.cpp.obj
                0x000000001000b2e4                VgaBufInit()
 .text._Z7VgaInitPK6sVmodePhiii
                0x000000001000b3b8      0x194 CMakeFiles/mcume.dir/picovga_t4/vga.cpp.obj
                0x000000001000b3b8                VgaInit(sVmode const*, unsigned char*, int, int, int)
 .text._Z9WaitVSyncv
                0x000000001000b54c       0x28 CMakeFiles/mcume.dir/picovga_t4/vga.cpp.obj
                0x000000001000b54c                WaitVSync()
 .text._Z6VgaCfgPK7sVgaCfgP6sVmode
                0x000000001000b574      0x5c0 CMakeFiles/mcume.dir/picovga_t4/vga_vmode.cpp.obj
                0x000000001000b574                VgaCfg(sVgaCfg const*, sVmode*)
 .text._Z5Videohh
                0x000000001000bb34       0xb0 CMakeFiles/mcume.dir/picovga_t4/vga_vmode.cpp.obj
                0x000000001000bb34                Video(unsigned char, unsigned char)
 .text.core1_trampoline
                0x000000001000bbe4        0x4 CMakeFiles/mcume.dir/afs/inf.ed.ac.uk/user/s19/s1970742/Desktop/hons/MCUME/pico-sdk/src/rp2_common/pico_multicore/multicore.c.obj
 .text.core1_wrapper
                0x000000001000bbe8        0xc CMakeFiles/mcume.dir/afs/inf.ed.ac.uk/user/s19/s1970742/Desktop/hons/MCUME/pico-sdk/src/rp2_common/pico_multicore/multicore.c.obj
                0x000000001000bbe8                core1_wrapper
 .text.multicore_fifo_push_blocking
                0x000000001000bbf4       0x14 CMakeFiles/mcume.dir/afs/inf.ed.ac.uk/user/s19/s1970742/Desktop/hons/MCUME/pico-sdk/src/rp2_common/pico_multicore/multicore.c.obj
                0x000000001000bbf4                multicore_fifo_push_blocking
 .text.multicore_fifo_pop_blocking
                0x000000001000bc08       0x1c CMakeFiles/mcume.dir/afs/inf.ed.ac.uk/user/s19/s1970742/Desktop/hons/MCUME/pico-sdk/src/rp2_common/pico_multicore/multicore.c.obj
                0x000000001000bc08                multicore_fifo_pop_blocking
 .text.multicore_launch_core1_raw
                0x000000001000bc24       0x84 CMakeFiles/mcume.dir/afs/inf.ed.ac.uk/user/s19/s1970742/Desktop/hons/MCUME/pico-sdk/src/rp2_common/pico_multicore/multicore.c.obj
                0x000000001000bc24                multicore_launch_core1_raw
 .text.multicore_launch_core1
                0x000000001000bca8       0x4c CMakeFiles/mcume.dir/afs/inf.ed.ac.uk/user/s19/s1970742/Desktop/hons/MCUME/pico-sdk/src/rp2_common/pico_multicore/multicore.c.obj
                0x000000001000bca8                multicore_launch_core1
 .text.sem_init
                0x000000001000bcf4       0x20 CMakeFiles/mcume.dir/afs/inf.ed.ac.uk/user/s19/s1970742/Desktop/hons/MCUME/pico-sdk/src/common/pico_sync/sem.c.obj
                0x000000001000bcf4                sem_init
 .text.lock_init
                0x000000001000bd14       0x10 CMakeFiles/mcume.dir/afs/inf.ed.ac.uk/user/s19/s1970742/Desktop/hons/MCUME/pico-sdk/src/common/pico_sync/lock_core.c.obj
                0x000000001000bd14                lock_init
 .text.spin_locks_reset
                0x000000001000bd24       0x1c CMakeFiles/mcume.dir/afs/inf.ed.ac.uk/user/s19/s1970742/Desktop/hons/MCUME/pico-sdk/src/rp2_common/hardware_sync/sync.c.obj
                0x000000001000bd24                spin_locks_reset
 .text.next_striped_spin_lock_num
                0x000000001000bd40       0x18 CMakeFiles/mcume.dir/afs/inf.ed.ac.uk/user/s19/s1970742/Desktop/hons/MCUME/pico-sdk/src/rp2_common/hardware_sync/sync.c.obj
                0x000000001000bd40                next_striped_spin_lock_num
 .text.hw_claim_lock
                0x000000001000bd58       0x18 CMakeFiles/mcume.dir/afs/inf.ed.ac.uk/user/s19/s1970742/Desktop/hons/MCUME/pico-sdk/src/rp2_common/hardware_claim/claim.c.obj
                0x000000001000bd58                hw_claim_lock
 .text.hw_claim_unlock
                0x000000001000bd70       0x14 CMakeFiles/mcume.dir/afs/inf.ed.ac.uk/user/s19/s1970742/Desktop/hons/MCUME/pico-sdk/src/rp2_common/hardware_claim/claim.c.obj
                0x000000001000bd70                hw_claim_unlock
 .text.hw_claim_or_assert
                0x000000001000bd84       0x48 CMakeFiles/mcume.dir/afs/inf.ed.ac.uk/user/s19/s1970742/Desktop/hons/MCUME/pico-sdk/src/rp2_common/hardware_claim/claim.c.obj
                0x000000001000bd84                hw_claim_or_assert
 .text.hw_claim_unused_from_range
                0x000000001000bdcc       0x9c CMakeFiles/mcume.dir/afs/inf.ed.ac.uk/user/s19/s1970742/Desktop/hons/MCUME/pico-sdk/src/rp2_common/hardware_claim/claim.c.obj
                0x000000001000bdcc                hw_claim_unused_from_range
 .text.running_on_fpga
                0x000000001000be68       0x10 CMakeFiles/mcume.dir/afs/inf.ed.ac.uk/user/s19/s1970742/Desktop/hons/MCUME/pico-sdk/src/rp2_common/pico_platform/platform.c.obj
                0x000000001000be68                running_on_fpga
 .text.timer_pool_entry_comparator
                0x000000001000be78       0x34 CMakeFiles/mcume.dir/afs/inf.ed.ac.uk/user/s19/s1970742/Desktop/hons/MCUME/pico-sdk/src/common/pico_time/time.c.obj
                0x000000001000be78                timer_pool_entry_comparator
 .text.repeating_timer_callback
                0x000000001000beac       0x1c CMakeFiles/mcume.dir/afs/inf.ed.ac.uk/user/s19/s1970742/Desktop/hons/MCUME/pico-sdk/src/common/pico_time/time.c.obj
 .text.sleep_until_callback
                0x000000001000bec8       0x30 CMakeFiles/mcume.dir/afs/inf.ed.ac.uk/user/s19/s1970742/Desktop/hons/MCUME/pico-sdk/src/common/pico_time/time.c.obj
 .text.alarm_pool_add_alarm_at.constprop.0
                0x000000001000bef8      0x128 CMakeFiles/mcume.dir/afs/inf.ed.ac.uk/user/s19/s1970742/Desktop/hons/MCUME/pico-sdk/src/common/pico_time/time.c.obj
 .text.add_alarm_under_lock
                0x000000001000c020      0x108 CMakeFiles/mcume.dir/afs/inf.ed.ac.uk/user/s19/s1970742/Desktop/hons/MCUME/pico-sdk/src/common/pico_time/time.c.obj
 .text.alarm_pool_alarm_callback
                0x000000001000c128      0x1c8 CMakeFiles/mcume.dir/afs/inf.ed.ac.uk/user/s19/s1970742/Desktop/hons/MCUME/pico-sdk/src/common/pico_time/time.c.obj
 .text.alarm_pool_init_default
                0x000000001000c2f0       0x64 CMakeFiles/mcume.dir/afs/inf.ed.ac.uk/user/s19/s1970742/Desktop/hons/MCUME/pico-sdk/src/common/pico_time/time.c.obj
                0x000000001000c2f0                alarm_pool_init_default
 .text.alarm_pool_get_default
                0x000000001000c354        0x8 CMakeFiles/mcume.dir/afs/inf.ed.ac.uk/user/s19/s1970742/Desktop/hons/MCUME/pico-sdk/src/common/pico_time/time.c.obj
                0x000000001000c354                alarm_pool_get_default
 .text.alarm_pool_add_repeating_timer_us
                0x000000001000c35c      0x240 CMakeFiles/mcume.dir/afs/inf.ed.ac.uk/user/s19/s1970742/Desktop/hons/MCUME/pico-sdk/src/common/pico_time/time.c.obj
                0x000000001000c35c                alarm_pool_add_repeating_timer_us
 .text.best_effort_wfe_or_timeout
                0x000000001000c59c       0xd4 CMakeFiles/mcume.dir/afs/inf.ed.ac.uk/user/s19/s1970742/Desktop/hons/MCUME/pico-sdk/src/common/pico_time/time.c.obj
                0x000000001000c59c                best_effort_wfe_or_timeout
 .text.hardware_alarm_irq_handler
                0x000000001000c670       0xb8 CMakeFiles/mcume.dir/afs/inf.ed.ac.uk/user/s19/s1970742/Desktop/hons/MCUME/pico-sdk/src/rp2_common/hardware_timer/timer.c.obj
 .text.hardware_alarm_claim
                0x000000001000c728       0x18 CMakeFiles/mcume.dir/afs/inf.ed.ac.uk/user/s19/s1970742/Desktop/hons/MCUME/pico-sdk/src/rp2_common/hardware_timer/timer.c.obj
                0x000000001000c728                hardware_alarm_claim
 .text.time_us_64
                0x000000001000c740       0x14 CMakeFiles/mcume.dir/afs/inf.ed.ac.uk/user/s19/s1970742/Desktop/hons/MCUME/pico-sdk/src/rp2_common/hardware_timer/timer.c.obj
                0x000000001000c740                time_us_64
 .text.busy_wait_us
                0x000000001000c754       0x54 CMakeFiles/mcume.dir/afs/inf.ed.ac.uk/user/s19/s1970742/Desktop/hons/MCUME/pico-sdk/src/rp2_common/hardware_timer/timer.c.obj
                0x000000001000c754                busy_wait_us
 .text.hardware_alarm_set_callback
                0x000000001000c7a8       0x8c CMakeFiles/mcume.dir/afs/inf.ed.ac.uk/user/s19/s1970742/Desktop/hons/MCUME/pico-sdk/src/rp2_common/hardware_timer/timer.c.obj
                0x000000001000c7a8                hardware_alarm_set_callback
 .text.hardware_alarm_set_target
                0x000000001000c834       0xe4 CMakeFiles/mcume.dir/afs/inf.ed.ac.uk/user/s19/s1970742/Desktop/hons/MCUME/pico-sdk/src/rp2_common/hardware_timer/timer.c.obj
                0x000000001000c834                hardware_alarm_set_target
 .text.hardware_alarm_cancel
                0x000000001000c918       0x40 CMakeFiles/mcume.dir/afs/inf.ed.ac.uk/user/s19/s1970742/Desktop/hons/MCUME/pico-sdk/src/rp2_common/hardware_timer/timer.c.obj
                0x000000001000c918                hardware_alarm_cancel
 .text.ph_merge_nodes
                0x000000001000c958       0x68 CMakeFiles/mcume.dir/afs/inf.ed.ac.uk/user/s19/s1970742/Desktop/hons/MCUME/pico-sdk/src/common/pico_util/pheap.c.obj
 .text.ph_post_alloc_init
                0x000000001000c9c0       0x3c CMakeFiles/mcume.dir/afs/inf.ed.ac.uk/user/s19/s1970742/Desktop/hons/MCUME/pico-sdk/src/common/pico_util/pheap.c.obj
                0x000000001000c9c0                ph_post_alloc_init
 .text.ph_merge_two_pass
                0x000000001000c9fc       0x90 CMakeFiles/mcume.dir/afs/inf.ed.ac.uk/user/s19/s1970742/Desktop/hons/MCUME/pico-sdk/src/common/pico_util/pheap.c.obj
                0x000000001000c9fc                ph_merge_two_pass
 .text.ph_remove_any_head
                0x000000001000ca8c       0xf8 CMakeFiles/mcume.dir/afs/inf.ed.ac.uk/user/s19/s1970742/Desktop/hons/MCUME/pico-sdk/src/common/pico_util/pheap.c.obj
 .text.ph_remove_head
                0x000000001000cb84      0x13c CMakeFiles/mcume.dir/afs/inf.ed.ac.uk/user/s19/s1970742/Desktop/hons/MCUME/pico-sdk/src/common/pico_util/pheap.c.obj
                0x000000001000cb84                ph_remove_head
 .text.ph_remove_and_free_node
                0x000000001000ccc0       0x7c CMakeFiles/mcume.dir/afs/inf.ed.ac.uk/user/s19/s1970742/Desktop/hons/MCUME/pico-sdk/src/common/pico_util/pheap.c.obj
                0x000000001000ccc0                ph_remove_and_free_node
 .text.mutex_init
                0x000000001000cd3c       0x1c CMakeFiles/mcume.dir/afs/inf.ed.ac.uk/user/s19/s1970742/Desktop/hons/MCUME/pico-sdk/src/common/pico_sync/mutex.c.obj
                0x000000001000cd3c                mutex_init
 .text.recursive_mutex_init
                0x000000001000cd58       0x1c CMakeFiles/mcume.dir/afs/inf.ed.ac.uk/user/s19/s1970742/Desktop/hons/MCUME/pico-sdk/src/common/pico_sync/mutex.c.obj
                0x000000001000cd58                recursive_mutex_init
 .text.irq_set_enabled
                0x000000001000cd74       0x24 CMakeFiles/mcume.dir/afs/inf.ed.ac.uk/user/s19/s1970742/Desktop/hons/MCUME/pico-sdk/src/rp2_common/hardware_irq/irq.c.obj
                0x000000001000cd74                irq_set_enabled
 .text.irq_is_enabled
                0x000000001000cd98       0x18 CMakeFiles/mcume.dir/afs/inf.ed.ac.uk/user/s19/s1970742/Desktop/hons/MCUME/pico-sdk/src/rp2_common/hardware_irq/irq.c.obj
                0x000000001000cd98                irq_is_enabled
 .text.irq_get_vtable_handler
                0x000000001000cdb0       0x10 CMakeFiles/mcume.dir/afs/inf.ed.ac.uk/user/s19/s1970742/Desktop/hons/MCUME/pico-sdk/src/rp2_common/hardware_irq/irq.c.obj
                0x000000001000cdb0                irq_get_vtable_handler
 .text.irq_set_exclusive_handler
                0x000000001000cdc0       0x54 CMakeFiles/mcume.dir/afs/inf.ed.ac.uk/user/s19/s1970742/Desktop/hons/MCUME/pico-sdk/src/rp2_common/hardware_irq/irq.c.obj
                0x000000001000cdc0                irq_set_exclusive_handler
 .text.irq_remove_handler
                0x000000001000ce14      0x1b4 CMakeFiles/mcume.dir/afs/inf.ed.ac.uk/user/s19/s1970742/Desktop/hons/MCUME/pico-sdk/src/rp2_common/hardware_irq/irq.c.obj
                0x000000001000ce14                irq_remove_handler
 .text.irq_set_priority
                0x000000001000cfc8       0x28 CMakeFiles/mcume.dir/afs/inf.ed.ac.uk/user/s19/s1970742/Desktop/hons/MCUME/pico-sdk/src/rp2_common/hardware_irq/irq.c.obj
                0x000000001000cfc8                irq_set_priority
 .text.irq_add_tail_to_free_list
                0x000000001000cff0       0xb8 CMakeFiles/mcume.dir/afs/inf.ed.ac.uk/user/s19/s1970742/Desktop/hons/MCUME/pico-sdk/src/rp2_common/hardware_irq/irq.c.obj
                0x000000001000cff0                irq_add_tail_to_free_list
 .text.irq_init_priorities
                0x000000001000d0a8       0x24 CMakeFiles/mcume.dir/afs/inf.ed.ac.uk/user/s19/s1970742/Desktop/hons/MCUME/pico-sdk/src/rp2_common/hardware_irq/irq.c.obj
                0x000000001000d0a8                irq_init_priorities
 .text.set_sys_clock_pll
                0x000000001000d0cc       0x78 CMakeFiles/mcume.dir/afs/inf.ed.ac.uk/user/s19/s1970742/Desktop/hons/MCUME/pico-sdk/src/rp2_common/pico_stdlib/stdlib.c.obj
                0x000000001000d0cc                set_sys_clock_pll
 .text.check_sys_clock_khz
                0x000000001000d144      0x16c CMakeFiles/mcume.dir/afs/inf.ed.ac.uk/user/s19/s1970742/Desktop/hons/MCUME/pico-sdk/src/rp2_common/pico_stdlib/stdlib.c.obj
                0x000000001000d144                check_sys_clock_khz
 .text.gpio_set_function
                0x000000001000d2b0       0x30 CMakeFiles/mcume.dir/afs/inf.ed.ac.uk/user/s19/s1970742/Desktop/hons/MCUME/pico-sdk/src/rp2_common/hardware_gpio/gpio.c.obj
                0x000000001000d2b0                gpio_set_function
 .text.gpio_set_pulls
                0x000000001000d2e0       0x30 CMakeFiles/mcume.dir/afs/inf.ed.ac.uk/user/s19/s1970742/Desktop/hons/MCUME/pico-sdk/src/rp2_common/hardware_gpio/gpio.c.obj
                0x000000001000d2e0                gpio_set_pulls
 .text.gpio_set_outover
                0x000000001000d310       0x24 CMakeFiles/mcume.dir/afs/inf.ed.ac.uk/user/s19/s1970742/Desktop/hons/MCUME/pico-sdk/src/rp2_common/hardware_gpio/gpio.c.obj
                0x000000001000d310                gpio_set_outover
 .text.gpio_set_input_enabled
                0x000000001000d334       0x28 CMakeFiles/mcume.dir/afs/inf.ed.ac.uk/user/s19/s1970742/Desktop/hons/MCUME/pico-sdk/src/rp2_common/hardware_gpio/gpio.c.obj
                0x000000001000d334                gpio_set_input_enabled
 .text.gpio_init
                0x000000001000d35c       0x3c CMakeFiles/mcume.dir/afs/inf.ed.ac.uk/user/s19/s1970742/Desktop/hons/MCUME/pico-sdk/src/rp2_common/hardware_gpio/gpio.c.obj
                0x000000001000d35c                gpio_init
 .text.uart_init
                0x000000001000d398       0xe4 CMakeFiles/mcume.dir/afs/inf.ed.ac.uk/user/s19/s1970742/Desktop/hons/MCUME/pico-sdk/src/rp2_common/hardware_uart/uart.c.obj
                0x000000001000d398                uart_init
 .text.hw_divider_save_state
                0x000000001000d47c       0x1c CMakeFiles/mcume.dir/afs/inf.ed.ac.uk/user/s19/s1970742/Desktop/hons/MCUME/pico-sdk/src/rp2_common/hardware_divider/divider.S.obj
                0x000000001000d47c                hw_divider_save_state
 .text.hw_divider_restore_state
                0x000000001000d498       0x14 CMakeFiles/mcume.dir/afs/inf.ed.ac.uk/user/s19/s1970742/Desktop/hons/MCUME/pico-sdk/src/rp2_common/hardware_divider/divider.S.obj
                0x000000001000d498                hw_divider_restore_state
 .text.runtime_init
                0x000000001000d4ac       0xf0 CMakeFiles/mcume.dir/afs/inf.ed.ac.uk/user/s19/s1970742/Desktop/hons/MCUME/pico-sdk/src/rp2_common/pico_runtime/runtime.c.obj
                0x000000001000d4ac                runtime_init
 .text._sbrk    0x000000001000d59c       0x34 CMakeFiles/mcume.dir/afs/inf.ed.ac.uk/user/s19/s1970742/Desktop/hons/MCUME/pico-sdk/src/rp2_common/pico_runtime/runtime.c.obj
                0x000000001000d59c                _sbrk
 .text.exit     0x000000001000d5d0        0x4 CMakeFiles/mcume.dir/afs/inf.ed.ac.uk/user/s19/s1970742/Desktop/hons/MCUME/pico-sdk/src/rp2_common/pico_runtime/runtime.c.obj
                0x000000001000d5d0                exit
 .text.panic    0x000000001000d5d4       0x30 CMakeFiles/mcume.dir/afs/inf.ed.ac.uk/user/s19/s1970742/Desktop/hons/MCUME/pico-sdk/src/rp2_common/pico_runtime/runtime.c.obj
                0x000000001000d5d4                panic
 .text.hard_assertion_failure
                0x000000001000d604        0xc CMakeFiles/mcume.dir/afs/inf.ed.ac.uk/user/s19/s1970742/Desktop/hons/MCUME/pico-sdk/src/rp2_common/pico_runtime/runtime.c.obj
                0x000000001000d604                hard_assertion_failure
 .text.clock_configure
                0x000000001000d610      0x114 CMakeFiles/mcume.dir/afs/inf.ed.ac.uk/user/s19/s1970742/Desktop/hons/MCUME/pico-sdk/src/rp2_common/hardware_clocks/clocks.c.obj
                0x000000001000d610                clock_configure
 .text.clocks_init
                0x000000001000d724      0x2bc CMakeFiles/mcume.dir/afs/inf.ed.ac.uk/user/s19/s1970742/Desktop/hons/MCUME/pico-sdk/src/rp2_common/hardware_clocks/clocks.c.obj
                0x000000001000d724                clocks_init
 .text.clock_get_hz
                0x000000001000d9e0        0xc CMakeFiles/mcume.dir/afs/inf.ed.ac.uk/user/s19/s1970742/Desktop/hons/MCUME/pico-sdk/src/rp2_common/hardware_clocks/clocks.c.obj
                0x000000001000d9e0                clock_get_hz
 .text.pll_init
                0x000000001000d9ec       0xa8 CMakeFiles/mcume.dir/afs/inf.ed.ac.uk/user/s19/s1970742/Desktop/hons/MCUME/pico-sdk/src/rp2_common/hardware_pll/pll.c.obj
                0x000000001000d9ec                pll_init
 .text.watchdog_start_tick
                0x000000001000da94       0x10 CMakeFiles/mcume.dir/afs/inf.ed.ac.uk/user/s19/s1970742/Desktop/hons/MCUME/pico-sdk/src/rp2_common/hardware_watchdog/watchdog.c.obj
                0x000000001000da94                watchdog_start_tick
 .text.xosc_init
                0x000000001000daa4       0x28 CMakeFiles/mcume.dir/afs/inf.ed.ac.uk/user/s19/s1970742/Desktop/hons/MCUME/pico-sdk/src/rp2_common/hardware_xosc/xosc.c.obj
                0x000000001000daa4                xosc_init
 .text._out_buffer
                0x000000001000dacc        0x8 CMakeFiles/mcume.dir/afs/inf.ed.ac.uk/user/s19/s1970742/Desktop/hons/MCUME/pico-sdk/src/rp2_common/pico_printf/printf.c.obj
 .text._out_null
                0x000000001000dad4        0x4 CMakeFiles/mcume.dir/afs/inf.ed.ac.uk/user/s19/s1970742/Desktop/hons/MCUME/pico-sdk/src/rp2_common/pico_printf/printf.c.obj
 .text._out_rev
                0x000000001000dad8       0xd0 CMakeFiles/mcume.dir/afs/inf.ed.ac.uk/user/s19/s1970742/Desktop/hons/MCUME/pico-sdk/src/rp2_common/pico_printf/printf.c.obj
 .text._ntoa_format
                0x000000001000dba8      0x1d0 CMakeFiles/mcume.dir/afs/inf.ed.ac.uk/user/s19/s1970742/Desktop/hons/MCUME/pico-sdk/src/rp2_common/pico_printf/printf.c.obj
 .text._out_char
                0x000000001000dd78       0x10 CMakeFiles/mcume.dir/afs/inf.ed.ac.uk/user/s19/s1970742/Desktop/hons/MCUME/pico-sdk/src/rp2_common/pico_printf/printf.c.obj
 .text._out_fct
                0x000000001000dd88       0x10 CMakeFiles/mcume.dir/afs/inf.ed.ac.uk/user/s19/s1970742/Desktop/hons/MCUME/pico-sdk/src/rp2_common/pico_printf/printf.c.obj
 .text._etoa    0x000000001000dd98      0x478 CMakeFiles/mcume.dir/afs/inf.ed.ac.uk/user/s19/s1970742/Desktop/hons/MCUME/pico-sdk/src/rp2_common/pico_printf/printf.c.obj
 .text._ftoa    0x000000001000e210      0x3e0 CMakeFiles/mcume.dir/afs/inf.ed.ac.uk/user/s19/s1970742/Desktop/hons/MCUME/pico-sdk/src/rp2_common/pico_printf/printf.c.obj
 .text._vsnprintf
                0x000000001000e5f0      0xb08 CMakeFiles/mcume.dir/afs/inf.ed.ac.uk/user/s19/s1970742/Desktop/hons/MCUME/pico-sdk/src/rp2_common/pico_printf/printf.c.obj
 .text.__wrap_vsnprintf
                0x000000001000f0f8       0x1c CMakeFiles/mcume.dir/afs/inf.ed.ac.uk/user/s19/s1970742/Desktop/hons/MCUME/pico-sdk/src/rp2_common/pico_printf/printf.c.obj
                0x000000001000f0f8                __wrap_vsnprintf
 .text.vfctprintf
                0x000000001000f114       0x20 CMakeFiles/mcume.dir/afs/inf.ed.ac.uk/user/s19/s1970742/Desktop/hons/MCUME/pico-sdk/src/rp2_common/pico_printf/printf.c.obj
                0x000000001000f114                vfctprintf
 .text.weak_raw_vprintf
                0x000000001000f134       0x30 CMakeFiles/mcume.dir/afs/inf.ed.ac.uk/user/s19/s1970742/Desktop/hons/MCUME/pico-sdk/src/rp2_common/pico_printf/printf.c.obj
                0x000000001000f134                weak_raw_vprintf
 .text          0x000000001000f164       0x10 CMakeFiles/mcume.dir/afs/inf.ed.ac.uk/user/s19/s1970742/Desktop/hons/MCUME/pico-sdk/src/rp2_common/pico_bit_ops/bit_ops_aeabi.S.obj
 .text.rom_func_lookup
                0x000000001000f174       0x10 CMakeFiles/mcume.dir/afs/inf.ed.ac.uk/user/s19/s1970742/Desktop/hons/MCUME/pico-sdk/src/rp2_common/pico_bootrom/bootrom.c.obj
                0x000000001000f174                rom_func_lookup
 .text.rom_data_lookup
                0x000000001000f184       0x10 CMakeFiles/mcume.dir/afs/inf.ed.ac.uk/user/s19/s1970742/Desktop/hons/MCUME/pico-sdk/src/rp2_common/pico_bootrom/bootrom.c.obj
                0x000000001000f184                rom_data_lookup
 .text.rom_funcs_lookup
                0x000000001000f194       0x3c CMakeFiles/mcume.dir/afs/inf.ed.ac.uk/user/s19/s1970742/Desktop/hons/MCUME/pico-sdk/src/rp2_common/pico_bootrom/bootrom.c.obj
                0x000000001000f194                rom_funcs_lookup
 .text.__wrap___aeabi_idiv
                0x000000001000f1d0       0x50 CMakeFiles/mcume.dir/afs/inf.ed.ac.uk/user/s19/s1970742/Desktop/hons/MCUME/pico-sdk/src/rp2_common/pico_divider/divider.S.obj
                0x000000001000f1d0                __wrap___aeabi_idivmod
                0x000000001000f1d0                divmod_s32s32
                0x000000001000f1d0                div_s32s32
                0x000000001000f1d0                __wrap___aeabi_idiv
                0x000000001000f1d8                divmod_s32s32_unsafe
                0x000000001000f204                divmod_s32s32_savestate
 .text.__wrap___aeabi_uidiv
                0x000000001000f220       0x4c CMakeFiles/mcume.dir/afs/inf.ed.ac.uk/user/s19/s1970742/Desktop/hons/MCUME/pico-sdk/src/rp2_common/pico_divider/divider.S.obj
                0x000000001000f220                __wrap___aeabi_uidiv
                0x000000001000f220                __wrap___aeabi_uidivmod
                0x000000001000f220                div_u32u32
                0x000000001000f220                divmod_u32u32
                0x000000001000f228                divmod_u32u32_unsafe
                0x000000001000f250                divmod_u32u32_savestate
 .text.__wrap___aeabi_ldiv
                0x000000001000f26c      0x434 CMakeFiles/mcume.dir/afs/inf.ed.ac.uk/user/s19/s1970742/Desktop/hons/MCUME/pico-sdk/src/rp2_common/pico_divider/divider.S.obj
                0x000000001000f26c                div_s64s64
                0x000000001000f26c                divmod_s64s64
                0x000000001000f26c                __wrap___aeabi_ldivmod
                0x000000001000f2a4                div_u64u64
                0x000000001000f2a4                divmod_u64u64
                0x000000001000f2a4                __wrap___aeabi_uldivmod
                0x000000001000f2b4                divmod_u64u64_savestate
                0x000000001000f2dc                divmod_s64s64_unsafe
                0x000000001000f364                divmod_u64u64_unsafe
 .text.__wrap___aeabi_darithmetic
                0x000000001000f6a0       0x80 CMakeFiles/mcume.dir/afs/inf.ed.ac.uk/user/s19/s1970742/Desktop/hons/MCUME/pico-sdk/src/rp2_common/pico_double/double_aeabi.S.obj
                0x000000001000f6a0                __wrap___aeabi_drsub
                0x000000001000f6a6                __wrap___aeabi_dsub
                0x000000001000f6b8                __wrap___aeabi_dadd
                0x000000001000f6ca                __wrap___aeabi_ddiv
                0x000000001000f706                __wrap___aeabi_dmul
 .text.__wrap___aeabi_cdcmple
                0x000000001000f720       0x6c CMakeFiles/mcume.dir/afs/inf.ed.ac.uk/user/s19/s1970742/Desktop/hons/MCUME/pico-sdk/src/rp2_common/pico_double/double_aeabi.S.obj
                0x000000001000f720                __wrap___aeabi_cdrcmple
                0x000000001000f730                __wrap___aeabi_cdcmple
                0x000000001000f730                __wrap___aeabi_cdcmpeq
 .text.__wrap___aeabi_dcmplt
                0x000000001000f78c        0xc CMakeFiles/mcume.dir/afs/inf.ed.ac.uk/user/s19/s1970742/Desktop/hons/MCUME/pico-sdk/src/rp2_common/pico_double/double_aeabi.S.obj
                0x000000001000f78c                __wrap___aeabi_dcmplt
 .text.__wrap___aeabi_dcmple
                0x000000001000f798       0x10 CMakeFiles/mcume.dir/afs/inf.ed.ac.uk/user/s19/s1970742/Desktop/hons/MCUME/pico-sdk/src/rp2_common/pico_double/double_aeabi.S.obj
                0x000000001000f798                __wrap___aeabi_dcmple
 .text.__wrap___aeabi_dcmpge
                0x000000001000f7a8       0x10 CMakeFiles/mcume.dir/afs/inf.ed.ac.uk/user/s19/s1970742/Desktop/hons/MCUME/pico-sdk/src/rp2_common/pico_double/double_aeabi.S.obj
                0x000000001000f7a8                __wrap___aeabi_dcmpge
 .text.__wrap___aeabi_dcmpgt
                0x000000001000f7b8        0xa CMakeFiles/mcume.dir/afs/inf.ed.ac.uk/user/s19/s1970742/Desktop/hons/MCUME/pico-sdk/src/rp2_common/pico_double/double_aeabi.S.obj
                0x000000001000f7b8                __wrap___aeabi_dcmpgt
 .text.__wrap___aeabi_dcmpun
                0x000000001000f7c2       0x1c CMakeFiles/mcume.dir/afs/inf.ed.ac.uk/user/s19/s1970742/Desktop/hons/MCUME/pico-sdk/src/rp2_common/pico_double/double_aeabi.S.obj
                0x000000001000f7c2                __wrap___aeabi_dcmpun
 *fill*         0x000000001000f7de        0x2 
 .text.__wrap___aeabi_i2d
                0x000000001000f7e0       0x38 CMakeFiles/mcume.dir/afs/inf.ed.ac.uk/user/s19/s1970742/Desktop/hons/MCUME/pico-sdk/src/rp2_common/pico_double/double_aeabi.S.obj
                0x000000001000f7e0                __wrap___aeabi_ui2d
                0x000000001000f7e8                __wrap___aeabi_i2d
 .text.__wrap___aeabi_d2iz
                0x000000001000f818       0x48 CMakeFiles/mcume.dir/afs/inf.ed.ac.uk/user/s19/s1970742/Desktop/hons/MCUME/pico-sdk/src/rp2_common/pico_double/double_aeabi.S.obj
                0x000000001000f818                __wrap___aeabi_d2iz
                0x000000001000f818                double2int_z
 .text.__wrap___aeabi_d2uiz
                0x000000001000f860       0x18 CMakeFiles/mcume.dir/afs/inf.ed.ac.uk/user/s19/s1970742/Desktop/hons/MCUME/pico-sdk/src/rp2_common/pico_double/double_aeabi.S.obj
                0x000000001000f860                double2uint
                0x000000001000f860                __wrap___aeabi_d2uiz
 .text.__aeabi_double_init
                0x000000001000f878       0xc0 CMakeFiles/mcume.dir/afs/inf.ed.ac.uk/user/s19/s1970742/Desktop/hons/MCUME/pico-sdk/src/rp2_common/pico_double/double_init_rom.c.obj
                0x000000001000f878                __aeabi_double_init
 .text.double_table_shim_on_use_helper
                0x000000001000f938       0x2c CMakeFiles/mcume.dir/afs/inf.ed.ac.uk/user/s19/s1970742/Desktop/hons/MCUME/pico-sdk/src/rp2_common/pico_double/double_v1_rom_shim.S.obj
                0x000000001000f938                double_table_shim_on_use_helper
 .text.__wrap___aeabi_dsub
                0x000000001000f964       0x10 CMakeFiles/mcume.dir/afs/inf.ed.ac.uk/user/s19/s1970742/Desktop/hons/MCUME/pico-sdk/src/rp2_common/pico_double/double_v1_rom_shim.S.obj
                0x000000001000f964                drsub_shim
                0x000000001000f96a                dsub_shim
 .text.dadd_shim
                0x000000001000f974      0x15c CMakeFiles/mcume.dir/afs/inf.ed.ac.uk/user/s19/s1970742/Desktop/hons/MCUME/pico-sdk/src/rp2_common/pico_double/double_v1_rom_shim.S.obj
                0x000000001000f974                dadd_shim
 .text.dmul_shim
                0x000000001000fad0      0x15c CMakeFiles/mcume.dir/afs/inf.ed.ac.uk/user/s19/s1970742/Desktop/hons/MCUME/pico-sdk/src/rp2_common/pico_double/double_v1_rom_shim.S.obj
                0x000000001000fad0                dmul_shim
 .text.ddiv_shim
                0x000000001000fc2c      0x1b0 CMakeFiles/mcume.dir/afs/inf.ed.ac.uk/user/s19/s1970742/Desktop/hons/MCUME/pico-sdk/src/rp2_common/pico_double/double_v1_rom_shim.S.obj
                0x000000001000fc2c                ddiv_shim
 .text.double2uint_shim
                0x000000001000fddc        0xe CMakeFiles/mcume.dir/afs/inf.ed.ac.uk/user/s19/s1970742/Desktop/hons/MCUME/pico-sdk/src/rp2_common/pico_double/double_v1_rom_shim.S.obj
                0x000000001000fddc                double2uint_shim
                0x000000001000fdde                double2ufix_shim
 *fill*         0x000000001000fdea        0x2 
 .text.double2uint64_shim
                0x000000001000fdec       0x70 CMakeFiles/mcume.dir/afs/inf.ed.ac.uk/user/s19/s1970742/Desktop/hons/MCUME/pico-sdk/src/rp2_common/pico_double/double_v1_rom_shim.S.obj
                0x000000001000fdec                double2uint64_shim
                0x000000001000fdee                double2ufix64_shim
                0x000000001000fe0e                d2fix_a
 .text.dunpacks
                0x000000001000fe5c       0x3c CMakeFiles/mcume.dir/afs/inf.ed.ac.uk/user/s19/s1970742/Desktop/hons/MCUME/pico-sdk/src/rp2_common/pico_double/double_v1_rom_shim.S.obj
                0x000000001000fe5c                dunpacks
 .text.__aeabi_lmul
                0x000000001000fe98       0x32 CMakeFiles/mcume.dir/afs/inf.ed.ac.uk/user/s19/s1970742/Desktop/hons/MCUME/pico-sdk/src/rp2_common/pico_int64_ops/pico_int64_ops_aeabi.S.obj
                0x000000001000fe98                __wrap___aeabi_lmul
 *fill*         0x000000001000feca        0x2 
 .text.__wrap___aeabi_farithmetic
                0x000000001000fecc       0x48 CMakeFiles/mcume.dir/afs/inf.ed.ac.uk/user/s19/s1970742/Desktop/hons/MCUME/pico-sdk/src/rp2_common/pico_float/float_aeabi.S.obj
                0x000000001000fecc                __wrap___aeabi_frsub
                0x000000001000fed2                __wrap___aeabi_fsub
                0x000000001000fed8                __wrap___aeabi_fadd
                0x000000001000fede                __wrap___aeabi_fdiv
                0x000000001000ff06                __wrap___aeabi_fmul
 .text.__wrap___aeabi_ui2f
                0x000000001000ff14        0xa CMakeFiles/mcume.dir/afs/inf.ed.ac.uk/user/s19/s1970742/Desktop/hons/MCUME/pico-sdk/src/rp2_common/pico_float/float_aeabi.S.obj
                0x000000001000ff14                __wrap___aeabi_ui2f
 *fill*         0x000000001000ff1e        0x2 
 .text.__wrap___aeabi_i2f
                0x000000001000ff20       0x44 CMakeFiles/mcume.dir/afs/inf.ed.ac.uk/user/s19/s1970742/Desktop/hons/MCUME/pico-sdk/src/rp2_common/pico_float/float_aeabi.S.obj
                0x000000001000ff20                __wrap___aeabi_i2f
 .text.__wrap___aeabi_f2iz
                0x000000001000ff64       0x4e CMakeFiles/mcume.dir/afs/inf.ed.ac.uk/user/s19/s1970742/Desktop/hons/MCUME/pico-sdk/src/rp2_common/pico_float/float_aeabi.S.obj
                0x000000001000ff64                __wrap___aeabi_f2iz
                0x000000001000ff64                float2int_z
 *fill*         0x000000001000ffb2        0x2 
 .text.float2int
                0x000000001000ffb4       0x14 CMakeFiles/mcume.dir/afs/inf.ed.ac.uk/user/s19/s1970742/Desktop/hons/MCUME/pico-sdk/src/rp2_common/pico_float/float_aeabi.S.obj
                0x000000001000ffb4                float2int
 .text.__wrap___aeabi_f2uiz
                0x000000001000ffc8        0xc CMakeFiles/mcume.dir/afs/inf.ed.ac.uk/user/s19/s1970742/Desktop/hons/MCUME/pico-sdk/src/rp2_common/pico_float/float_aeabi.S.obj
                0x000000001000ffc8                __wrap___aeabi_f2uiz
 .text.__aeabi_float_init
                0x000000001000ffd4       0x64 CMakeFiles/mcume.dir/afs/inf.ed.ac.uk/user/s19/s1970742/Desktop/hons/MCUME/pico-sdk/src/rp2_common/pico_float/float_init_rom.c.obj
                0x000000001000ffd4                __aeabi_float_init
 .text.float_table_shim_on_use_helper
                0x0000000010010038       0x2c CMakeFiles/mcume.dir/afs/inf.ed.ac.uk/user/s19/s1970742/Desktop/hons/MCUME/pico-sdk/src/rp2_common/pico_float/float_v1_rom_shim.S.obj
                0x0000000010010038                float_table_shim_on_use_helper
 .text.float232_shims
                0x0000000010010064       0x18 CMakeFiles/mcume.dir/afs/inf.ed.ac.uk/user/s19/s1970742/Desktop/hons/MCUME/pico-sdk/src/rp2_common/pico_float/float_v1_rom_shim.S.obj
                0x0000000010010064                float2int_shim
                0x0000000010010066                float2fix_shim
 .text.__wrap_malloc
                0x000000001001007c       0x3c CMakeFiles/mcume.dir/afs/inf.ed.ac.uk/user/s19/s1970742/Desktop/hons/MCUME/pico-sdk/src/rp2_common/pico_malloc/pico_malloc.c.obj
                0x000000001001007c                __wrap_malloc
 .text.__wrap_calloc
                0x00000000100100b8       0x40 CMakeFiles/mcume.dir/afs/inf.ed.ac.uk/user/s19/s1970742/Desktop/hons/MCUME/pico-sdk/src/rp2_common/pico_malloc/pico_malloc.c.obj
                0x00000000100100b8                __wrap_calloc
 .text.__wrap_free
                0x00000000100100f8       0x20 CMakeFiles/mcume.dir/afs/inf.ed.ac.uk/user/s19/s1970742/Desktop/hons/MCUME/pico-sdk/src/rp2_common/pico_malloc/pico_malloc.c.obj
                0x00000000100100f8                __wrap_free
 .text          0x0000000010010118       0x10 CMakeFiles/mcume.dir/afs/inf.ed.ac.uk/user/s19/s1970742/Desktop/hons/MCUME/pico-sdk/src/rp2_common/pico_mem_ops/mem_ops_aeabi.S.obj
                0x0000000010010118                __aeabi_mem_init
 .text.memset   0x0000000010010128        0xc CMakeFiles/mcume.dir/afs/inf.ed.ac.uk/user/s19/s1970742/Desktop/hons/MCUME/pico-sdk/src/rp2_common/pico_mem_ops/mem_ops_aeabi.S.obj
                0x0000000010010128                __wrap_memset
 .text.memcpy   0x0000000010010134        0xc CMakeFiles/mcume.dir/afs/inf.ed.ac.uk/user/s19/s1970742/Desktop/hons/MCUME/pico-sdk/src/rp2_common/pico_mem_ops/mem_ops_aeabi.S.obj
                0x0000000010010134                __wrap___aeabi_memcpy
                0x0000000010010134                __wrap_memcpy
 .text.stdio_out_chars_no_crlf
                0x0000000010010140       0x10 CMakeFiles/mcume.dir/afs/inf.ed.ac.uk/user/s19/s1970742/Desktop/hons/MCUME/pico-sdk/src/rp2_common/pico_stdio/stdio.c.obj
 .text.stdio_out_chars_crlf
                0x0000000010010150       0x94 CMakeFiles/mcume.dir/afs/inf.ed.ac.uk/user/s19/s1970742/Desktop/hons/MCUME/pico-sdk/src/rp2_common/pico_stdio/stdio.c.obj
 .text.stdio_buffered_printer
                0x00000000100101e4       0x64 CMakeFiles/mcume.dir/afs/inf.ed.ac.uk/user/s19/s1970742/Desktop/hons/MCUME/pico-sdk/src/rp2_common/pico_stdio/stdio.c.obj
 .text.stdio_put_string
                0x0000000010010248      0x100 CMakeFiles/mcume.dir/afs/inf.ed.ac.uk/user/s19/s1970742/Desktop/hons/MCUME/pico-sdk/src/rp2_common/pico_stdio/stdio.c.obj
 .text.__wrap_putchar
                0x0000000010010348       0xa4 CMakeFiles/mcume.dir/afs/inf.ed.ac.uk/user/s19/s1970742/Desktop/hons/MCUME/pico-sdk/src/rp2_common/pico_stdio/stdio.c.obj
                0x0000000010010348                __wrap_putchar
 .text.__wrap_puts
                0x00000000100103ec       0x3c CMakeFiles/mcume.dir/afs/inf.ed.ac.uk/user/s19/s1970742/Desktop/hons/MCUME/pico-sdk/src/rp2_common/pico_stdio/stdio.c.obj
                0x00000000100103ec                __wrap_puts
 .text._read    0x0000000010010428       0x94 CMakeFiles/mcume.dir/afs/inf.ed.ac.uk/user/s19/s1970742/Desktop/hons/MCUME/pico-sdk/src/rp2_common/pico_stdio/stdio.c.obj
                0x0000000010010428                _read
 .text._write   0x00000000100104bc       0xac CMakeFiles/mcume.dir/afs/inf.ed.ac.uk/user/s19/s1970742/Desktop/hons/MCUME/pico-sdk/src/rp2_common/pico_stdio/stdio.c.obj
                0x00000000100104bc                _write
 .text.stdio_set_driver_enabled
                0x0000000010010568       0x30 CMakeFiles/mcume.dir/afs/inf.ed.ac.uk/user/s19/s1970742/Desktop/hons/MCUME/pico-sdk/src/rp2_common/pico_stdio/stdio.c.obj
                0x0000000010010568                stdio_set_driver_enabled
 .text.__wrap_vprintf
                0x0000000010010598       0xd8 CMakeFiles/mcume.dir/afs/inf.ed.ac.uk/user/s19/s1970742/Desktop/hons/MCUME/pico-sdk/src/rp2_common/pico_stdio/stdio.c.obj
                0x0000000010010598                __wrap_vprintf
 .text.__wrap_printf
                0x0000000010010670       0x18 CMakeFiles/mcume.dir/afs/inf.ed.ac.uk/user/s19/s1970742/Desktop/hons/MCUME/pico-sdk/src/rp2_common/pico_stdio/stdio.c.obj
                0x0000000010010670                __wrap_printf
 .text.stdio_init_all
                0x0000000010010688        0x8 CMakeFiles/mcume.dir/afs/inf.ed.ac.uk/user/s19/s1970742/Desktop/hons/MCUME/pico-sdk/src/rp2_common/pico_stdio/stdio.c.obj
                0x0000000010010688                stdio_init_all
 .text.stdio_uart_out_chars
                0x0000000010010690       0x4c CMakeFiles/mcume.dir/afs/inf.ed.ac.uk/user/s19/s1970742/Desktop/hons/MCUME/pico-sdk/src/rp2_common/pico_stdio_uart/stdio_uart.c.obj
 .text.stdio_uart_in_chars
                0x00000000100106dc       0x38 CMakeFiles/mcume.dir/afs/inf.ed.ac.uk/user/s19/s1970742/Desktop/hons/MCUME/pico-sdk/src/rp2_common/pico_stdio_uart/stdio_uart.c.obj
                0x00000000100106dc                stdio_uart_in_chars
 .text.stdio_uart_init
                0x0000000010010714       0x48 CMakeFiles/mcume.dir/afs/inf.ed.ac.uk/user/s19/s1970742/Desktop/hons/MCUME/pico-sdk/src/rp2_common/pico_stdio_uart/stdio_uart.c.obj
                0x0000000010010714                stdio_uart_init
 .text.ff_memalloc
                0x000000001001075c        0x8 CMakeFiles/mcume.dir/FatFs_SPI/ff14a/source/ffsystem.c.obj
                0x000000001001075c                ff_memalloc
 .text.ff_memfree
                0x0000000010010764        0x8 CMakeFiles/mcume.dir/FatFs_SPI/ff14a/source/ffsystem.c.obj
                0x0000000010010764                ff_memfree
 .text.ff_uni2oem
                0x000000001001076c       0x40 CMakeFiles/mcume.dir/FatFs_SPI/ff14a/source/ffunicode.c.obj
                0x000000001001076c                ff_uni2oem
 .text.ff_oem2uni
                0x00000000100107ac       0x2c CMakeFiles/mcume.dir/FatFs_SPI/ff14a/source/ffunicode.c.obj
                0x00000000100107ac                ff_oem2uni
 .text.ff_wtoupper
                0x00000000100107d8       0xb8 CMakeFiles/mcume.dir/FatFs_SPI/ff14a/source/ffunicode.c.obj
                0x00000000100107d8                ff_wtoupper
 .text.tchar2uni
                0x0000000010010890       0xe8 CMakeFiles/mcume.dir/FatFs_SPI/ff14a/source/ff.c.obj
 .text.put_utf  0x0000000010010978       0xe4 CMakeFiles/mcume.dir/FatFs_SPI/ff14a/source/ff.c.obj
 .text.get_fileinfo
                0x0000000010010a5c      0x2d8 CMakeFiles/mcume.dir/FatFs_SPI/ff14a/source/ff.c.obj
 .text.dir_clear
                0x0000000010010d34      0x1a8 CMakeFiles/mcume.dir/FatFs_SPI/ff14a/source/ff.c.obj
 .text.pattern_match
                0x0000000010010edc      0x108 CMakeFiles/mcume.dir/FatFs_SPI/ff14a/source/ff.c.obj
 .text.move_window.part.0
                0x0000000010010fe4       0xa8 CMakeFiles/mcume.dir/FatFs_SPI/ff14a/source/ff.c.obj
 .text.check_fs
                0x000000001001108c      0x1a0 CMakeFiles/mcume.dir/FatFs_SPI/ff14a/source/ff.c.obj
 .text.put_fat.part.0
                0x000000001001122c      0x1b8 CMakeFiles/mcume.dir/FatFs_SPI/ff14a/source/ff.c.obj
 .text.get_fat  0x00000000100113e4      0x1f8 CMakeFiles/mcume.dir/FatFs_SPI/ff14a/source/ff.c.obj
 .text.dir_next.constprop.0
                0x00000000100115dc       0xc8 CMakeFiles/mcume.dir/FatFs_SPI/ff14a/source/ff.c.obj
 .text.load_xdir
                0x00000000100116a4      0x264 CMakeFiles/mcume.dir/FatFs_SPI/ff14a/source/ff.c.obj
 .text.sync_fs  0x0000000010011908      0x134 CMakeFiles/mcume.dir/FatFs_SPI/ff14a/source/ff.c.obj
 .text.dir_read.constprop.0
                0x0000000010011a3c      0x5a0 CMakeFiles/mcume.dir/FatFs_SPI/ff14a/source/ff.c.obj
 .text.mount_volume
                0x0000000010011fdc      0xb9c CMakeFiles/mcume.dir/FatFs_SPI/ff14a/source/ff.c.obj
 .text.dir_sdi  0x0000000010012b78      0x354 CMakeFiles/mcume.dir/FatFs_SPI/ff14a/source/ff.c.obj
 .text.store_xdir
                0x0000000010012ecc      0x1ec CMakeFiles/mcume.dir/FatFs_SPI/ff14a/source/ff.c.obj
 .text.dir_remove
                0x00000000100130b8      0x1f4 CMakeFiles/mcume.dir/FatFs_SPI/ff14a/source/ff.c.obj
 .text.dir_find
                0x00000000100132ac      0x42c CMakeFiles/mcume.dir/FatFs_SPI/ff14a/source/ff.c.obj
 .text.follow_path
                0x00000000100136d8      0x580 CMakeFiles/mcume.dir/FatFs_SPI/ff14a/source/ff.c.obj
 .text.create_chain
                0x0000000010013c58      0x578 CMakeFiles/mcume.dir/FatFs_SPI/ff14a/source/ff.c.obj
 .text.dir_alloc
                0x00000000100141d0      0x22c CMakeFiles/mcume.dir/FatFs_SPI/ff14a/source/ff.c.obj
 .text.dir_register
                0x00000000100143fc      0xac0 CMakeFiles/mcume.dir/FatFs_SPI/ff14a/source/ff.c.obj
 .text.remove_chain
                0x0000000010014ebc      0x42c CMakeFiles/mcume.dir/FatFs_SPI/ff14a/source/ff.c.obj
 .text.f_mount  0x00000000100152e8       0x70 CMakeFiles/mcume.dir/FatFs_SPI/ff14a/source/ff.c.obj
                0x00000000100152e8                f_mount
 .text.f_open   0x0000000010015358      0x4dc CMakeFiles/mcume.dir/FatFs_SPI/ff14a/source/ff.c.obj
                0x0000000010015358                f_open
 .text.f_read   0x0000000010015834      0x34c CMakeFiles/mcume.dir/FatFs_SPI/ff14a/source/ff.c.obj
                0x0000000010015834                f_read
 .text.f_sync   0x0000000010015b80      0x2ec CMakeFiles/mcume.dir/FatFs_SPI/ff14a/source/ff.c.obj
                0x0000000010015b80                f_sync
 .text.f_close  0x0000000010015e6c       0x40 CMakeFiles/mcume.dir/FatFs_SPI/ff14a/source/ff.c.obj
                0x0000000010015e6c                f_close
 .text.f_opendir
                0x0000000010015eac      0x154 CMakeFiles/mcume.dir/FatFs_SPI/ff14a/source/ff.c.obj
                0x0000000010015eac                f_opendir
 .text.f_closedir
                0x0000000010016000       0x34 CMakeFiles/mcume.dir/FatFs_SPI/ff14a/source/ff.c.obj
                0x0000000010016000                f_closedir
 .text.f_findnext
                0x0000000010016034       0xe4 CMakeFiles/mcume.dir/FatFs_SPI/ff14a/source/ff.c.obj
                0x0000000010016034                f_findnext
 .text.f_findfirst
                0x0000000010016118       0xec CMakeFiles/mcume.dir/FatFs_SPI/ff14a/source/ff.c.obj
                0x0000000010016118                f_findfirst
 .text.f_stat   0x0000000010016204       0x6c CMakeFiles/mcume.dir/FatFs_SPI/ff14a/source/ff.c.obj
                0x0000000010016204                f_stat
 .text.f_unlink
                0x0000000010016270      0x1c8 CMakeFiles/mcume.dir/FatFs_SPI/ff14a/source/ff.c.obj
                0x0000000010016270                f_unlink
 .text.sd_spi_go_high_frequency
                0x0000000010016438       0x20 CMakeFiles/mcume.dir/FatFs_SPI/sd_driver/sd_spi.c.obj
                0x0000000010016438                sd_spi_go_high_frequency
 .text.sd_spi_go_low_frequency
                0x0000000010016458       0x24 CMakeFiles/mcume.dir/FatFs_SPI/sd_driver/sd_spi.c.obj
                0x0000000010016458                sd_spi_go_low_frequency
 .text.sd_spi_acquire
                0x000000001001647c       0x3c CMakeFiles/mcume.dir/FatFs_SPI/sd_driver/sd_spi.c.obj
                0x000000001001647c                sd_spi_acquire
 .text.sd_spi_release
                0x00000000100164b8       0x3c CMakeFiles/mcume.dir/FatFs_SPI/sd_driver/sd_spi.c.obj
                0x00000000100164b8                sd_spi_release
 .text.sd_spi_write
                0x00000000100164f4       0x44 CMakeFiles/mcume.dir/FatFs_SPI/sd_driver/sd_spi.c.obj
                0x00000000100164f4                sd_spi_write
 .text.sd_spi_transfer
                0x0000000010016538        0xc CMakeFiles/mcume.dir/FatFs_SPI/sd_driver/sd_spi.c.obj
                0x0000000010016538                sd_spi_transfer
 .text.spi0_dma_isr
                0x0000000010016544       0x10 CMakeFiles/mcume.dir/FatFs_SPI/sd_driver/hw_config.c.obj
                0x0000000010016544                spi0_dma_isr
 .text.sd_get_num
                0x0000000010016554        0x4 CMakeFiles/mcume.dir/FatFs_SPI/sd_driver/hw_config.c.obj
                0x0000000010016554                sd_get_num
 .text.sd_get_by_num
                0x0000000010016558       0x18 CMakeFiles/mcume.dir/FatFs_SPI/sd_driver/hw_config.c.obj
                0x0000000010016558                sd_get_by_num
 .text.spi_get_num
                0x0000000010016570        0x4 CMakeFiles/mcume.dir/FatFs_SPI/sd_driver/hw_config.c.obj
                0x0000000010016570                spi_get_num
 .text.spi_get_by_num
                0x0000000010016574       0x18 CMakeFiles/mcume.dir/FatFs_SPI/sd_driver/hw_config.c.obj
                0x0000000010016574                spi_get_by_num
 .text.spi_irq_handler
                0x000000001001658c       0x48 CMakeFiles/mcume.dir/FatFs_SPI/sd_driver/spi.c.obj
                0x000000001001658c                spi_irq_handler
 .text.spi_transfer
                0x00000000100165d4      0x178 CMakeFiles/mcume.dir/FatFs_SPI/sd_driver/spi.c.obj
                0x00000000100165d4                spi_transfer
 .text.my_spi_init
                0x000000001001674c       0xe4 CMakeFiles/mcume.dir/FatFs_SPI/sd_driver/spi.c.obj
                0x000000001001674c                my_spi_init
 .text.sd_write_block.constprop.0
                0x0000000010016830       0xe0 CMakeFiles/mcume.dir/FatFs_SPI/sd_driver/sd_card.c.obj
 .text.sd_cmd   0x0000000010016910      0x390 CMakeFiles/mcume.dir/FatFs_SPI/sd_driver/sd_card.c.obj
 .text.sd_sectors_nolock
                0x0000000010016ca0      0x26c CMakeFiles/mcume.dir/FatFs_SPI/sd_driver/sd_card.c.obj
 .text.sd_sectors
                0x0000000010016f0c       0x20 CMakeFiles/mcume.dir/FatFs_SPI/sd_driver/sd_card.c.obj
                0x0000000010016f0c                sd_sectors
 .text.sd_init_card
                0x0000000010016f2c      0x2b0 CMakeFiles/mcume.dir/FatFs_SPI/sd_driver/sd_card.c.obj
                0x0000000010016f2c                sd_init_card
 .text.sd_read_blocks
                0x00000000100171dc      0x194 CMakeFiles/mcume.dir/FatFs_SPI/sd_driver/sd_card.c.obj
                0x00000000100171dc                sd_read_blocks
 .text.sd_write_blocks
                0x0000000010017370       0xe8 CMakeFiles/mcume.dir/FatFs_SPI/sd_driver/sd_card.c.obj
                0x0000000010017370                sd_write_blocks
 .text.sd_init_driver
                0x0000000010017458       0x5c CMakeFiles/mcume.dir/FatFs_SPI/sd_driver/sd_card.c.obj
                0x0000000010017458                sd_init_driver
 .text.crc7     0x00000000100174b4       0x28 CMakeFiles/mcume.dir/FatFs_SPI/sd_driver/crc.c.obj
                0x00000000100174b4                crc7
 .text.crc16    0x00000000100174dc       0x30 CMakeFiles/mcume.dir/FatFs_SPI/sd_driver/crc.c.obj
                0x00000000100174dc                crc16
 .text.my_assert_func
                0x000000001001750c       0x2c CMakeFiles/mcume.dir/FatFs_SPI/sd_driver/my_debug.c.obj
                0x000000001001750c                my_assert_func
 .text.disk_status
                0x0000000010017538       0x18 CMakeFiles/mcume.dir/FatFs_SPI/src/glue.c.obj
                0x0000000010017538                disk_status
 .text.disk_initialize
                0x0000000010017550       0x18 CMakeFiles/mcume.dir/FatFs_SPI/src/glue.c.obj
                0x0000000010017550                disk_initialize
 .text.disk_read
                0x0000000010017568       0x70 CMakeFiles/mcume.dir/FatFs_SPI/src/glue.c.obj
                0x0000000010017568                disk_read
 .text.disk_write
                0x00000000100175d8       0x70 CMakeFiles/mcume.dir/FatFs_SPI/src/glue.c.obj
                0x00000000100175d8                disk_write
 .text.disk_ioctl
                0x0000000010017648       0x38 CMakeFiles/mcume.dir/FatFs_SPI/src/glue.c.obj
                0x0000000010017648                disk_ioctl
 .text.my_printf
                0x0000000010017680       0x4c CMakeFiles/mcume.dir/FatFs_SPI/src/my_debug.c.obj
                0x0000000010017680                my_printf
 .text.get_fattime
                0x00000000100176cc       0x6c CMakeFiles/mcume.dir/FatFs_SPI/src/rtc.c.obj
                0x00000000100176cc                get_fattime
 .text.spi_init
                0x0000000010017738       0xf4 CMakeFiles/mcume.dir/afs/inf.ed.ac.uk/user/s19/s1970742/Desktop/hons/MCUME/pico-sdk/src/rp2_common/hardware_spi/spi.c.obj
                0x0000000010017738                spi_init
 .text.spi_set_baudrate
                0x000000001001782c       0x94 CMakeFiles/mcume.dir/afs/inf.ed.ac.uk/user/s19/s1970742/Desktop/hons/MCUME/pico-sdk/src/rp2_common/hardware_spi/spi.c.obj
                0x000000001001782c                spi_set_baudrate
 .text.dma_claim_unused_channel
                0x00000000100178c0       0x20 CMakeFiles/mcume.dir/afs/inf.ed.ac.uk/user/s19/s1970742/Desktop/hons/MCUME/pico-sdk/src/rp2_common/hardware_dma/dma.c.obj
                0x00000000100178c0                dma_claim_unused_channel
 .text.rtc_get_datetime
                0x00000000100178e0       0x44 CMakeFiles/mcume.dir/afs/inf.ed.ac.uk/user/s19/s1970742/Desktop/hons/MCUME/pico-sdk/src/rp2_common/hardware_rtc/rtc.c.obj
                0x00000000100178e0                rtc_get_datetime
 .text.pio_add_program
                0x0000000010017924       0xe4 CMakeFiles/mcume.dir/afs/inf.ed.ac.uk/user/s19/s1970742/Desktop/hons/MCUME/pico-sdk/src/rp2_common/hardware_pio/pio.c.obj
                0x0000000010017924                pio_add_program
 .text.pio_clear_instruction_memory
                0x0000000010017a08       0x38 CMakeFiles/mcume.dir/afs/inf.ed.ac.uk/user/s19/s1970742/Desktop/hons/MCUME/pico-sdk/src/rp2_common/hardware_pio/pio.c.obj
                0x0000000010017a08                pio_clear_instruction_memory
 .text.pio_sm_set_consecutive_pindirs
                0x0000000010017a40       0x88 CMakeFiles/mcume.dir/afs/inf.ed.ac.uk/user/s19/s1970742/Desktop/hons/MCUME/pico-sdk/src/rp2_common/hardware_pio/pio.c.obj
                0x0000000010017a40                pio_sm_set_consecutive_pindirs
 .text.pio_sm_init
                0x0000000010017ac8       0x90 CMakeFiles/mcume.dir/afs/inf.ed.ac.uk/user/s19/s1970742/Desktop/hons/MCUME/pico-sdk/src/rp2_common/hardware_pio/pio.c.obj
                0x0000000010017ac8                pio_sm_init
 .text          0x0000000010017b58       0x18 /usr/lib/gcc/arm-none-eabi/9.2.1/../../../arm-none-eabi/lib/thumb/v6-m/nofp/libc.a(lib_a-calloc.o)
                0x0000000010017b58                calloc
 .text          0x0000000010017b70       0x5c /usr/lib/gcc/arm-none-eabi/9.2.1/../../../arm-none-eabi/lib/thumb/v6-m/nofp/libc.a(lib_a-callocr.o)
                0x0000000010017b70                _calloc_r
 .text          0x0000000010017bcc      0x1b4 /usr/lib/gcc/arm-none-eabi/9.2.1/../../../arm-none-eabi/lib/thumb/v6-m/nofp/libc.a(lib_a-fflush.o)
                0x0000000010017bcc                __sflush_r
                0x0000000010017d2c                _fflush_r
                0x0000000010017d58                fflush
 .text          0x0000000010017d80      0x220 /usr/lib/gcc/arm-none-eabi/9.2.1/../../../arm-none-eabi/lib/thumb/v6-m/nofp/libc.a(lib_a-findfp.o)
                0x0000000010017d84                _cleanup_r
                0x0000000010017e80                __sfmoreglue
                0x0000000010017eb0                __sfp
                0x0000000010017f38                _cleanup
                0x0000000010017f50                __sinit
                0x0000000010017f60                __sfp_lock_acquire
                0x0000000010017f64                __sfp_lock_release
                0x0000000010017f68                __sinit_lock_acquire
                0x0000000010017f6c                __sinit_lock_release
                0x0000000010017f70                __fp_lock_all
                0x0000000010017f88                __fp_unlock_all
 .text          0x0000000010017fa0      0x27c /usr/lib/gcc/arm-none-eabi/9.2.1/../../../arm-none-eabi/lib/thumb/v6-m/nofp/libc.a(lib_a-freer.o)
                0x0000000010017fa0                _malloc_trim_r
                0x0000000010018040                _free_r
 .text          0x000000001001821c       0x90 /usr/lib/gcc/arm-none-eabi/9.2.1/../../../arm-none-eabi/lib/thumb/v6-m/nofp/libc.a(lib_a-fwalk.o)
                0x000000001001821c                _fwalk
                0x0000000010018260                _fwalk_reent
 .text          0x00000000100182ac       0x28 /usr/lib/gcc/arm-none-eabi/9.2.1/../../../arm-none-eabi/lib/thumb/v6-m/nofp/libc.a(lib_a-malloc.o)
                0x00000000100182ac                malloc
                0x00000000100182c0                free
 .text          0x00000000100182d4      0x58c /usr/lib/gcc/arm-none-eabi/9.2.1/../../../arm-none-eabi/lib/thumb/v6-m/nofp/libc.a(lib_a-mallocr.o)
                0x00000000100182d4                _malloc_r
 .text          0x0000000010018860        0x8 /usr/lib/gcc/arm-none-eabi/9.2.1/../../../arm-none-eabi/lib/thumb/v6-m/nofp/libc.a(lib_a-mlock.o)
                0x0000000010018860                __malloc_lock
                0x0000000010018864                __malloc_unlock
 .text          0x0000000010018868       0x48 /usr/lib/gcc/arm-none-eabi/9.2.1/../../../arm-none-eabi/lib/thumb/v6-m/nofp/libc.a(lib_a-rand.o)
                0x0000000010018868                srand
                0x000000001001887c                rand
 .text          0x00000000100188b0       0x24 /usr/lib/gcc/arm-none-eabi/9.2.1/../../../arm-none-eabi/lib/thumb/v6-m/nofp/libc.a(lib_a-sbrkr.o)
                0x00000000100188b0                _sbrk_r
 .text          0x00000000100188d4       0xa4 /usr/lib/gcc/arm-none-eabi/9.2.1/../../../arm-none-eabi/lib/thumb/v6-m/nofp/libc.a(lib_a-stdio.o)
                0x00000000100188d4                __sread
                0x00000000100188fc                __seofread
                0x0000000010018900                __swrite
                0x0000000010018940                __sseek
                0x000000001001896c                __sclose
 .text          0x0000000010018978       0x48 /usr/lib/gcc/arm-none-eabi/9.2.1/../../../arm-none-eabi/lib/thumb/v6-m/nofp/libc.a(lib_a-stpcpy.o)
                0x0000000010018978                stpcpy
 .text          0x00000000100189c0       0x88 /usr/lib/gcc/arm-none-eabi/9.2.1/../../../arm-none-eabi/lib/thumb/v6-m/nofp/libc.a(lib_a-strcmp.o)
                0x00000000100189c0                strcmp
 .text          0x0000000010018a48       0x10 /usr/lib/gcc/arm-none-eabi/9.2.1/../../../arm-none-eabi/lib/thumb/v6-m/nofp/libc.a(lib_a-strcpy.o)
                0x0000000010018a48                strcpy
 .text          0x0000000010018a58       0x68 /usr/lib/gcc/arm-none-eabi/9.2.1/../../../arm-none-eabi/lib/thumb/v6-m/nofp/libc.a(lib_a-strlen-stub.o)
                0x0000000010018a58                strlen
 .text          0x0000000010018ac0       0x80 /usr/lib/gcc/arm-none-eabi/9.2.1/../../../arm-none-eabi/lib/thumb/v6-m/nofp/libc.a(lib_a-strncpy.o)
                0x0000000010018ac0                strncpy
 .text          0x0000000010018b40       0x28 /usr/lib/gcc/arm-none-eabi/9.2.1/../../../arm-none-eabi/lib/thumb/v6-m/nofp/libc.a(lib_a-writer.o)
                0x0000000010018b40                _write_r
 .text          0x0000000010018b68       0x24 /usr/lib/gcc/arm-none-eabi/9.2.1/../../../arm-none-eabi/lib/thumb/v6-m/nofp/libc.a(lib_a-closer.o)
                0x0000000010018b68                _close_r
 .text          0x0000000010018b8c       0xac /usr/lib/gcc/arm-none-eabi/9.2.1/../../../arm-none-eabi/lib/thumb/v6-m/nofp/libc.a(lib_a-fclose.o)
                0x0000000010018b8c                _fclose_r
                0x0000000010018c24                fclose
 .text          0x0000000010018c38       0x28 /usr/lib/gcc/arm-none-eabi/9.2.1/../../../arm-none-eabi/lib/thumb/v6-m/nofp/libc.a(lib_a-lseekr.o)
                0x0000000010018c38                _lseek_r
 .text          0x0000000010018c60       0x28 /usr/lib/gcc/arm-none-eabi/9.2.1/../../../arm-none-eabi/lib/thumb/v6-m/nofp/libc.a(lib_a-readr.o)
                0x0000000010018c60                _read_r
 .text          0x0000000010018c88       0x10 /usr/lib/gcc/arm-none-eabi/9.2.1/../../../arm-none-eabi/lib/thumb/v6-m/nofp/libnosys.a(close.o)
                0x0000000010018c88                _close
 .text          0x0000000010018c98       0x10 /usr/lib/gcc/arm-none-eabi/9.2.1/../../../arm-none-eabi/lib/thumb/v6-m/nofp/libnosys.a(lseek.o)
                0x0000000010018c98                _lseek
 *(.fini)
 .fini          0x0000000010018ca8        0x4 /usr/lib/gcc/arm-none-eabi/9.2.1/thumb/v6-m/nofp/crti.o
                0x0000000010018ca8                _fini
 *fill*         0x0000000010018cac        0x4 
 .fini.__stub   0x0000000010018cb0       0xa0 linker stubs
 *crtbegin.o(.ctors)
 *crtbegin?.o(.ctors)
 *(EXCLUDE_FILE(*crtend.o *crtend?.o) .ctors)
 *(SORT_BY_NAME(.ctors.*))
 *(.ctors)
 *crtbegin.o(.dtors)
 *crtbegin?.o(.dtors)
 *(EXCLUDE_FILE(*crtend.o *crtend?.o) .dtors)
 *(SORT_BY_NAME(.dtors.*))
 *(.dtors)
 *(.eh_frame*)
 .eh_frame      0x0000000010018d50        0x0 /usr/lib/gcc/arm-none-eabi/9.2.1/thumb/v6-m/nofp/crtbegin.o
                0x0000000010018d50                . = ALIGN (0x4)

.glue_7         0x0000000010018d50        0x0
 .glue_7        0x0000000010018d50        0x0 linker stubs

.glue_7t        0x0000000010018d50        0x0
 .glue_7t       0x0000000010018d50        0x0 linker stubs

.vfp11_veneer   0x0000000010018d50        0x0
 .vfp11_veneer  0x0000000010018d50        0x0 linker stubs

.v4_bx          0x0000000010018d50        0x0
 .v4_bx         0x0000000010018d50        0x0 linker stubs

.iplt           0x0000000010018d50        0x0
 .iplt          0x0000000010018d50        0x0 /usr/lib/gcc/arm-none-eabi/9.2.1/thumb/v6-m/nofp/crtbegin.o

.rodata         0x0000000010018d50     0x9294
 *(EXCLUDE_FILE(*libm.a: *libc.a:*lib_a-mem*.o *libgcc.a:) .rodata*)
 .rodata.CodesCB.str1.4
                0x0000000010018d50       0x38 CMakeFiles/mcume.dir/picospeccy/Z80.c.obj
 .rodata.CodesCB
                0x0000000010018d88      0x400 CMakeFiles/mcume.dir/picospeccy/Z80.c.obj
 .rodata.CodesDD.str1.4
                0x0000000010019188       0x78 CMakeFiles/mcume.dir/picospeccy/Z80.c.obj
 .rodata.CodesDD
                0x0000000010019200      0x7e4 CMakeFiles/mcume.dir/picospeccy/Z80.c.obj
 .rodata.CodesED.str1.4
                0x00000000100199e4       0x38 CMakeFiles/mcume.dir/picospeccy/Z80.c.obj
 .rodata.CodesED
                0x0000000010019a1c      0x2fc CMakeFiles/mcume.dir/picospeccy/Z80.c.obj
 .rodata.IntZ80
                0x0000000010019d18       0xe4 CMakeFiles/mcume.dir/picospeccy/Z80.c.obj
 .rodata.ExecZ80.str1.4
                0x0000000010019dfc       0xa6 CMakeFiles/mcume.dir/picospeccy/Z80.c.obj
 *fill*         0x0000000010019ea2        0x2 
 .rodata.ExecZ80
                0x0000000010019ea4      0xbe4 CMakeFiles/mcume.dir/picospeccy/Z80.c.obj
 .rodata.Cycles
                0x000000001001aa88      0x100 CMakeFiles/mcume.dir/picospeccy/Z80.c.obj
 .rodata.CyclesCB
                0x000000001001ab88      0x100 CMakeFiles/mcume.dir/picospeccy/Z80.c.obj
 .rodata.CyclesED
                0x000000001001ac88      0x100 CMakeFiles/mcume.dir/picospeccy/Z80.c.obj
 .rodata.CyclesXX
                0x000000001001ad88      0x100 CMakeFiles/mcume.dir/picospeccy/Z80.c.obj
 .rodata.CyclesXXCB
                0x000000001001ae88      0x100 CMakeFiles/mcume.dir/picospeccy/Z80.c.obj
 .rodata.DAATable
                0x000000001001af88     0x1000 CMakeFiles/mcume.dir/picospeccy/Z80.c.obj
 .rodata.PZSTable
                0x000000001001bf88      0x100 CMakeFiles/mcume.dir/picospeccy/Z80.c.obj
 .rodata.ZSTable
                0x000000001001c088      0x100 CMakeFiles/mcume.dir/picospeccy/Z80.c.obj
 .rodata.WrData8910
                0x000000001001c188       0x40 CMakeFiles/mcume.dir/picospeccy/AY8910.c.obj
 .rodata        0x000000001001c1c8       0x10 CMakeFiles/mcume.dir/picospeccy/AY8910.c.obj
 .rodata.Envelopes
                0x000000001001c1d8      0x200 CMakeFiles/mcume.dir/picospeccy/AY8910.c.obj
 .rodata.Volumes
                0x000000001001c3d8       0x40 CMakeFiles/mcume.dir/picospeccy/AY8910.c.obj
 .rodata.spec_Start.str1.4
                0x000000001001c418       0x10 CMakeFiles/mcume.dir/picospeccy/spec.c.obj
 .rodata.InZ80  0x000000001001c428       0x80 CMakeFiles/mcume.dir/picospeccy/spec.c.obj
 .rodata.map_qw
                0x000000001001c4a8       0x28 CMakeFiles/mcume.dir/picospeccy/spec.c.obj
                0x000000001001c4a8                map_qw
 .rodata.rom_zx48_rom
                0x000000001001c4d0     0x4000 CMakeFiles/mcume.dir/picospeccy/spec.c.obj
 .rodata._ZL11readNbFilesPc.constprop.0.str1.4
                0x00000000100204d0       0x17 CMakeFiles/mcume.dir/picospeccy/emuapi.cpp.obj
 .rodata._Z10emu_printfi.str1.4
                0x00000000100204e7       0x17 CMakeFiles/mcume.dir/picospeccy/emuapi.cpp.obj
                                          0x4 (size before relaxing)
 *fill*         0x00000000100204e7        0x1 
 .rodata.emu_Malloc.str1.4
                0x00000000100204e8       0x4c CMakeFiles/mcume.dir/picospeccy/emuapi.cpp.obj
 .rodata._Z14backgroundMenuv.str1.4
                0x0000000010020534       0x16 CMakeFiles/mcume.dir/picospeccy/emuapi.cpp.obj
 *fill*         0x000000001002054a        0x2 
 .rodata._Z10handleMenut.str1.4
                0x000000001002054c       0x20 CMakeFiles/mcume.dir/picospeccy/emuapi.cpp.obj
 .rodata.emu_FileOpen.str1.4
                0x000000001002056c       0x1c CMakeFiles/mcume.dir/picospeccy/emuapi.cpp.obj
 .rodata.emu_LoadFile.str1.4
                0x0000000010020588       0x1d CMakeFiles/mcume.dir/picospeccy/emuapi.cpp.obj
 *fill*         0x00000000100205a5        0x3 
 .rodata.emu_init.str1.4
                0x00000000100205a8       0x83 CMakeFiles/mcume.dir/picospeccy/emuapi.cpp.obj
 *fill*         0x000000001002062b        0x1 
 .rodata.main.str1.4
                0x000000001002062c       0x32 CMakeFiles/mcume.dir/picospeccy/picospeccy.cpp.obj
 *fill*         0x000000001002065e        0x2 
 .rodata._ZL5noise
                0x0000000010020660      0x200 CMakeFiles/mcume.dir/picospeccy/AudioPlaySystem.cpp.obj
 .rodata._ZL6square
                0x0000000010020860       0x80 CMakeFiles/mcume.dir/picospeccy/AudioPlaySystem.cpp.obj
 .rodata._ZN6VGA_T411begin_audioEiPFvPsiE.str1.4
                0x00000000100208e0       0x56 CMakeFiles/mcume.dir/picovga_t4/VGA_t4.cpp.obj
 *fill*         0x0000000010020936        0x2 
 .rodata._ZL7font8x8
                0x0000000010020938      0x400 CMakeFiles/mcume.dir/picovga_t4/VGA_t4.cpp.obj
 .rodata._ZL24vga_program_instructions
                0x0000000010020d38       0x1e CMakeFiles/mcume.dir/picovga_t4/vga.cpp.obj
 *fill*         0x0000000010020d56        0x2 
 .rodata.VideoEGA
                0x0000000010020d58       0x28 CMakeFiles/mcume.dir/picovga_t4/vga_vmode.cpp.obj
                0x0000000010020d58                VideoEGA
 .rodata.VideoVGA
                0x0000000010020d80       0x28 CMakeFiles/mcume.dir/picovga_t4/vga_vmode.cpp.obj
                0x0000000010020d80                VideoVGA
 .rodata._ZL11VideoResReq
                0x0000000010020da8       0x14 CMakeFiles/mcume.dir/picovga_t4/vga_vmode.cpp.obj
 *fill*         0x0000000010020dbc        0x4 
 .rodata.at_the_end_of_time
                0x0000000010020dc0        0x8 CMakeFiles/mcume.dir/afs/inf.ed.ac.uk/user/s19/s1970742/Desktop/hons/MCUME/pico-sdk/src/common/pico_time/time.c.obj
                0x0000000010020dc0                at_the_end_of_time
 .rodata.hardware_alarm_claim.str1.4
                0x0000000010020dc8       0x22 CMakeFiles/mcume.dir/afs/inf.ed.ac.uk/user/s19/s1970742/Desktop/hons/MCUME/pico-sdk/src/rp2_common/hardware_timer/timer.c.obj
 *fill*         0x0000000010020dea        0x2 
 .rodata.panic.str1.4
                0x0000000010020dec       0x10 CMakeFiles/mcume.dir/afs/inf.ed.ac.uk/user/s19/s1970742/Desktop/hons/MCUME/pico-sdk/src/rp2_common/pico_runtime/runtime.c.obj
                                         0x12 (size before relaxing)
 .rodata.hard_assertion_failure.str1.4
                0x0000000010020dfc        0xc CMakeFiles/mcume.dir/afs/inf.ed.ac.uk/user/s19/s1970742/Desktop/hons/MCUME/pico-sdk/src/rp2_common/pico_runtime/runtime.c.obj
 .rodata._ftoa.str1.4
                0x0000000010020e08       0x15 CMakeFiles/mcume.dir/afs/inf.ed.ac.uk/user/s19/s1970742/Desktop/hons/MCUME/pico-sdk/src/rp2_common/pico_printf/printf.c.obj
 *fill*         0x0000000010020e1d        0x3 
 .rodata._vsnprintf
                0x0000000010020e20      0x1e0 CMakeFiles/mcume.dir/afs/inf.ed.ac.uk/user/s19/s1970742/Desktop/hons/MCUME/pico-sdk/src/rp2_common/pico_printf/printf.c.obj
 .rodata.pow10.5444
                0x0000000010021000       0x50 CMakeFiles/mcume.dir/afs/inf.ed.ac.uk/user/s19/s1970742/Desktop/hons/MCUME/pico-sdk/src/rp2_common/pico_printf/printf.c.obj
 .rodata.__wrap_malloc.str1.4
                0x0000000010021050        0xe CMakeFiles/mcume.dir/afs/inf.ed.ac.uk/user/s19/s1970742/Desktop/hons/MCUME/pico-sdk/src/rp2_common/pico_malloc/pico_malloc.c.obj
 *fill*         0x000000001002105e        0x2 
 .rodata.str1.4
                0x0000000010021060       0x3c CMakeFiles/mcume.dir/afs/inf.ed.ac.uk/user/s19/s1970742/Desktop/hons/MCUME/pico-sdk/src/rp2_common/pico_standard_link/binary_info.c.obj
 .rodata.__bi_44
                0x000000001002109c        0xc CMakeFiles/mcume.dir/afs/inf.ed.ac.uk/user/s19/s1970742/Desktop/hons/MCUME/pico-sdk/src/rp2_common/pico_standard_link/binary_info.c.obj
 .rodata.__bi_75
                0x00000000100210a8        0xc CMakeFiles/mcume.dir/afs/inf.ed.ac.uk/user/s19/s1970742/Desktop/hons/MCUME/pico-sdk/src/rp2_common/pico_standard_link/binary_info.c.obj
 .rodata.__bi_81
                0x00000000100210b4        0xc CMakeFiles/mcume.dir/afs/inf.ed.ac.uk/user/s19/s1970742/Desktop/hons/MCUME/pico-sdk/src/rp2_common/pico_standard_link/binary_info.c.obj
 .rodata.crlf_str.6060
                0x00000000100210c0        0x2 CMakeFiles/mcume.dir/afs/inf.ed.ac.uk/user/s19/s1970742/Desktop/hons/MCUME/pico-sdk/src/rp2_common/pico_stdio/stdio.c.obj
 *fill*         0x00000000100210c2        0x2 
 .rodata.str1.4
                0x00000000100210c4       0x2c CMakeFiles/mcume.dir/afs/inf.ed.ac.uk/user/s19/s1970742/Desktop/hons/MCUME/pico-sdk/src/rp2_common/pico_stdio_uart/stdio_uart.c.obj
 .rodata.__bi_28.4859
                0x00000000100210f0        0xc CMakeFiles/mcume.dir/afs/inf.ed.ac.uk/user/s19/s1970742/Desktop/hons/MCUME/pico-sdk/src/rp2_common/pico_stdio_uart/stdio_uart.c.obj
 .rodata.__bi_29.4863
                0x00000000100210fc        0x8 CMakeFiles/mcume.dir/afs/inf.ed.ac.uk/user/s19/s1970742/Desktop/hons/MCUME/pico-sdk/src/rp2_common/pico_stdio_uart/stdio_uart.c.obj
 .rodata.ff_wtoupper
                0x0000000010021104       0x24 CMakeFiles/mcume.dir/FatFs_SPI/ff14a/source/ffunicode.c.obj
 .rodata.cvt1.4424
                0x0000000010021128      0x1f2 CMakeFiles/mcume.dir/FatFs_SPI/ff14a/source/ffunicode.c.obj
 *fill*         0x000000001002131a        0x2 
 .rodata.cvt2.4425
                0x000000001002131c       0xbc CMakeFiles/mcume.dir/FatFs_SPI/ff14a/source/ffunicode.c.obj
 .rodata.uc437  0x00000000100213d8      0x100 CMakeFiles/mcume.dir/FatFs_SPI/ff14a/source/ffunicode.c.obj
 .rodata.follow_path.str1.4
                0x00000000100214d8       0x13 CMakeFiles/mcume.dir/FatFs_SPI/ff14a/source/ff.c.obj
 *fill*         0x00000000100214eb        0x1 
 .rodata.ExCvt  0x00000000100214ec       0x80 CMakeFiles/mcume.dir/FatFs_SPI/ff14a/source/ff.c.obj
 .rodata.LfnOfs
                0x000000001002156c        0xd CMakeFiles/mcume.dir/FatFs_SPI/ff14a/source/ff.c.obj
 *fill*         0x0000000010021579        0x3 
 .rodata.sd_spi_go_high_frequency.str1.4
                0x000000001002157c       0x1b CMakeFiles/mcume.dir/FatFs_SPI/sd_driver/sd_spi.c.obj
 *fill*         0x0000000010021597        0x1 
 .rodata.sd_spi_write.str1.4
                0x0000000010021598       0x6b CMakeFiles/mcume.dir/FatFs_SPI/sd_driver/sd_spi.c.obj
 *fill*         0x0000000010021603        0x1 
 .rodata.__FUNCTION__.6376
                0x0000000010021604       0x19 CMakeFiles/mcume.dir/FatFs_SPI/sd_driver/sd_spi.c.obj
 *fill*         0x000000001002161d        0x3 
 .rodata.__FUNCTION__.6381
                0x0000000010021620       0x18 CMakeFiles/mcume.dir/FatFs_SPI/sd_driver/sd_spi.c.obj
 .rodata.__func__.6402
                0x0000000010021638        0xd CMakeFiles/mcume.dir/FatFs_SPI/sd_driver/sd_spi.c.obj
 .rodata.str1.4
                0x0000000010021645        0x3 CMakeFiles/mcume.dir/FatFs_SPI/sd_driver/hw_config.c.obj
 *fill*         0x0000000010021645        0x3 
 .rodata.spi_irq_handler.str1.4
                0x0000000010021648       0x80 CMakeFiles/mcume.dir/FatFs_SPI/sd_driver/spi.c.obj
 .rodata.spi_transfer.str1.4
                0x00000000100216c8       0x63 CMakeFiles/mcume.dir/FatFs_SPI/sd_driver/spi.c.obj
 *fill*         0x000000001002172b        0x1 
 .rodata.__FUNCTION__.6525
                0x000000001002172c        0xd CMakeFiles/mcume.dir/FatFs_SPI/sd_driver/spi.c.obj
 *fill*         0x0000000010021739        0x3 
 .rodata.__func__.6513
                0x000000001002173c       0x10 CMakeFiles/mcume.dir/FatFs_SPI/sd_driver/spi.c.obj
 .rodata.__func__.6520
                0x000000001002174c        0xd CMakeFiles/mcume.dir/FatFs_SPI/sd_driver/spi.c.obj
 .rodata.dummy.6521
                0x0000000010021759        0x1 CMakeFiles/mcume.dir/FatFs_SPI/sd_driver/spi.c.obj
 *fill*         0x000000001002175a        0x2 
 .rodata.sd_write_block.constprop.0.str1.4
                0x000000001002175c       0x8b CMakeFiles/mcume.dir/FatFs_SPI/sd_driver/sd_card.c.obj
 *fill*         0x00000000100217e7        0x1 
 .rodata.sd_cmd.str1.4
                0x00000000100217e8       0xb3 CMakeFiles/mcume.dir/FatFs_SPI/sd_driver/sd_card.c.obj
 *fill*         0x000000001002189b        0x1 
 .rodata.sd_sectors_nolock.str1.4
                0x000000001002189c      0x190 CMakeFiles/mcume.dir/FatFs_SPI/sd_driver/sd_card.c.obj
 .rodata.sd_init_card.str1.4
                0x0000000010021a2c      0x166 CMakeFiles/mcume.dir/FatFs_SPI/sd_driver/sd_card.c.obj
 *fill*         0x0000000010021b92        0x2 
 .rodata.sd_read_blocks.str1.4
                0x0000000010021b94       0x3c CMakeFiles/mcume.dir/FatFs_SPI/sd_driver/sd_card.c.obj
 .rodata.sd_write_blocks.str1.4
                0x0000000010021bd0       0x47 CMakeFiles/mcume.dir/FatFs_SPI/sd_driver/sd_card.c.obj
 *fill*         0x0000000010021c17        0x1 
 .rodata.__FUNCTION__.6719
                0x0000000010021c18        0xe CMakeFiles/mcume.dir/FatFs_SPI/sd_driver/sd_card.c.obj
 *fill*         0x0000000010021c26        0x2 
 .rodata.__FUNCTION__.6880
                0x0000000010021c28        0xe CMakeFiles/mcume.dir/FatFs_SPI/sd_driver/sd_card.c.obj
 *fill*         0x0000000010021c36        0x2 
 .rodata.__func__.6844
                0x0000000010021c38       0x12 CMakeFiles/mcume.dir/FatFs_SPI/sd_driver/sd_card.c.obj
 *fill*         0x0000000010021c4a        0x2 
 .rodata.__func__.6852
                0x0000000010021c4c        0xd CMakeFiles/mcume.dir/FatFs_SPI/sd_driver/sd_card.c.obj
 *fill*         0x0000000010021c59        0x3 
 .rodata.__func__.6910
                0x0000000010021c5c        0xf CMakeFiles/mcume.dir/FatFs_SPI/sd_driver/sd_card.c.obj
 *fill*         0x0000000010021c6b        0x1 
 .rodata.m_Crc16Table
                0x0000000010021c6c      0x200 CMakeFiles/mcume.dir/FatFs_SPI/sd_driver/crc.c.obj
 .rodata.m_Crc7Table
                0x0000000010021e6c      0x100 CMakeFiles/mcume.dir/FatFs_SPI/sd_driver/crc.c.obj
 .rodata.my_assert_func.str1.4
                0x0000000010021f6c       0x39 CMakeFiles/mcume.dir/FatFs_SPI/sd_driver/my_debug.c.obj
 *fill*         0x0000000010021fa5        0x3 
 .rodata.my_printf.str1.4
                0x0000000010021fa8        0x3 CMakeFiles/mcume.dir/FatFs_SPI/src/my_debug.c.obj
 *fill*         0x0000000010021fab        0x1 
 .rodata.dma_claim_unused_channel.str1.4
                0x0000000010021fac       0x1e CMakeFiles/mcume.dir/afs/inf.ed.ac.uk/user/s19/s1970742/Desktop/hons/MCUME/pico-sdk/src/rp2_common/hardware_dma/dma.c.obj
 *fill*         0x0000000010021fca        0x2 
 .rodata.pio_add_program.str1.4
                0x0000000010021fcc       0x11 CMakeFiles/mcume.dir/afs/inf.ed.ac.uk/user/s19/s1970742/Desktop/hons/MCUME/pico-sdk/src/rp2_common/hardware_pio/pio.c.obj
 *fill*         0x0000000010021fdd        0x3 
 .rodata        0x0000000010021fe0        0x4 /usr/lib/gcc/arm-none-eabi/9.2.1/../../../arm-none-eabi/lib/thumb/v6-m/nofp/libc.a(lib_a-impure.o)
                0x0000000010021fe0                _global_impure_ptr
                0x0000000010021fe4                . = ALIGN (0x4)
 *(SORT_BY_ALIGNMENT(SORT_BY_NAME(.flashdata*)))
                0x0000000010021fe4                . = ALIGN (0x4)

.rel.dyn        0x0000000010021fe4        0x0
 .rel.iplt      0x0000000010021fe4        0x0 /usr/lib/gcc/arm-none-eabi/9.2.1/thumb/v6-m/nofp/crtbegin.o

.ARM.extab
 *(.ARM.extab* .gnu.linkonce.armextab.*)
                0x0000000010021fe4                __exidx_start = .

.ARM.exidx
 *(.ARM.exidx* .gnu.linkonce.armexidx.*)
                0x0000000010021fe4                __exidx_end = .
                0x0000000010021fe4                . = ALIGN (0x4)
                0x0000000010021fe4                __binary_info_start = .

.binary_info    0x0000000010021fe4       0x24
 *(.binary_info.keep.*)
 .binary_info.keep.__bi_ptr22
                0x0000000010021fe4        0x4 CMakeFiles/mcume.dir/afs/inf.ed.ac.uk/user/s19/s1970742/Desktop/hons/MCUME/pico-sdk/src/rp2_common/pico_standard_link/binary_info.c.obj
 .binary_info.keep.__bi_ptr30
                0x0000000010021fe8        0x4 CMakeFiles/mcume.dir/afs/inf.ed.ac.uk/user/s19/s1970742/Desktop/hons/MCUME/pico-sdk/src/rp2_common/pico_standard_link/binary_info.c.obj
 .binary_info.keep.__bi_ptr38
                0x0000000010021fec        0x4 CMakeFiles/mcume.dir/afs/inf.ed.ac.uk/user/s19/s1970742/Desktop/hons/MCUME/pico-sdk/src/rp2_common/pico_standard_link/binary_info.c.obj
 .binary_info.keep.__bi_ptr44
                0x0000000010021ff0        0x4 CMakeFiles/mcume.dir/afs/inf.ed.ac.uk/user/s19/s1970742/Desktop/hons/MCUME/pico-sdk/src/rp2_common/pico_standard_link/binary_info.c.obj
 .binary_info.keep.__bi_ptr50
                0x0000000010021ff4        0x4 CMakeFiles/mcume.dir/afs/inf.ed.ac.uk/user/s19/s1970742/Desktop/hons/MCUME/pico-sdk/src/rp2_common/pico_standard_link/binary_info.c.obj
 .binary_info.keep.__bi_ptr75
                0x0000000010021ff8        0x4 CMakeFiles/mcume.dir/afs/inf.ed.ac.uk/user/s19/s1970742/Desktop/hons/MCUME/pico-sdk/src/rp2_common/pico_standard_link/binary_info.c.obj
 .binary_info.keep.__bi_ptr81
                0x0000000010021ffc        0x4 CMakeFiles/mcume.dir/afs/inf.ed.ac.uk/user/s19/s1970742/Desktop/hons/MCUME/pico-sdk/src/rp2_common/pico_standard_link/binary_info.c.obj
 *(.binary_info.*)
 .binary_info.__bi_ptr28
                0x0000000010022000        0x4 CMakeFiles/mcume.dir/afs/inf.ed.ac.uk/user/s19/s1970742/Desktop/hons/MCUME/pico-sdk/src/rp2_common/pico_stdio_uart/stdio_uart.c.obj
 .binary_info.__bi_ptr29
                0x0000000010022004        0x4 CMakeFiles/mcume.dir/afs/inf.ed.ac.uk/user/s19/s1970742/Desktop/hons/MCUME/pico-sdk/src/rp2_common/pico_stdio_uart/stdio_uart.c.obj
                0x0000000010022008                __binary_info_end = .
                0x0000000010022008                . = ALIGN (0x4)
                0x0000000010022008                __etext = .

.ram_vector_table
                0x0000000020000000       0xc0
 *(.ram_vector_table)
 .ram_vector_table
                0x0000000020000000       0xc0 CMakeFiles/mcume.dir/afs/inf.ed.ac.uk/user/s19/s1970742/Desktop/hons/MCUME/pico-sdk/src/rp2_common/pico_runtime/runtime.c.obj
                0x0000000020000000                ram_vector_table

.data           0x00000000200000c0      0xe18 load address 0x0000000010022008
                0x00000000200000c0                __data_start__ = .
 *(vtable)
 *(.time_critical*)
 .time_critical.VgaLine
                0x00000000200000c0      0x148 CMakeFiles/mcume.dir/picovga_t4/vga.cpp.obj
                0x00000000200000c0                VgaLine
 .time_critical.sem_acquire_blocking
                0x0000000020000208       0x44 CMakeFiles/mcume.dir/afs/inf.ed.ac.uk/user/s19/s1970742/Desktop/hons/MCUME/pico-sdk/src/common/pico_sync/sem.c.obj
                0x0000000020000208                sem_acquire_blocking
 .time_critical.sem_acquire_timeout_ms