Archive member included to satisfy reference by file (symbol)

/usr/lib/gcc/arm-none-eabi/9.2.1/thumb/v6-m/nofp/libgcc.a(_dvmd_tls.o)
                              CMakeFiles/mcume.dir/afs/inf.ed.ac.uk/user/s19/s1970742/Desktop/hons/MCUME/pico-sdk/src/rp2_common/pico_divider/divider.S.obj (__aeabi_idiv0)
/usr/lib/gcc/arm-none-eabi/9.2.1/../../../arm-none-eabi/lib/thumb/v6-m/nofp/libg.a(lib_a-atexit.o)
                              /usr/lib/gcc/arm-none-eabi/9.2.1/../../../arm-none-eabi/lib/thumb/v6-m/nofp/crt0.o (atexit)
/usr/lib/gcc/arm-none-eabi/9.2.1/../../../arm-none-eabi/lib/thumb/v6-m/nofp/libg.a(lib_a-calloc.o)
                              CMakeFiles/mcume.dir/afs/inf.ed.ac.uk/user/s19/s1970742/Desktop/hons/MCUME/pico-sdk/src/rp2_common/pico_malloc/pico_malloc.c.obj (calloc)
/usr/lib/gcc/arm-none-eabi/9.2.1/../../../arm-none-eabi/lib/thumb/v6-m/nofp/libg.a(lib_a-callocr.o)
                              /usr/lib/gcc/arm-none-eabi/9.2.1/../../../arm-none-eabi/lib/thumb/v6-m/nofp/libg.a(lib_a-calloc.o) (_calloc_r)
/usr/lib/gcc/arm-none-eabi/9.2.1/../../../arm-none-eabi/lib/thumb/v6-m/nofp/libg.a(lib_a-errno.o)
                              CMakeFiles/mcume.dir/FatFs_SPI/src/ff_stdio.c.obj (__errno)
/usr/lib/gcc/arm-none-eabi/9.2.1/../../../arm-none-eabi/lib/thumb/v6-m/nofp/libg.a(lib_a-fflush.o)
                              CMakeFiles/mcume.dir/FatFs_SPI/sd_driver/demo_logging.c.obj (fflush)
/usr/lib/gcc/arm-none-eabi/9.2.1/../../../arm-none-eabi/lib/thumb/v6-m/nofp/libg.a(lib_a-findfp.o)
                              /usr/lib/gcc/arm-none-eabi/9.2.1/../../../arm-none-eabi/lib/thumb/v6-m/nofp/libg.a(lib_a-fflush.o) (__sinit)
/usr/lib/gcc/arm-none-eabi/9.2.1/../../../arm-none-eabi/lib/thumb/v6-m/nofp/libg.a(lib_a-fini.o)
                              /usr/lib/gcc/arm-none-eabi/9.2.1/../../../arm-none-eabi/lib/thumb/v6-m/nofp/crt0.o (__libc_fini_array)
/usr/lib/gcc/arm-none-eabi/9.2.1/../../../arm-none-eabi/lib/thumb/v6-m/nofp/libg.a(lib_a-freer.o)
                              /usr/lib/gcc/arm-none-eabi/9.2.1/../../../arm-none-eabi/lib/thumb/v6-m/nofp/libg.a(lib_a-fflush.o) (_free_r)
/usr/lib/gcc/arm-none-eabi/9.2.1/../../../arm-none-eabi/lib/thumb/v6-m/nofp/libg.a(lib_a-fwalk.o)
                              /usr/lib/gcc/arm-none-eabi/9.2.1/../../../arm-none-eabi/lib/thumb/v6-m/nofp/libg.a(lib_a-findfp.o) (_fwalk)
/usr/lib/gcc/arm-none-eabi/9.2.1/../../../arm-none-eabi/lib/thumb/v6-m/nofp/libg.a(lib_a-impure.o)
                              /usr/lib/gcc/arm-none-eabi/9.2.1/../../../arm-none-eabi/lib/thumb/v6-m/nofp/libg.a(lib_a-fflush.o) (_global_impure_ptr)
/usr/lib/gcc/arm-none-eabi/9.2.1/../../../arm-none-eabi/lib/thumb/v6-m/nofp/libg.a(lib_a-init.o)
                              /usr/lib/gcc/arm-none-eabi/9.2.1/../../../arm-none-eabi/lib/thumb/v6-m/nofp/crt0.o (__libc_init_array)
/usr/lib/gcc/arm-none-eabi/9.2.1/../../../arm-none-eabi/lib/thumb/v6-m/nofp/libg.a(lib_a-malloc.o)
                              CMakeFiles/mcume.dir/afs/inf.ed.ac.uk/user/s19/s1970742/Desktop/hons/MCUME/pico-sdk/src/rp2_common/pico_malloc/pico_malloc.c.obj (malloc)
/usr/lib/gcc/arm-none-eabi/9.2.1/../../../arm-none-eabi/lib/thumb/v6-m/nofp/libg.a(lib_a-mallocr.o)
                              /usr/lib/gcc/arm-none-eabi/9.2.1/../../../arm-none-eabi/lib/thumb/v6-m/nofp/libg.a(lib_a-callocr.o) (_malloc_r)
/usr/lib/gcc/arm-none-eabi/9.2.1/../../../arm-none-eabi/lib/thumb/v6-m/nofp/libg.a(lib_a-mktime.o)
                              CMakeFiles/mcume.dir/FatFs_SPI/src/rtc.c.obj (mktime)
/usr/lib/gcc/arm-none-eabi/9.2.1/../../../arm-none-eabi/lib/thumb/v6-m/nofp/libg.a(lib_a-mlock.o)
                              /usr/lib/gcc/arm-none-eabi/9.2.1/../../../arm-none-eabi/lib/thumb/v6-m/nofp/libg.a(lib_a-freer.o) (__malloc_lock)
/usr/lib/gcc/arm-none-eabi/9.2.1/../../../arm-none-eabi/lib/thumb/v6-m/nofp/libg.a(lib_a-rand.o)
                              CMakeFiles/mcume.dir/vga_t4/VGA_t4.cpp.obj (rand)
/usr/lib/gcc/arm-none-eabi/9.2.1/../../../arm-none-eabi/lib/thumb/v6-m/nofp/libg.a(lib_a-realloc.o)
                              CMakeFiles/mcume.dir/afs/inf.ed.ac.uk/user/s19/s1970742/Desktop/hons/MCUME/pico-sdk/src/rp2_common/pico_malloc/pico_malloc.c.obj (realloc)
/usr/lib/gcc/arm-none-eabi/9.2.1/../../../arm-none-eabi/lib/thumb/v6-m/nofp/libg.a(lib_a-reallocr.o)
                              /usr/lib/gcc/arm-none-eabi/9.2.1/../../../arm-none-eabi/lib/thumb/v6-m/nofp/libg.a(lib_a-realloc.o) (_realloc_r)
/usr/lib/gcc/arm-none-eabi/9.2.1/../../../arm-none-eabi/lib/thumb/v6-m/nofp/libg.a(lib_a-sbrkr.o)
                              /usr/lib/gcc/arm-none-eabi/9.2.1/../../../arm-none-eabi/lib/thumb/v6-m/nofp/libg.a(lib_a-freer.o) (_sbrk_r)
/usr/lib/gcc/arm-none-eabi/9.2.1/../../../arm-none-eabi/lib/thumb/v6-m/nofp/libg.a(lib_a-stdio.o)
                              /usr/lib/gcc/arm-none-eabi/9.2.1/../../../arm-none-eabi/lib/thumb/v6-m/nofp/libg.a(lib_a-findfp.o) (__sread)
[...]
Memory Configuration

Name             Origin             Length             Attributes
FLASH            0x0000000010000000 0x0000000000200000 xr
RAM              0x0000000020000000 0x0000000000040000 xrw
SCRATCH_X        0x0000000020040000 0x0000000000001000 xrw
SCRATCH_Y        0x0000000020041000 0x0000000000001000 xrw
*default*        0x0000000000000000 0xffffffffffffffff

Linker script and memory map

LOAD /usr/lib/gcc/arm-none-eabi/9.2.1/thumb/v6-m/nofp/crti.o
LOAD /usr/lib/gcc/arm-none-eabi/9.2.1/thumb/v6-m/nofp/crtbegin.o
LOAD /usr/lib/gcc/arm-none-eabi/9.2.1/../../../arm-none-eabi/lib/thumb/v6-m/nofp/crt0.o

.flash_begin    0x0000000010000000        0x0
                0x0000000010000000                __flash_binary_start = .

.boot2          0x0000000010000000      0x100
                0x0000000010000000                __boot2_start__ = .
 *(.boot2)
 .boot2         0x0000000010000000      0x100 /tmp/cchN6ZcK.o
                0x0000000010000100                __boot2_end__ = .
                0x0000000000000001                ASSERT (((__boot2_end__ - __boot2_start__) == 0x100), ERROR: Pico second stage bootloader must be 256 bytes in size)

.text           0x0000000010000100     0x43f8
                0x0000000010000100                __logical_binary_start = .
 *(.vectors)
 .vectors       0x0000000010000100       0xd4 CMakeFiles/mcume.dir/afs/inf.ed.ac.uk/user/s19/s1970742/Desktop/hons/MCUME/pico-sdk/src/rp2_common/pico_standard_link/crt0.S.obj
                0x0000000010000100                __vectors
                0x0000000010000100                __VECTOR_TABLE
                0x00000000100001c0                isr_invalid
                0x00000000100001c0                __default_isrs_start
                0x00000000100001c2                isr_nmi
                0x00000000100001c4                isr_hardfault
                0x00000000100001c6                isr_svcall
                0x00000000100001c8                isr_pendsv
                0x00000000100001ca                isr_systick
                0x00000000100001cc                isr_irq30
                0x00000000100001cc                __unhandled_user_irq
                0x00000000100001cc                isr_irq13
                0x00000000100001cc                isr_irq27
                0x00000000100001cc                isr_irq31
                0x00000000100001cc                isr_irq5
                0x00000000100001cc                isr_irq11
                0x00000000100001cc                isr_irq23
                0x00000000100001cc                isr_irq18
                0x00000000100001cc                isr_irq28
                0x00000000100001cc                isr_irq19
                0x00000000100001cc                isr_irq0
                0x00000000100001cc                isr_irq6
                0x00000000100001cc                isr_irq22
                0x00000000100001cc                isr_irq17
                0x00000000100001cc                isr_irq14
                0x00000000100001cc                isr_irq2
                0x00000000100001cc                isr_irq10
                0x00000000100001cc                isr_irq24
                0x00000000100001cc                isr_irq1
                0x00000000100001cc                isr_irq21
                0x00000000100001cc                isr_irq20
                0x00000000100001cc                isr_irq15
                0x00000000100001cc                isr_irq25
                0x00000000100001cc                isr_irq4
                0x00000000100001cc                isr_irq16
                0x00000000100001cc                isr_irq29
                0x00000000100001cc                isr_irq26
                0x00000000100001cc                __default_isrs_end
                0x00000000100001cc                isr_irq3
                0x00000000100001cc                isr_irq12
                0x00000000100001cc                isr_irq9
                0x00000000100001d2                unhandled_user_irq_num_in_r0
 *(.binary_info_header)
 .binary_info_header
                0x00000000100001d4       0x14 CMakeFiles/mcume.dir/afs/inf.ed.ac.uk/user/s19/s1970742/Desktop/hons/MCUME/pico-sdk/src/rp2_common/pico_standard_link/crt0.S.obj
                0x00000000100001e8                __binary_info_header_end = .
 *(.reset)
 .reset         0x00000000100001e8       0xa8 CMakeFiles/mcume.dir/afs/inf.ed.ac.uk/user/s19/s1970742/Desktop/hons/MCUME/pico-sdk/src/rp2_common/pico_standard_link/crt0.S.obj
                0x00000000100001e8                _entry_point
                0x0000000010000266                __get_current_exception
 .reset         0x0000000010000290       0x30 CMakeFiles/mcume.dir/afs/inf.ed.ac.uk/user/s19/s1970742/Desktop/hons/MCUME/pico-sdk/src/rp2_common/pico_standard_link/binary_info.c.obj
 *(.init)
 .init          0x00000000100002c0        0x4 /usr/lib/gcc/arm-none-eabi/9.2.1/thumb/v6-m/nofp/crti.o
                0x00000000100002c0                _init
 *(EXCLUDE_FILE(*libm.a: *libc.a:*lib_a-mem*.o *libgcc.a:) .text*)
 .text          0x00000000100002c4       0x98 /usr/lib/gcc/arm-none-eabi/9.2.1/thumb/v6-m/nofp/crtbegin.o
 .text.main     0x000000001000035c       0xe0 CMakeFiles/mcume.dir/picocpc/hello.c.obj
                0x000000001000035c                main
 .text.lock_init
                0x000000001000043c       0x10 CMakeFiles/mcume.dir/afs/inf.ed.ac.uk/user/s19/s1970742/Desktop/hons/MCUME/pico-sdk/src/common/pico_sync/lock_core.c.obj
                0x000000001000043c                lock_init
 .text.spin_locks_reset
                0x000000001000044c       0x20 CMakeFiles/mcume.dir/afs/inf.ed.ac.uk/user/s19/s1970742/Desktop/hons/MCUME/pico-sdk/src/rp2_common/hardware_sync/sync.c.obj
                0x000000001000044c                spin_locks_reset
 .text.next_striped_spin_lock_num
                0x000000001000046c       0x1c CMakeFiles/mcume.dir/afs/inf.ed.ac.uk/user/s19/s1970742/Desktop/hons/MCUME/pico-sdk/src/rp2_common/hardware_sync/sync.c.obj
                0x000000001000046c                next_striped_spin_lock_num
 .text.hw_claim_lock
                0x0000000010000488       0x18 CMakeFiles/mcume.dir/afs/inf.ed.ac.uk/user/s19/s1970742/Desktop/hons/MCUME/pico-sdk/src/rp2_common/hardware_claim/claim.c.obj
                0x0000000010000488                hw_claim_lock
 .text.hw_claim_unlock
                0x00000000100004a0       0x14 CMakeFiles/mcume.dir/afs/inf.ed.ac.uk/user/s19/s1970742/Desktop/hons/MCUME/pico-sdk/src/rp2_common/hardware_claim/claim.c.obj
                0x00000000100004a0                hw_claim_unlock
 .text.hw_claim_or_assert
                0x00000000100004b4       0x32 CMakeFiles/mcume.dir/afs/inf.ed.ac.uk/user/s19/s1970742/Desktop/hons/MCUME/pico-sdk/src/rp2_common/hardware_claim/claim.c.obj
                0x00000000100004b4                hw_claim_or_assert
 .text.hw_claim_unused_from_range
                0x00000000100004e6       0x50 CMakeFiles/mcume.dir/afs/inf.ed.ac.uk/user/s19/s1970742/Desktop/hons/MCUME/pico-sdk/src/rp2_common/hardware_claim/claim.c.obj
                0x00000000100004e6                hw_claim_unused_from_range
 *fill*         0x0000000010000536        0x2 
 .text.running_on_fpga
                0x0000000010000538       0x14 CMakeFiles/mcume.dir/afs/inf.ed.ac.uk/user/s19/s1970742/Desktop/hons/MCUME/pico-sdk/src/rp2_common/pico_platform/platform.c.obj
                0x0000000010000538                running_on_fpga
 .text.alarm_pool_post_alloc_init
                0x000000001000054c       0x40 CMakeFiles/mcume.dir/afs/inf.ed.ac.uk/user/s19/s1970742/Desktop/hons/MCUME/pico-sdk/src/common/pico_time/time.c.obj
 .text.sleep_until_callback
                0x000000001000058c       0x30 CMakeFiles/mcume.dir/afs/inf.ed.ac.uk/user/s19/s1970742/Desktop/hons/MCUME/pico-sdk/src/common/pico_time/time.c.obj
 .text.timer_pool_entry_comparator
                0x00000000100005bc       0x7c CMakeFiles/mcume.dir/afs/inf.ed.ac.uk/user/s19/s1970742/Desktop/hons/MCUME/pico-sdk/src/common/pico_time/time.c.obj
                0x00000000100005bc                timer_pool_entry_comparator
 .text.ph_add_child_node
                0x0000000010000638       0xa4 CMakeFiles/mcume.dir/afs/inf.ed.ac.uk/user/s19/s1970742/Desktop/hons/MCUME/pico-sdk/src/common/pico_time/time.c.obj
 .text.ph_merge_nodes
                0x00000000100006dc       0x3e CMakeFiles/mcume.dir/afs/inf.ed.ac.uk/user/s19/s1970742/Desktop/hons/MCUME/pico-sdk/src/common/pico_time/time.c.obj
 *fill*         0x000000001000071a        0x2 
 .text.add_alarm_under_lock
                0x000000001000071c      0x174 CMakeFiles/mcume.dir/afs/inf.ed.ac.uk/user/s19/s1970742/Desktop/hons/MCUME/pico-sdk/src/common/pico_time/time.c.obj
 .text.alarm_pool_alarm_callback
                0x0000000010000890      0x32c CMakeFiles/mcume.dir/afs/inf.ed.ac.uk/user/s19/s1970742/Desktop/hons/MCUME/pico-sdk/src/common/pico_time/time.c.obj
 .text.alarm_pool_init_default
                0x0000000010000bbc       0x38 CMakeFiles/mcume.dir/afs/inf.ed.ac.uk/user/s19/s1970742/Desktop/hons/MCUME/pico-sdk/src/common/pico_time/time.c.obj
                0x0000000010000bbc                alarm_pool_init_default
 .text.alarm_pool_get_default
                0x0000000010000bf4       0x2c CMakeFiles/mcume.dir/afs/inf.ed.ac.uk/user/s19/s1970742/Desktop/hons/MCUME/pico-sdk/src/common/pico_time/time.c.obj
                0x0000000010000bf4                alarm_pool_get_default
 .text.alarm_pool_add_alarm_at
                0x0000000010000c20      0x170 CMakeFiles/mcume.dir/afs/inf.ed.ac.uk/user/s19/s1970742/Desktop/hons/MCUME/pico-sdk/src/common/pico_time/time.c.obj
                0x0000000010000c20                alarm_pool_add_alarm_at
 .text.sleep_until
                0x0000000010000d90       0xfc CMakeFiles/mcume.dir/afs/inf.ed.ac.uk/user/s19/s1970742/Desktop/hons/MCUME/pico-sdk/src/common/pico_time/time.c.obj
                0x0000000010000d90                sleep_until
 .text.sleep_us
                0x0000000010000e8c       0x58 CMakeFiles/mcume.dir/afs/inf.ed.ac.uk/user/s19/s1970742/Desktop/hons/MCUME/pico-sdk/src/common/pico_time/time.c.obj
                0x0000000010000e8c                sleep_us
 .text.sleep_ms
                0x0000000010000ee4       0x14 CMakeFiles/mcume.dir/afs/inf.ed.ac.uk/user/s19/s1970742/Desktop/hons/MCUME/pico-sdk/src/common/pico_time/time.c.obj
                0x0000000010000ee4                sleep_ms
 .text.hardware_alarm_irq_handler
                0x0000000010000ef8       0x8c CMakeFiles/mcume.dir/afs/inf.ed.ac.uk/user/s19/s1970742/Desktop/hons/MCUME/pico-sdk/src/rp2_common/hardware_timer/timer.c.obj
 .text.hardware_alarm_claim
                0x0000000010000f84       0x18 CMakeFiles/mcume.dir/afs/inf.ed.ac.uk/user/s19/s1970742/Desktop/hons/MCUME/pico-sdk/src/rp2_common/hardware_timer/timer.c.obj
                0x0000000010000f84                hardware_alarm_claim
 .text.time_us_64
                0x0000000010000f9c       0x18 CMakeFiles/mcume.dir/afs/inf.ed.ac.uk/user/s19/s1970742/Desktop/hons/MCUME/pico-sdk/src/rp2_common/hardware_timer/timer.c.obj
                0x0000000010000f9c                time_us_64
 .text.busy_wait_until
                0x0000000010000fb4       0x24 CMakeFiles/mcume.dir/afs/inf.ed.ac.uk/user/s19/s1970742/Desktop/hons/MCUME/pico-sdk/src/rp2_common/hardware_timer/timer.c.obj
                0x0000000010000fb4                busy_wait_until
 .text.hardware_alarm_set_callback
                0x0000000010000fd8       0x90 CMakeFiles/mcume.dir/afs/inf.ed.ac.uk/user/s19/s1970742/Desktop/hons/MCUME/pico-sdk/src/rp2_common/hardware_timer/timer.c.obj
                0x0000000010000fd8                hardware_alarm_set_callback
 .text.hardware_alarm_set_target
                0x0000000010001068       0xe8 CMakeFiles/mcume.dir/afs/inf.ed.ac.uk/user/s19/s1970742/Desktop/hons/MCUME/pico-sdk/src/rp2_common/hardware_timer/timer.c.obj
                0x0000000010001068                hardware_alarm_set_target
 .text.hardware_alarm_cancel
                0x0000000010001150       0x40 CMakeFiles/mcume.dir/afs/inf.ed.ac.uk/user/s19/s1970742/Desktop/hons/MCUME/pico-sdk/src/rp2_common/hardware_timer/timer.c.obj
                0x0000000010001150                hardware_alarm_cancel
 .text.ph_add_child_node
                0x0000000010001190       0xa4 CMakeFiles/mcume.dir/afs/inf.ed.ac.uk/user/s19/s1970742/Desktop/hons/MCUME/pico-sdk/src/common/pico_util/pheap.c.obj
 .text.ph_merge_nodes
                0x0000000010001234       0x3e CMakeFiles/mcume.dir/afs/inf.ed.ac.uk/user/s19/s1970742/Desktop/hons/MCUME/pico-sdk/src/common/pico_util/pheap.c.obj
 *fill*         0x0000000010001272        0x2 
 .text.ph_clear
                0x0000000010001274       0x70 CMakeFiles/mcume.dir/afs/inf.ed.ac.uk/user/s19/s1970742/Desktop/hons/MCUME/pico-sdk/src/common/pico_util/pheap.c.obj
                0x0000000010001274                ph_clear
 .text.ph_post_alloc_init
                0x00000000100012e4        0xe CMakeFiles/mcume.dir/afs/inf.ed.ac.uk/user/s19/s1970742/Desktop/hons/MCUME/pico-sdk/src/common/pico_util/pheap.c.obj
                0x00000000100012e4                ph_post_alloc_init
 *fill*         0x00000000100012f2        0x2 
 .text.ph_merge_two_pass
                0x00000000100012f4       0xa8 CMakeFiles/mcume.dir/afs/inf.ed.ac.uk/user/s19/s1970742/Desktop/hons/MCUME/pico-sdk/src/common/pico_util/pheap.c.obj
                0x00000000100012f4                ph_merge_two_pass
 .text.ph_remove_any_head
                0x000000001000139c      0x108 CMakeFiles/mcume.dir/afs/inf.ed.ac.uk/user/s19/s1970742/Desktop/hons/MCUME/pico-sdk/src/common/pico_util/pheap.c.obj
 .text.ph_remove_head
                0x00000000100014a4       0x14 CMakeFiles/mcume.dir/afs/inf.ed.ac.uk/user/s19/s1970742/Desktop/hons/MCUME/pico-sdk/src/common/pico_util/pheap.c.obj
                0x00000000100014a4                ph_remove_head
 .text.ph_remove_and_free_node
                0x00000000100014b8       0xf8 CMakeFiles/mcume.dir/afs/inf.ed.ac.uk/user/s19/s1970742/Desktop/hons/MCUME/pico-sdk/src/common/pico_util/pheap.c.obj
                0x00000000100014b8                ph_remove_and_free_node
 .text.mutex_init
                0x00000000100015b0       0x1a CMakeFiles/mcume.dir/afs/inf.ed.ac.uk/user/s19/s1970742/Desktop/hons/MCUME/pico-sdk/src/common/pico_sync/mutex.c.obj
                0x00000000100015b0                mutex_init
 .text.recursive_mutex_init
                0x00000000100015ca       0x1e CMakeFiles/mcume.dir/afs/inf.ed.ac.uk/user/s19/s1970742/Desktop/hons/MCUME/pico-sdk/src/common/pico_sync/mutex.c.obj
                0x00000000100015ca                recursive_mutex_init
 .text.set_raw_irq_handler_and_unlock
                0x00000000100015e8       0x28 CMakeFiles/mcume.dir/afs/inf.ed.ac.uk/user/s19/s1970742/Desktop/hons/MCUME/pico-sdk/src/rp2_common/hardware_irq/irq.c.obj
 .text.make_branch
                0x0000000010001610       0x48 CMakeFiles/mcume.dir/afs/inf.ed.ac.uk/user/s19/s1970742/Desktop/hons/MCUME/pico-sdk/src/rp2_common/hardware_irq/irq.c.obj
 .text.insert_branch_and_link
                0x0000000010001658       0x40 CMakeFiles/mcume.dir/afs/inf.ed.ac.uk/user/s19/s1970742/Desktop/hons/MCUME/pico-sdk/src/rp2_common/hardware_irq/irq.c.obj
 .text.irq_is_enabled
                0x0000000010001698       0x18 CMakeFiles/mcume.dir/afs/inf.ed.ac.uk/user/s19/s1970742/Desktop/hons/MCUME/pico-sdk/src/rp2_common/hardware_irq/irq.c.obj
                0x0000000010001698                irq_is_enabled
 .text.irq_set_mask_enabled
                0x00000000100016b0       0x20 CMakeFiles/mcume.dir/afs/inf.ed.ac.uk/user/s19/s1970742/Desktop/hons/MCUME/pico-sdk/src/rp2_common/hardware_irq/irq.c.obj
                0x00000000100016b0                irq_set_mask_enabled
 .text.irq_set_enabled
                0x00000000100016d0        0xe CMakeFiles/mcume.dir/afs/inf.ed.ac.uk/user/s19/s1970742/Desktop/hons/MCUME/pico-sdk/src/rp2_common/hardware_irq/irq.c.obj
                0x00000000100016d0                irq_set_enabled
 *fill*         0x00000000100016de        0x2 
 .text.irq_get_vtable_handler
                0x00000000100016e0       0x10 CMakeFiles/mcume.dir/afs/inf.ed.ac.uk/user/s19/s1970742/Desktop/hons/MCUME/pico-sdk/src/rp2_common/hardware_irq/irq.c.obj
                0x00000000100016e0                irq_get_vtable_handler
 .text.irq_set_exclusive_handler
                0x00000000100016f0       0x54 CMakeFiles/mcume.dir/afs/inf.ed.ac.uk/user/s19/s1970742/Desktop/hons/MCUME/pico-sdk/src/rp2_common/hardware_irq/irq.c.obj
                0x00000000100016f0                irq_set_exclusive_handler
 .text.irq_remove_handler
                0x0000000010001744      0x1a8 CMakeFiles/mcume.dir/afs/inf.ed.ac.uk/user/s19/s1970742/Desktop/hons/MCUME/pico-sdk/src/rp2_common/hardware_irq/irq.c.obj
                0x0000000010001744                irq_remove_handler
 .text.irq_add_tail_to_free_list
                0x00000000100018ec       0xf0 CMakeFiles/mcume.dir/afs/inf.ed.ac.uk/user/s19/s1970742/Desktop/hons/MCUME/pico-sdk/src/rp2_common/hardware_irq/irq.c.obj
                0x00000000100018ec                irq_add_tail_to_free_list
 .text.irq_init_priorities
                0x00000000100019dc       0x1c CMakeFiles/mcume.dir/afs/inf.ed.ac.uk/user/s19/s1970742/Desktop/hons/MCUME/pico-sdk/src/rp2_common/hardware_irq/irq.c.obj
                0x00000000100019dc                irq_init_priorities
 .text.gpio_set_function
                0x00000000100019f8       0x30 CMakeFiles/mcume.dir/afs/inf.ed.ac.uk/user/s19/s1970742/Desktop/hons/MCUME/pico-sdk/src/rp2_common/hardware_gpio/gpio.c.obj
                0x00000000100019f8                gpio_set_function
 .text._exit    0x0000000010001a28        0x4 CMakeFiles/mcume.dir/afs/inf.ed.ac.uk/user/s19/s1970742/Desktop/hons/MCUME/pico-sdk/src/rp2_common/pico_runtime/runtime.c.obj
                0x0000000010001a28                _exit
 .text.exit     0x0000000010001a2c        0x6 CMakeFiles/mcume.dir/afs/inf.ed.ac.uk/user/s19/s1970742/Desktop/hons/MCUME/pico-sdk/src/rp2_common/pico_runtime/runtime.c.obj
                0x0000000010001a2c                exit
 *fill*         0x0000000010001a32        0x2 
 .text.__assert_func
                0x0000000010001a34       0x3c CMakeFiles/mcume.dir/afs/inf.ed.ac.uk/user/s19/s1970742/Desktop/hons/MCUME/pico-sdk/src/rp2_common/pico_runtime/runtime.c.obj
                0x0000000010001a34                __assert_func
 .text.runtime_init
                0x0000000010001a70       0xf8 CMakeFiles/mcume.dir/afs/inf.ed.ac.uk/user/s19/s1970742/Desktop/hons/MCUME/pico-sdk/src/rp2_common/pico_runtime/runtime.c.obj
                0x0000000010001a70                runtime_init
 .text.panic    0x0000000010001b68       0x30 CMakeFiles/mcume.dir/afs/inf.ed.ac.uk/user/s19/s1970742/Desktop/hons/MCUME/pico-sdk/src/rp2_common/pico_runtime/runtime.c.obj
                0x0000000010001b68                panic
 .text.clock_configure
                0x0000000010001b98      0x104 CMakeFiles/mcume.dir/afs/inf.ed.ac.uk/user/s19/s1970742/Desktop/hons/MCUME/pico-sdk/src/rp2_common/hardware_clocks/clocks.c.obj
                0x0000000010001b98                clock_configure
 .text.clocks_init
                0x0000000010001c9c      0x100 CMakeFiles/mcume.dir/afs/inf.ed.ac.uk/user/s19/s1970742/Desktop/hons/MCUME/pico-sdk/src/rp2_common/hardware_clocks/clocks.c.obj
                0x0000000010001c9c                clocks_init
 .text.pll_init
                0x0000000010001d9c      0x140 CMakeFiles/mcume.dir/afs/inf.ed.ac.uk/user/s19/s1970742/Desktop/hons/MCUME/pico-sdk/src/rp2_common/hardware_pll/pll.c.obj
                0x0000000010001d9c                pll_init
 .text.watchdog_start_tick
                0x0000000010001edc       0x10 CMakeFiles/mcume.dir/afs/inf.ed.ac.uk/user/s19/s1970742/Desktop/hons/MCUME/pico-sdk/src/rp2_common/hardware_watchdog/watchdog.c.obj
                0x0000000010001edc                watchdog_start_tick
 .text.xosc_init
                0x0000000010001eec       0x28 CMakeFiles/mcume.dir/afs/inf.ed.ac.uk/user/s19/s1970742/Desktop/hons/MCUME/pico-sdk/src/rp2_common/hardware_xosc/xosc.c.obj
                0x0000000010001eec                xosc_init
 .text._out_null
                0x0000000010001f14        0x2 CMakeFiles/mcume.dir/afs/inf.ed.ac.uk/user/s19/s1970742/Desktop/hons/MCUME/pico-sdk/src/rp2_common/pico_printf/printf.c.obj
 .text._out_fct
                0x0000000010001f16        0xe CMakeFiles/mcume.dir/afs/inf.ed.ac.uk/user/s19/s1970742/Desktop/hons/MCUME/pico-sdk/src/rp2_common/pico_printf/printf.c.obj
 .text._atoi    0x0000000010001f24       0x24 CMakeFiles/mcume.dir/afs/inf.ed.ac.uk/user/s19/s1970742/Desktop/hons/MCUME/pico-sdk/src/rp2_common/pico_printf/printf.c.obj
 .text._out_rev
                0x0000000010001f48       0xae CMakeFiles/mcume.dir/afs/inf.ed.ac.uk/user/s19/s1970742/Desktop/hons/MCUME/pico-sdk/src/rp2_common/pico_printf/printf.c.obj
 .text._ntoa_format
                0x0000000010001ff6      0x110 CMakeFiles/mcume.dir/afs/inf.ed.ac.uk/user/s19/s1970742/Desktop/hons/MCUME/pico-sdk/src/rp2_common/pico_printf/printf.c.obj
 .text._ntoa_long
                0x0000000010002106       0xbc CMakeFiles/mcume.dir/afs/inf.ed.ac.uk/user/s19/s1970742/Desktop/hons/MCUME/pico-sdk/src/rp2_common/pico_printf/printf.c.obj
 .text._ntoa_long_long
                0x00000000100021c2       0xe2 CMakeFiles/mcume.dir/afs/inf.ed.ac.uk/user/s19/s1970742/Desktop/hons/MCUME/pico-sdk/src/rp2_common/pico_printf/printf.c.obj
 .text._etoa    0x00000000100022a4      0x40c CMakeFiles/mcume.dir/afs/inf.ed.ac.uk/user/s19/s1970742/Desktop/hons/MCUME/pico-sdk/src/rp2_common/pico_printf/printf.c.obj
 .text._ftoa    0x00000000100026b0      0x354 CMakeFiles/mcume.dir/afs/inf.ed.ac.uk/user/s19/s1970742/Desktop/hons/MCUME/pico-sdk/src/rp2_common/pico_printf/printf.c.obj
 .text._vsnprintf
                0x0000000010002a04      0x628 CMakeFiles/mcume.dir/afs/inf.ed.ac.uk/user/s19/s1970742/Desktop/hons/MCUME/pico-sdk/src/rp2_common/pico_printf/printf.c.obj
 .text.vfctprintf
                0x000000001000302c       0x20 CMakeFiles/mcume.dir/afs/inf.ed.ac.uk/user/s19/s1970742/Desktop/hons/MCUME/pico-sdk/src/rp2_common/pico_printf/printf.c.obj
                0x000000001000302c                vfctprintf
 .text          0x000000001000304c       0x10 CMakeFiles/mcume.dir/afs/inf.ed.ac.uk/user/s19/s1970742/Desktop/hons/MCUME/pico-sdk/src/rp2_common/pico_bit_ops/bit_ops_aeabi.S.obj
 .text.rom_func_lookup
                0x000000001000305c       0x10 CMakeFiles/mcume.dir/afs/inf.ed.ac.uk/user/s19/s1970742/Desktop/hons/MCUME/pico-sdk/src/rp2_common/pico_bootrom/bootrom.c.obj
                0x000000001000305c                rom_func_lookup
 .text.rom_data_lookup
                0x000000001000306c       0x10 CMakeFiles/mcume.dir/afs/inf.ed.ac.uk/user/s19/s1970742/Desktop/hons/MCUME/pico-sdk/src/rp2_common/pico_bootrom/bootrom.c.obj
                0x000000001000306c                rom_data_lookup
 .text.rom_funcs_lookup
                0x000000001000307c       0x36 CMakeFiles/mcume.dir/afs/inf.ed.ac.uk/user/s19/s1970742/Desktop/hons/MCUME/pico-sdk/src/rp2_common/pico_bootrom/bootrom.c.obj
                0x000000001000307c                rom_funcs_lookup
 *fill*         0x00000000100030b2        0x2 
 .text.__wrap___aeabi_idiv
                0x00000000100030b4       0x50 CMakeFiles/mcume.dir/afs/inf.ed.ac.uk/user/s19/s1970742/Desktop/hons/MCUME/pico-sdk/src/rp2_common/pico_divider/divider.S.obj
                0x00000000100030b4                __wrap___aeabi_idivmod
                0x00000000100030b4                divmod_s32s32
                0x00000000100030b4                div_s32s32
                0x00000000100030b4                __wrap___aeabi_idiv
                0x00000000100030bc                divmod_s32s32_unsafe
                0x00000000100030e8                divmod_s32s32_savestate
 .text.__wrap___aeabi_uidiv
                0x0000000010003104       0x4c CMakeFiles/mcume.dir/afs/inf.ed.ac.uk/user/s19/s1970742/Desktop/hons/MCUME/pico-sdk/src/rp2_common/pico_divider/divider.S.obj
                0x0000000010003104                __wrap___aeabi_uidiv
                0x0000000010003104                __wrap___aeabi_uidivmod
                0x0000000010003104                div_u32u32
                0x0000000010003104                divmod_u32u32
                0x000000001000310c                divmod_u32u32_unsafe
                0x0000000010003134                divmod_u32u32_savestate
 .text.__wrap___aeabi_ldiv
                0x0000000010003150      0x434 CMakeFiles/mcume.dir/afs/inf.ed.ac.uk/user/s19/s1970742/Desktop/hons/MCUME/pico-sdk/src/rp2_common/pico_divider/divider.S.obj
                0x0000000010003150                div_s64s64
                0x0000000010003150                divmod_s64s64
                0x0000000010003150                __wrap___aeabi_ldivmod
                0x0000000010003188                div_u64u64
                0x0000000010003188                divmod_u64u64
                0x0000000010003188                __wrap___aeabi_uldivmod
                0x0000000010003198                divmod_u64u64_savestate
                0x00000000100031c0                divmod_s64s64_unsafe
                0x0000000010003248                divmod_u64u64_unsafe
 .text.__wrap___aeabi_darithmetic
                0x0000000010003584       0x80 CMakeFiles/mcume.dir/afs/inf.ed.ac.uk/user/s19/s1970742/Desktop/hons/MCUME/pico-sdk/src/rp2_common/pico_double/double_aeabi.S.obj
                0x0000000010003584                __wrap___aeabi_drsub
                0x000000001000358a                __wrap___aeabi_dsub
                0x000000001000359c                __wrap___aeabi_dadd
                0x00000000100035ae                __wrap___aeabi_ddiv
                0x00000000100035ea                __wrap___aeabi_dmul
 .text.__wrap___aeabi_cdcmple
                0x0000000010003604       0x6c CMakeFiles/mcume.dir/afs/inf.ed.ac.uk/user/s19/s1970742/Desktop/hons/MCUME/pico-sdk/src/rp2_common/pico_double/double_aeabi.S.obj
                0x0000000010003604                __wrap___aeabi_cdrcmple
                0x0000000010003614                __wrap___aeabi_cdcmple
                0x0000000010003614                __wrap___aeabi_cdcmpeq
 .text.__wrap___aeabi_dcmplt
                0x0000000010003670        0xc CMakeFiles/mcume.dir/afs/inf.ed.ac.uk/user/s19/s1970742/Desktop/hons/MCUME/pico-sdk/src/rp2_common/pico_double/double_aeabi.S.obj
                0x0000000010003670                __wrap___aeabi_dcmplt
 .text.__wrap___aeabi_dcmple
                0x000000001000367c       0x10 CMakeFiles/mcume.dir/afs/inf.ed.ac.uk/user/s19/s1970742/Desktop/hons/MCUME/pico-sdk/src/rp2_common/pico_double/double_aeabi.S.obj
                0x000000001000367c                __wrap___aeabi_dcmple
 .text.__wrap___aeabi_dcmpge
                0x000000001000368c       0x10 CMakeFiles/mcume.dir/afs/inf.ed.ac.uk/user/s19/s1970742/Desktop/hons/MCUME/pico-sdk/src/rp2_common/pico_double/double_aeabi.S.obj
                0x000000001000368c                __wrap___aeabi_dcmpge
 .text.__wrap___aeabi_dcmpgt
                0x000000001000369c        0xa CMakeFiles/mcume.dir/afs/inf.ed.ac.uk/user/s19/s1970742/Desktop/hons/MCUME/pico-sdk/src/rp2_common/pico_double/double_aeabi.S.obj
                0x000000001000369c                __wrap___aeabi_dcmpgt
 .text.__wrap___aeabi_dcmpun
                0x00000000100036a6       0x1c CMakeFiles/mcume.dir/afs/inf.ed.ac.uk/user/s19/s1970742/Desktop/hons/MCUME/pico-sdk/src/rp2_common/pico_double/double_aeabi.S.obj
                0x00000000100036a6                __wrap___aeabi_dcmpun
 *fill*         0x00000000100036c2        0x2 
 .text.__wrap___aeabi_i2d
                0x00000000100036c4       0x38 CMakeFiles/mcume.dir/afs/inf.ed.ac.uk/user/s19/s1970742/Desktop/hons/MCUME/pico-sdk/src/rp2_common/pico_double/double_aeabi.S.obj
                0x00000000100036c4                __wrap___aeabi_ui2d
                0x00000000100036cc                __wrap___aeabi_i2d
 .text.__wrap___aeabi_d2iz
                0x00000000100036fc       0x48 CMakeFiles/mcume.dir/afs/inf.ed.ac.uk/user/s19/s1970742/Desktop/hons/MCUME/pico-sdk/src/rp2_common/pico_double/double_aeabi.S.obj
                0x00000000100036fc                __wrap___aeabi_d2iz
                0x00000000100036fc                double2int_z
 .text.__wrap___aeabi_d2uiz
                0x0000000010003744       0x18 CMakeFiles/mcume.dir/afs/inf.ed.ac.uk/user/s19/s1970742/Desktop/hons/MCUME/pico-sdk/src/rp2_common/pico_double/double_aeabi.S.obj
                0x0000000010003744                double2uint
                0x0000000010003744                __wrap___aeabi_d2uiz
 .text.__aeabi_double_init
                0x000000001000375c       0xc8 CMakeFiles/mcume.dir/afs/inf.ed.ac.uk/user/s19/s1970742/Desktop/hons/MCUME/pico-sdk/src/rp2_common/pico_double/double_init_rom.c.obj
                0x000000001000375c                __aeabi_double_init
 .text.double_table_shim_on_use_helper
                0x0000000010003824       0x34 CMakeFiles/mcume.dir/afs/inf.ed.ac.uk/user/s19/s1970742/Desktop/hons/MCUME/pico-sdk/src/rp2_common/pico_double/double_v1_rom_shim.S.obj
                0x0000000010003824                double_table_shim_on_use_helper
 .text.__wrap___aeabi_dsub
                0x0000000010003858       0x10 CMakeFiles/mcume.dir/afs/inf.ed.ac.uk/user/s19/s1970742/Desktop/hons/MCUME/pico-sdk/src/rp2_common/pico_double/double_v1_rom_shim.S.obj
                0x0000000010003858                drsub_shim
                0x000000001000385e                dsub_shim
 .text.dadd_shim
                0x0000000010003868      0x15c CMakeFiles/mcume.dir/afs/inf.ed.ac.uk/user/s19/s1970742/Desktop/hons/MCUME/pico-sdk/src/rp2_common/pico_double/double_v1_rom_shim.S.obj
                0x0000000010003868                dadd_shim
 .text.dmul_shim
                0x00000000100039c4      0x15c CMakeFiles/mcume.dir/afs/inf.ed.ac.uk/user/s19/s1970742/Desktop/hons/MCUME/pico-sdk/src/rp2_common/pico_double/double_v1_rom_shim.S.obj
                0x00000000100039c4                dmul_shim
 .text.ddiv_shim
                0x0000000010003b20      0x1b0 CMakeFiles/mcume.dir/afs/inf.ed.ac.uk/user/s19/s1970742/Desktop/hons/MCUME/pico-sdk/src/rp2_common/pico_double/double_v1_rom_shim.S.obj
                0x0000000010003b20                ddiv_shim
 .text.double2uint_shim
                0x0000000010003cd0        0xe CMakeFiles/mcume.dir/afs/inf.ed.ac.uk/user/s19/s1970742/Desktop/hons/MCUME/pico-sdk/src/rp2_common/pico_double/double_v1_rom_shim.S.obj
                0x0000000010003cd0                double2uint_shim
                0x0000000010003cd2                double2ufix_shim
 *fill*         0x0000000010003cde        0x2 
 .text.double2uint64_shim
                0x0000000010003ce0       0x70 CMakeFiles/mcume.dir/afs/inf.ed.ac.uk/user/s19/s1970742/Desktop/hons/MCUME/pico-sdk/src/rp2_common/pico_double/double_v1_rom_shim.S.obj
                0x0000000010003ce0                double2uint64_shim
                0x0000000010003ce2                double2ufix64_shim
                0x0000000010003d02                d2fix_a
 .text.dunpacks
                0x0000000010003d50       0x3c CMakeFiles/mcume.dir/afs/inf.ed.ac.uk/user/s19/s1970742/Desktop/hons/MCUME/pico-sdk/src/rp2_common/pico_double/double_v1_rom_shim.S.obj
                0x0000000010003d50                dunpacks
 .text.__aeabi_lmul
                0x0000000010003d8c       0x32 CMakeFiles/mcume.dir/afs/inf.ed.ac.uk/user/s19/s1970742/Desktop/hons/MCUME/pico-sdk/src/rp2_common/pico_int64_ops/pico_int64_ops_aeabi.S.obj
                0x0000000010003d8c                __wrap___aeabi_lmul
 *fill*         0x0000000010003dbe        0x2 
 .text.__aeabi_float_init
                0x0000000010003dc0       0xfc CMakeFiles/mcume.dir/afs/inf.ed.ac.uk/user/s19/s1970742/Desktop/hons/MCUME/pico-sdk/src/rp2_common/pico_float/float_init_rom.c.obj
                0x0000000010003dc0                __aeabi_float_init
 .text.float_table_shim_on_use_helper
                0x0000000010003ebc       0x34 CMakeFiles/mcume.dir/afs/inf.ed.ac.uk/user/s19/s1970742/Desktop/hons/MCUME/pico-sdk/src/rp2_common/pico_float/float_v1_rom_shim.S.obj
                0x0000000010003ebc                float_table_shim_on_use_helper
 .text          0x0000000010003ef0       0x10 CMakeFiles/mcume.dir/afs/inf.ed.ac.uk/user/s19/s1970742/Desktop/hons/MCUME/pico-sdk/src/rp2_common/pico_mem_ops/mem_ops_aeabi.S.obj
                0x0000000010003ef0                __aeabi_mem_init
 .text.memset   0x0000000010003f00        0xc CMakeFiles/mcume.dir/afs/inf.ed.ac.uk/user/s19/s1970742/Desktop/hons/MCUME/pico-sdk/src/rp2_common/pico_mem_ops/mem_ops_aeabi.S.obj
                0x0000000010003f00                __wrap_memset
 .text.memcpy   0x0000000010003f0c        0xc CMakeFiles/mcume.dir/afs/inf.ed.ac.uk/user/s19/s1970742/Desktop/hons/MCUME/pico-sdk/src/rp2_common/pico_mem_ops/mem_ops_aeabi.S.obj
                0x0000000010003f0c                __wrap___aeabi_memcpy
                0x0000000010003f0c                __wrap_memcpy
 .text.stdio_out_chars_no_crlf
                0x0000000010003f18        0xe CMakeFiles/mcume.dir/afs/inf.ed.ac.uk/user/s19/s1970742/Desktop/hons/MCUME/pico-sdk/src/rp2_common/pico_stdio/stdio.c.obj
 *fill*         0x0000000010003f26        0x2 
 .text.stdio_out_chars_crlf
                0x0000000010003f28       0x80 CMakeFiles/mcume.dir/afs/inf.ed.ac.uk/user/s19/s1970742/Desktop/hons/MCUME/pico-sdk/src/rp2_common/pico_stdio/stdio.c.obj
 .text.stdio_stack_buffer_flush
                0x0000000010003fa8       0x44 CMakeFiles/mcume.dir/afs/inf.ed.ac.uk/user/s19/s1970742/Desktop/hons/MCUME/pico-sdk/src/rp2_common/pico_stdio/stdio.c.obj
 .text.stdio_buffered_printer
                0x0000000010003fec       0x20 CMakeFiles/mcume.dir/afs/inf.ed.ac.uk/user/s19/s1970742/Desktop/hons/MCUME/pico-sdk/src/rp2_common/pico_stdio/stdio.c.obj
 .text.stdout_serialize_begin
                0x000000001000400c       0x30 CMakeFiles/mcume.dir/afs/inf.ed.ac.uk/user/s19/s1970742/Desktop/hons/MCUME/pico-sdk/src/rp2_common/pico_stdio/stdio.c.obj
                0x000000001000400c                stdout_serialize_begin
 .text.stdout_serialize_end
                0x000000001000403c       0x10 CMakeFiles/mcume.dir/afs/inf.ed.ac.uk/user/s19/s1970742/Desktop/hons/MCUME/pico-sdk/src/rp2_common/pico_stdio/stdio.c.obj
                0x000000001000403c                stdout_serialize_end
 .text.stdio_put_string
                0x000000001000404c       0x98 CMakeFiles/mcume.dir/afs/inf.ed.ac.uk/user/s19/s1970742/Desktop/hons/MCUME/pico-sdk/src/rp2_common/pico_stdio/stdio.c.obj
 .text.stdio_flush
                0x00000000100040e4       0x20 CMakeFiles/mcume.dir/afs/inf.ed.ac.uk/user/s19/s1970742/Desktop/hons/MCUME/pico-sdk/src/rp2_common/pico_stdio/stdio.c.obj
                0x00000000100040e4                stdio_flush
 .text.__wrap_puts
                0x0000000010004104       0x1e CMakeFiles/mcume.dir/afs/inf.ed.ac.uk/user/s19/s1970742/Desktop/hons/MCUME/pico-sdk/src/rp2_common/pico_stdio/stdio.c.obj
                0x0000000010004104                __wrap_puts
 *fill*         0x0000000010004122        0x2 
 .text.__wrap_vprintf
                0x0000000010004124       0x44 CMakeFiles/mcume.dir/afs/inf.ed.ac.uk/user/s19/s1970742/Desktop/hons/MCUME/pico-sdk/src/rp2_common/pico_stdio/stdio.c.obj
                0x0000000010004124                __wrap_vprintf
 .text.__wrap_printf
                0x0000000010004168       0x18 CMakeFiles/mcume.dir/afs/inf.ed.ac.uk/user/s19/s1970742/Desktop/hons/MCUME/pico-sdk/src/rp2_common/pico_stdio/stdio.c.obj
                0x0000000010004168                __wrap_printf
 .text._pio_can_add_program_at_offset
                0x0000000010004180       0x3c CMakeFiles/mcume.dir/afs/inf.ed.ac.uk/user/s19/s1970742/Desktop/hons/MCUME/pico-sdk/src/rp2_common/hardware_pio/pio.c.obj
 .text._pio_find_offset_for_program
                0x00000000100041bc       0x7c CMakeFiles/mcume.dir/afs/inf.ed.ac.uk/user/s19/s1970742/Desktop/hons/MCUME/pico-sdk/src/rp2_common/hardware_pio/pio.c.obj
 .text._pio_add_program_at_offset
                0x0000000010004238       0x78 CMakeFiles/mcume.dir/afs/inf.ed.ac.uk/user/s19/s1970742/Desktop/hons/MCUME/pico-sdk/src/rp2_common/hardware_pio/pio.c.obj
 .text.pio_claim_unused_sm
                0x00000000100042b0       0x3c CMakeFiles/mcume.dir/afs/inf.ed.ac.uk/user/s19/s1970742/Desktop/hons/MCUME/pico-sdk/src/rp2_common/hardware_pio/pio.c.obj
                0x00000000100042b0                pio_claim_unused_sm
 .text.pio_add_program
                0x00000000100042ec       0x38 CMakeFiles/mcume.dir/afs/inf.ed.ac.uk/user/s19/s1970742/Desktop/hons/MCUME/pico-sdk/src/rp2_common/hardware_pio/pio.c.obj
                0x00000000100042ec                pio_add_program
 .text.pio_sm_set_consecutive_pindirs
                0x0000000010004324       0x70 CMakeFiles/mcume.dir/afs/inf.ed.ac.uk/user/s19/s1970742/Desktop/hons/MCUME/pico-sdk/src/rp2_common/hardware_pio/pio.c.obj
                0x0000000010004324                pio_sm_set_consecutive_pindirs
 .text.pio_sm_init
                0x0000000010004394       0xa8 CMakeFiles/mcume.dir/afs/inf.ed.ac.uk/user/s19/s1970742/Desktop/hons/MCUME/pico-sdk/src/rp2_common/hardware_pio/pio.c.obj
                0x0000000010004394                pio_sm_init
 .text          0x000000001000443c       0x68 /usr/lib/gcc/arm-none-eabi/9.2.1/../../../arm-none-eabi/lib/thumb/v6-m/nofp/libg.a(lib_a-strlen-stub.o)
                0x000000001000443c                strlen
 *(.fini)
 .fini          0x00000000100044a4        0x4 /usr/lib/gcc/arm-none-eabi/9.2.1/thumb/v6-m/nofp/crti.o
                0x00000000100044a4                _fini
 .fini.__stub   0x00000000100044a8       0x50 linker stubs
 *crtbegin.o(.ctors)
 *crtbegin?.o(.ctors)
 *(EXCLUDE_FILE(*crtend.o *crtend?.o) .ctors)
 *(SORT_BY_NAME(.ctors.*))
 *(.ctors)
 *crtbegin.o(.dtors)
 *crtbegin?.o(.dtors)
 *(EXCLUDE_FILE(*crtend.o *crtend?.o) .dtors)
 *(SORT_BY_NAME(.dtors.*))
 *(.dtors)
 *(.eh_frame*)
 .eh_frame      0x00000000100044f8        0x0 /usr/lib/gcc/arm-none-eabi/9.2.1/thumb/v6-m/nofp/crtbegin.o
                0x00000000100044f8                . = ALIGN (0x4)

.glue_7         0x00000000100044f8        0x0
 .glue_7        0x00000000100044f8        0x0 linker stubs

.glue_7t        0x00000000100044f8        0x0
 .glue_7t       0x00000000100044f8        0x0 linker stubs

.vfp11_veneer   0x00000000100044f8        0x0
 .vfp11_veneer  0x00000000100044f8        0x0 linker stubs

.v4_bx          0x00000000100044f8        0x0
 .v4_bx         0x00000000100044f8        0x0 linker stubs

.iplt           0x00000000100044f8        0x0
 .iplt          0x00000000100044f8        0x0 /usr/lib/gcc/arm-none-eabi/9.2.1/thumb/v6-m/nofp/crtbegin.o

.rodata         0x00000000100044f8     0x113c
 *(EXCLUDE_FILE(*libm.a: *libc.a:*lib_a-mem*.o *libgcc.a:) .rodata*)
 .rodata.hello_program
                0x00000000100044f8        0x6 CMakeFiles/mcume.dir/picocpc/hello.c.obj
 *fill*         0x00000000100044fe        0x2 
 .rodata.hello_program_instructions
                0x0000000010004500        0x6 CMakeFiles/mcume.dir/picocpc/hello.c.obj
 *fill*         0x0000000010004506        0x2 
 .rodata.repeating_timer_callback.str1.4
                0x0000000010004508       0x70 CMakeFiles/mcume.dir/afs/inf.ed.ac.uk/user/s19/s1970742/Desktop/hons/MCUME/pico-sdk/src/common/pico_time/time.c.obj
 .rodata.alarm_pool_dump_key.str1.4
                0x0000000010004578       0x33 CMakeFiles/mcume.dir/afs/inf.ed.ac.uk/user/s19/s1970742/Desktop/hons/MCUME/pico-sdk/src/common/pico_time/time.c.obj
 *fill*         0x00000000100045ab        0x1 
 .rodata.ph_add_child_node.str1.4
                0x00000000100045ac       0xba CMakeFiles/mcume.dir/afs/inf.ed.ac.uk/user/s19/s1970742/Desktop/hons/MCUME/pico-sdk/src/common/pico_time/time.c.obj
 *fill*         0x0000000010004666        0x2 
 .rodata.add_alarm_under_lock.str1.4
                0x0000000010004668       0x28 CMakeFiles/mcume.dir/afs/inf.ed.ac.uk/user/s19/s1970742/Desktop/hons/MCUME/pico-sdk/src/common/pico_time/time.c.obj
                                         0x2b (size before relaxing)
 .rodata.alarm_pool_alarm_callback.str1.4
                0x0000000010004690      0x10a CMakeFiles/mcume.dir/afs/inf.ed.ac.uk/user/s19/s1970742/Desktop/hons/MCUME/pico-sdk/src/common/pico_time/time.c.obj
 *fill*         0x000000001000479a        0x2 
 .rodata.alarm_pool_get_default.str1.4
                0x000000001000479c       0x21 CMakeFiles/mcume.dir/afs/inf.ed.ac.uk/user/s19/s1970742/Desktop/hons/MCUME/pico-sdk/src/common/pico_time/time.c.obj
 *fill*         0x00000000100047bd        0x3 
 .rodata.sleep_until.str1.4
                0x00000000100047c0       0x4d CMakeFiles/mcume.dir/afs/inf.ed.ac.uk/user/s19/s1970742/Desktop/hons/MCUME/pico-sdk/src/common/pico_time/time.c.obj
 *fill*         0x000000001000480d        0x3 
 .rodata.__func__.5701
                0x0000000010004810       0x15 CMakeFiles/mcume.dir/afs/inf.ed.ac.uk/user/s19/s1970742/Desktop/hons/MCUME/pico-sdk/src/common/pico_time/time.c.obj
 *fill*         0x0000000010004825        0x3 
 .rodata.__func__.6019
                0x0000000010004828        0xc CMakeFiles/mcume.dir/afs/inf.ed.ac.uk/user/s19/s1970742/Desktop/hons/MCUME/pico-sdk/src/common/pico_time/time.c.obj
 .rodata.__func__.6026
                0x0000000010004834       0x12 CMakeFiles/mcume.dir/afs/inf.ed.ac.uk/user/s19/s1970742/Desktop/hons/MCUME/pico-sdk/src/common/pico_time/time.c.obj
 *fill*         0x0000000010004846        0x2 
 .rodata.__func__.6042
                0x0000000010004848        0xf CMakeFiles/mcume.dir/afs/inf.ed.ac.uk/user/s19/s1970742/Desktop/hons/MCUME/pico-sdk/src/common/pico_time/time.c.obj
 *fill*         0x0000000010004857        0x1 
 .rodata.__func__.6064
                0x0000000010004858        0xd CMakeFiles/mcume.dir/afs/inf.ed.ac.uk/user/s19/s1970742/Desktop/hons/MCUME/pico-sdk/src/common/pico_time/time.c.obj
 *fill*         0x0000000010004865        0x3 
 .rodata.__func__.6287
                0x0000000010004868        0xa CMakeFiles/mcume.dir/afs/inf.ed.ac.uk/user/s19/s1970742/Desktop/hons/MCUME/pico-sdk/src/common/pico_time/time.c.obj
 *fill*         0x0000000010004872        0x2 
 .rodata.__func__.6292
                0x0000000010004874       0x12 CMakeFiles/mcume.dir/afs/inf.ed.ac.uk/user/s19/s1970742/Desktop/hons/MCUME/pico-sdk/src/common/pico_time/time.c.obj
 *fill*         0x0000000010004886        0x2 
 .rodata.__func__.6307
                0x0000000010004888       0x17 CMakeFiles/mcume.dir/afs/inf.ed.ac.uk/user/s19/s1970742/Desktop/hons/MCUME/pico-sdk/src/common/pico_time/time.c.obj
 *fill*         0x000000001000489f        0x1 
 .rodata.__func__.6318
                0x00000000100048a0       0x15 CMakeFiles/mcume.dir/afs/inf.ed.ac.uk/user/s19/s1970742/Desktop/hons/MCUME/pico-sdk/src/common/pico_time/time.c.obj
 *fill*         0x00000000100048b5        0x3 
 .rodata.__func__.6335
                0x00000000100048b8       0x1a CMakeFiles/mcume.dir/afs/inf.ed.ac.uk/user/s19/s1970742/Desktop/hons/MCUME/pico-sdk/src/common/pico_time/time.c.obj
 *fill*         0x00000000100048d2        0x2 
 .rodata.hardware_alarm_claim.str1.4
                0x00000000100048d4       0x22 CMakeFiles/mcume.dir/afs/inf.ed.ac.uk/user/s19/s1970742/Desktop/hons/MCUME/pico-sdk/src/rp2_common/hardware_timer/timer.c.obj
 *fill*         0x00000000100048f6        0x2 
 .rodata.hardware_alarm_set_target.str1.4
                0x00000000100048f8       0x8a CMakeFiles/mcume.dir/afs/inf.ed.ac.uk/user/s19/s1970742/Desktop/hons/MCUME/pico-sdk/src/rp2_common/hardware_timer/timer.c.obj
 *fill*         0x0000000010004982        0x2 
 .rodata.__func__.4575
                0x0000000010004984       0x1a CMakeFiles/mcume.dir/afs/inf.ed.ac.uk/user/s19/s1970742/Desktop/hons/MCUME/pico-sdk/src/rp2_common/hardware_timer/timer.c.obj
 .rodata.ph_add_child_node.str1.4
                0x000000001000499e       0xba CMakeFiles/mcume.dir/afs/inf.ed.ac.uk/user/s19/s1970742/Desktop/hons/MCUME/pico-sdk/src/common/pico_util/pheap.c.obj
 *fill*         0x000000001000499e        0x2 
 .rodata.ph_remove_any_head.str1.4
                0x00000000100049a0       0xb4 CMakeFiles/mcume.dir/afs/inf.ed.ac.uk/user/s19/s1970742/Desktop/hons/MCUME/pico-sdk/src/common/pico_util/pheap.c.obj
 .rodata.ph_remove_and_free_node.str1.4
                0x0000000010004a54       0x26 CMakeFiles/mcume.dir/afs/inf.ed.ac.uk/user/s19/s1970742/Desktop/hons/MCUME/pico-sdk/src/common/pico_util/pheap.c.obj
 *fill*         0x0000000010004a7a        0x2 
 .rodata.__func__.5717
                0x0000000010004a7c        0xc CMakeFiles/mcume.dir/afs/inf.ed.ac.uk/user/s19/s1970742/Desktop/hons/MCUME/pico-sdk/src/common/pico_util/pheap.c.obj
 .rodata.__func__.5724
                0x0000000010004a88       0x12 CMakeFiles/mcume.dir/afs/inf.ed.ac.uk/user/s19/s1970742/Desktop/hons/MCUME/pico-sdk/src/common/pico_util/pheap.c.obj
 *fill*         0x0000000010004a9a        0x2 
 .rodata.__func__.5810
                0x0000000010004a9c       0x13 CMakeFiles/mcume.dir/afs/inf.ed.ac.uk/user/s19/s1970742/Desktop/hons/MCUME/pico-sdk/src/common/pico_util/pheap.c.obj
 *fill*         0x0000000010004aaf        0x1 
 .rodata.__func__.5828
                0x0000000010004ab0       0x18 CMakeFiles/mcume.dir/afs/inf.ed.ac.uk/user/s19/s1970742/Desktop/hons/MCUME/pico-sdk/src/common/pico_util/pheap.c.obj
 .rodata.str1.4
                0x0000000010004ac8       0xb1 CMakeFiles/mcume.dir/afs/inf.ed.ac.uk/user/s19/s1970742/Desktop/hons/MCUME/pico-sdk/src/common/pico_sync/mutex.c.obj
                                        0x139 (size before relaxing)
 *fill*         0x0000000010004b79        0x3 
 .rodata.__func__.4709
                0x0000000010004b7c        0xb CMakeFiles/mcume.dir/afs/inf.ed.ac.uk/user/s19/s1970742/Desktop/hons/MCUME/pico-sdk/src/common/pico_sync/mutex.c.obj
 *fill*         0x0000000010004b87        0x1 
 .rodata.make_branch.str1.4
                0x0000000010004b88       0x92 CMakeFiles/mcume.dir/afs/inf.ed.ac.uk/user/s19/s1970742/Desktop/hons/MCUME/pico-sdk/src/rp2_common/hardware_irq/irq.c.obj
 *fill*         0x0000000010004c1a        0x2 
 .rodata.insert_branch_and_link.str1.4
                0x0000000010004c1c       0x10 CMakeFiles/mcume.dir/afs/inf.ed.ac.uk/user/s19/s1970742/Desktop/hons/MCUME/pico-sdk/src/rp2_common/hardware_irq/irq.c.obj
 .rodata.irq_set_exclusive_handler.str1.4
                0x0000000010004c2c       0x36 CMakeFiles/mcume.dir/afs/inf.ed.ac.uk/user/s19/s1970742/Desktop/hons/MCUME/pico-sdk/src/rp2_common/hardware_irq/irq.c.obj
 *fill*         0x0000000010004c62        0x2 
 .rodata.irq_add_shared_handler.str1.4
                0x0000000010004c64       0xd9 CMakeFiles/mcume.dir/afs/inf.ed.ac.uk/user/s19/s1970742/Desktop/hons/MCUME/pico-sdk/src/rp2_common/hardware_irq/irq.c.obj
 *fill*         0x0000000010004d3d        0x3 
 .rodata.irq_remove_handler.str1.4
                0x0000000010004d40       0x2a CMakeFiles/mcume.dir/afs/inf.ed.ac.uk/user/s19/s1970742/Desktop/hons/MCUME/pico-sdk/src/rp2_common/hardware_irq/irq.c.obj
 *fill*         0x0000000010004d6a        0x2 
 .rodata.irq_add_tail_to_free_list.str1.4
                0x0000000010004d6c       0x32 CMakeFiles/mcume.dir/afs/inf.ed.ac.uk/user/s19/s1970742/Desktop/hons/MCUME/pico-sdk/src/rp2_common/hardware_irq/irq.c.obj
                                         0x3a (size before relaxing)
 *fill*         0x0000000010004d9e        0x2 
 .rodata.__func__.4777
                0x0000000010004da0       0x1a CMakeFiles/mcume.dir/afs/inf.ed.ac.uk/user/s19/s1970742/Desktop/hons/MCUME/pico-sdk/src/rp2_common/hardware_irq/irq.c.obj
 *fill*         0x0000000010004dba        0x2 
 .rodata.__func__.4791
                0x0000000010004dbc        0xc CMakeFiles/mcume.dir/afs/inf.ed.ac.uk/user/s19/s1970742/Desktop/hons/MCUME/pico-sdk/src/rp2_common/hardware_irq/irq.c.obj
 .rodata.__func__.4799
                0x0000000010004dc8       0x17 CMakeFiles/mcume.dir/afs/inf.ed.ac.uk/user/s19/s1970742/Desktop/hons/MCUME/pico-sdk/src/rp2_common/hardware_irq/irq.c.obj
 *fill*         0x0000000010004ddf        0x1 
 .rodata.__func__.4803
                0x0000000010004de0        0xf CMakeFiles/mcume.dir/afs/inf.ed.ac.uk/user/s19/s1970742/Desktop/hons/MCUME/pico-sdk/src/rp2_common/hardware_irq/irq.c.obj
 *fill*         0x0000000010004def        0x1 
 .rodata.__func__.4842
                0x0000000010004df0       0x13 CMakeFiles/mcume.dir/afs/inf.ed.ac.uk/user/s19/s1970742/Desktop/hons/MCUME/pico-sdk/src/rp2_common/hardware_irq/irq.c.obj
 *fill*         0x0000000010004e03        0x1 
 .rodata.__func__.4864
                0x0000000010004e04       0x1a CMakeFiles/mcume.dir/afs/inf.ed.ac.uk/user/s19/s1970742/Desktop/hons/MCUME/pico-sdk/src/rp2_common/hardware_irq/irq.c.obj
 *fill*         0x0000000010004e1e        0x2 
 .rodata.__assert_func.str1.4
                0x0000000010004e20       0x3f CMakeFiles/mcume.dir/afs/inf.ed.ac.uk/user/s19/s1970742/Desktop/hons/MCUME/pico-sdk/src/rp2_common/pico_runtime/runtime.c.obj
                                         0x43 (size before relaxing)
 *fill*         0x0000000010004e5f        0x1 
 .rodata.runtime_init.str1.4
                0x0000000010004e60       0x86 CMakeFiles/mcume.dir/afs/inf.ed.ac.uk/user/s19/s1970742/Desktop/hons/MCUME/pico-sdk/src/rp2_common/pico_runtime/runtime.c.obj
 *fill*         0x0000000010004ee6        0x2 
 .rodata.panic.str1.4
                0x0000000010004ee8       0x12 CMakeFiles/mcume.dir/afs/inf.ed.ac.uk/user/s19/s1970742/Desktop/hons/MCUME/pico-sdk/src/rp2_common/pico_runtime/runtime.c.obj
 *fill*         0x0000000010004efa        0x2 
 .rodata.__func__.5835
                0x0000000010004efc        0xd CMakeFiles/mcume.dir/afs/inf.ed.ac.uk/user/s19/s1970742/Desktop/hons/MCUME/pico-sdk/src/rp2_common/pico_runtime/runtime.c.obj
 *fill*         0x0000000010004f09        0x3 
 .rodata.clock_configure.str1.4
                0x0000000010004f0c       0x7c CMakeFiles/mcume.dir/afs/inf.ed.ac.uk/user/s19/s1970742/Desktop/hons/MCUME/pico-sdk/src/rp2_common/hardware_clocks/clocks.c.obj
 .rodata.__func__.4759
                0x0000000010004f88       0x10 CMakeFiles/mcume.dir/afs/inf.ed.ac.uk/user/s19/s1970742/Desktop/hons/MCUME/pico-sdk/src/rp2_common/hardware_clocks/clocks.c.obj
 .rodata.pll_init.str1.4
                0x0000000010004f98      0x15f CMakeFiles/mcume.dir/afs/inf.ed.ac.uk/user/s19/s1970742/Desktop/hons/MCUME/pico-sdk/src/rp2_common/hardware_pll/pll.c.obj
 *fill*         0x00000000100050f7        0x1 
 .rodata.__func__.4416
                0x00000000100050f8        0x9 CMakeFiles/mcume.dir/afs/inf.ed.ac.uk/user/s19/s1970742/Desktop/hons/MCUME/pico-sdk/src/rp2_common/hardware_pll/pll.c.obj
 *fill*         0x0000000010005101        0x3 
 .rodata._ftoa.str1.4
                0x0000000010005104       0x15 CMakeFiles/mcume.dir/afs/inf.ed.ac.uk/user/s19/s1970742/Desktop/hons/MCUME/pico-sdk/src/rp2_common/pico_printf/printf.c.obj
 *fill*         0x0000000010005119        0x3 
 .rodata._vsnprintf
                0x000000001000511c      0x1e0 CMakeFiles/mcume.dir/afs/inf.ed.ac.uk/user/s19/s1970742/Desktop/hons/MCUME/pico-sdk/src/rp2_common/pico_printf/printf.c.obj
 *fill*         0x00000000100052fc        0x4 
 .rodata.pow10.5431
                0x0000000010005300       0x50 CMakeFiles/mcume.dir/afs/inf.ed.ac.uk/user/s19/s1970742/Desktop/hons/MCUME/pico-sdk/src/rp2_common/pico_printf/printf.c.obj
 .rodata.__aeabi_double_init.str1.4
                0x0000000010005350       0xcd CMakeFiles/mcume.dir/afs/inf.ed.ac.uk/user/s19/s1970742/Desktop/hons/MCUME/pico-sdk/src/rp2_common/pico_double/double_init_rom.c.obj
 *fill*         0x000000001000541d        0x3 
 .rodata.__func__.4728
                0x0000000010005420       0x14 CMakeFiles/mcume.dir/afs/inf.ed.ac.uk/user/s19/s1970742/Desktop/hons/MCUME/pico-sdk/src/rp2_common/pico_double/double_init_rom.c.obj
 .rodata.__aeabi_float_init.str1.4
                0x0000000010005434       0x9f CMakeFiles/mcume.dir/afs/inf.ed.ac.uk/user/s19/s1970742/Desktop/hons/MCUME/pico-sdk/src/rp2_common/pico_float/float_init_rom.c.obj
                                         0xa3 (size before relaxing)
 *fill*         0x00000000100054d3        0x1 
 .rodata.__func__.4729
                0x00000000100054d4       0x13 CMakeFiles/mcume.dir/afs/inf.ed.ac.uk/user/s19/s1970742/Desktop/hons/MCUME/pico-sdk/src/rp2_common/pico_float/float_init_rom.c.obj
 *fill*         0x00000000100054e7        0x1 
 .rodata.str1.4
                0x00000000100054e8       0x3c CMakeFiles/mcume.dir/afs/inf.ed.ac.uk/user/s19/s1970742/Desktop/hons/MCUME/pico-sdk/src/rp2_common/pico_standard_link/binary_info.c.obj
 .rodata.__bi_44
                0x0000000010005524        0xc CMakeFiles/mcume.dir/afs/inf.ed.ac.uk/user/s19/s1970742/Desktop/hons/MCUME/pico-sdk/src/rp2_common/pico_standard_link/binary_info.c.obj
 .rodata.__bi_75
                0x0000000010005530        0xc CMakeFiles/mcume.dir/afs/inf.ed.ac.uk/user/s19/s1970742/Desktop/hons/MCUME/pico-sdk/src/rp2_common/pico_standard_link/binary_info.c.obj
 .rodata.__bi_81
                0x000000001000553c        0xc CMakeFiles/mcume.dir/afs/inf.ed.ac.uk/user/s19/s1970742/Desktop/hons/MCUME/pico-sdk/src/rp2_common/pico_standard_link/binary_info.c.obj
 .rodata.crlf_str.6060
                0x0000000010005548        0x2 CMakeFiles/mcume.dir/afs/inf.ed.ac.uk/user/s19/s1970742/Desktop/hons/MCUME/pico-sdk/src/rp2_common/pico_stdio/stdio.c.obj
 *fill*         0x000000001000554a        0x2 
 .rodata._pio_find_offset_for_program.str1.4
                0x000000001000554c       0x8e CMakeFiles/mcume.dir/afs/inf.ed.ac.uk/user/s19/s1970742/Desktop/hons/MCUME/pico-sdk/src/rp2_common/hardware_pio/pio.c.obj
 *fill*         0x00000000100055da        0x2 
 .rodata._pio_add_program_at_offset.str1.4
                0x00000000100055dc       0x11 CMakeFiles/mcume.dir/afs/inf.ed.ac.uk/user/s19/s1970742/Desktop/hons/MCUME/pico-sdk/src/rp2_common/hardware_pio/pio.c.obj
 *fill*         0x00000000100055ed        0x3 
 .rodata.pio_claim_unused_sm.str1.4
                0x00000000100055f0       0x24 CMakeFiles/mcume.dir/afs/inf.ed.ac.uk/user/s19/s1970742/Desktop/hons/MCUME/pico-sdk/src/rp2_common/hardware_pio/pio.c.obj
 .rodata.__func__.5340
                0x0000000010005614       0x1d CMakeFiles/mcume.dir/afs/inf.ed.ac.uk/user/s19/s1970742/Desktop/hons/MCUME/pico-sdk/src/rp2_common/hardware_pio/pio.c.obj
                0x0000000010005634                . = ALIGN (0x4)
 *fill*         0x0000000010005631        0x3 
 *(SORT_BY_ALIGNMENT(SORT_BY_NAME(.flashdata*)))
                0x0000000010005634                . = ALIGN (0x4)

.rel.dyn        0x0000000010005634        0x0
 .rel.iplt      0x0000000010005634        0x0 /usr/lib/gcc/arm-none-eabi/9.2.1/thumb/v6-m/nofp/crtbegin.o

.ARM.extab
 *(.ARM.extab* .gnu.linkonce.armextab.*)
                0x0000000010005634                __exidx_start = .

.ARM.exidx
 *(.ARM.exidx* .gnu.linkonce.armexidx.*)
                0x0000000010005634                __exidx_end = .
                0x0000000010005634                . = ALIGN (0x4)
                0x0000000010005634                __binary_info_start = .

.binary_info    0x0000000010005634       0x1c
 *(.binary_info.keep.*)
 .binary_info.keep.__bi_ptr22
                0x0000000010005634        0x4 CMakeFiles/mcume.dir/afs/inf.ed.ac.uk/user/s19/s1970742/Desktop/hons/MCUME/pico-sdk/src/rp2_common/pico_standard_link/binary_info.c.obj
 .binary_info.keep.__bi_ptr30
                0x0000000010005638        0x4 CMakeFiles/mcume.dir/afs/inf.ed.ac.uk/user/s19/s1970742/Desktop/hons/MCUME/pico-sdk/src/rp2_common/pico_standard_link/binary_info.c.obj
 .binary_info.keep.__bi_ptr38
                0x000000001000563c        0x4 CMakeFiles/mcume.dir/afs/inf.ed.ac.uk/user/s19/s1970742/Desktop/hons/MCUME/pico-sdk/src/rp2_common/pico_standard_link/binary_info.c.obj
 .binary_info.keep.__bi_ptr44
                0x0000000010005640        0x4 CMakeFiles/mcume.dir/afs/inf.ed.ac.uk/user/s19/s1970742/Desktop/hons/MCUME/pico-sdk/src/rp2_common/pico_standard_link/binary_info.c.obj
 .binary_info.keep.__bi_ptr50
                0x0000000010005644        0x4 CMakeFiles/mcume.dir/afs/inf.ed.ac.uk/user/s19/s1970742/Desktop/hons/MCUME/pico-sdk/src/rp2_common/pico_standard_link/binary_info.c.obj
 .binary_info.keep.__bi_ptr75
                0x0000000010005648        0x4 CMakeFiles/mcume.dir/afs/inf.ed.ac.uk/user/s19/s1970742/Desktop/hons/MCUME/pico-sdk/src/rp2_common/pico_standard_link/binary_info.c.obj
 .binary_info.keep.__bi_ptr81
                0x000000001000564c        0x4 CMakeFiles/mcume.dir/afs/inf.ed.ac.uk/user/s19/s1970742/Desktop/hons/MCUME/pico-sdk/src/rp2_common/pico_standard_link/binary_info.c.obj
 *(.binary_info.*)
                0x0000000010005650                __binary_info_end = .
                0x0000000010005650                . = ALIGN (0x4)
                0x0000000010005650                __etext = .

.ram_vector_table
                0x0000000020000000       0xc0
 *(.ram_vector_table)
 .ram_vector_table
                0x0000000020000000       0xc0 CMakeFiles/mcume.dir/afs/inf.ed.ac.uk/user/s19/s1970742/Desktop/hons/MCUME/pico-sdk/src/rp2_common/pico_runtime/runtime.c.obj
                0x0000000020000000                ram_vector_table

.data           0x00000000200000c0      0x444 load address 0x0000000010005650
                0x00000000200000c0                __data_start__ = .
 *(vtable)
 *(.time_critical*)
 .time_critical.isr_irq7
                0x00000000200000c0       0xf4 CMakeFiles/mcume.dir/vga_t4/scanvideo.c.obj
                0x00000000200000c0                isr_irq7
 .time_critical.isr_irq8
                0x00000000200001b4      0x158 CMakeFiles/mcume.dir/vga_t4/scanvideo.c.obj
                0x00000000200001b4                isr_irq8
 .time_critical.sem_release
                0x000000002000030c       0x4a CMakeFiles/mcume.dir/afs/inf.ed.ac.uk/user/s19/s1970742/Desktop/hons/MCUME/pico-sdk/src/common/pico_sync/sem.c.obj
                0x000000002000030c                sem_release
 .time_critical.mutex_enter_blocking
                0x0000000020000356       0x48 CMakeFiles/mcume.dir/afs/inf.ed.ac.uk/user/s19/s1970742/Desktop/hons/MCUME/pico-sdk/src/common/pico_sync/mutex.c.obj
                0x0000000020000356                mutex_enter_blocking
 .time_critical.mutex_try_enter
                0x000000002000039e       0x48 CMakeFiles/mcume.dir/afs/inf.ed.ac.uk/user/s19/s1970742/Desktop/hons/MCUME/pico-sdk/src/common/pico_sync/mutex.c.obj
                0x000000002000039e                mutex_try_enter
 *fill*         0x00000000200003e6        0x2 
 .time_critical.mutex_exit
                0x00000000200003e8       0x4c CMakeFiles/mcume.dir/afs/inf.ed.ac.uk/user/s19/s1970742/Desktop/hons/MCUME/pico-sdk/src/common/pico_sync/mutex.c.obj
                0x00000000200003e8                mutex_exit
 *(.text*)
 .text          0x0000000020000434        0x4 /usr/lib/gcc/arm-none-eabi/9.2.1/thumb/v6-m/nofp/libgcc.a(_dvmd_tls.o)
                0x0000000020000434                __aeabi_ldiv0
                0x0000000020000434                __aeabi_idiv0
 .text.__stub   0x0000000020000438       0x10 linker stubs
                0x0000000020000448                . = ALIGN (0x4)
 *(.rodata*)
                0x0000000020000448                . = ALIGN (0x4)
 *(.data*)
 .data.striped_spin_lock_num
                0x0000000020000448        0x1 CMakeFiles/mcume.dir/afs/inf.ed.ac.uk/user/s19/s1970742/Desktop/hons/MCUME/pico-sdk/src/rp2_common/hardware_sync/sync.c.obj
 *fill*         0x0000000020000449        0x3 
 .data.default_alarm_pool
                0x000000002000044c       0x18 CMakeFiles/mcume.dir/afs/inf.ed.ac.uk/user/s19/s1970742/Desktop/hons/MCUME/pico-sdk/src/common/pico_time/time.c.obj
 .data.default_alarm_pool_heap
                0x0000000020000464       0x10 CMakeFiles/mcume.dir/afs/inf.ed.ac.uk/user/s19/s1970742/Desktop/hons/MCUME/pico-sdk/src/common/pico_time/time.c.obj
 .data          0x0000000020000474       0x48 CMakeFiles/mcume.dir/afs/inf.ed.ac.uk/user/s19/s1970742/Desktop/hons/MCUME/pico-sdk/src/rp2_common/hardware_irq/irq_handler_chain.S.obj
                0x0000000020000474                irq_handler_chain_slots
                0x00000000200004a4                irq_handler_chain_first_slot
                0x00000000200004ae                irq_handler_chain_remove_tail
 *fill*         0x00000000200004bc        0x4 
 .data.aeabi_bits_funcs
                0x00000000200004c0       0x10 CMakeFiles/mcume.dir/afs/inf.ed.ac.uk/user/s19/s1970742/Desktop/hons/MCUME/pico-sdk/src/rp2_common/pico_bit_ops/bit_ops_aeabi.S.obj
                0x00000000200004c0                aeabi_bits_funcs
                0x00000000200004d0                aeabi_bits_funcs_end
 .data.aeabi_mem_funcs
                0x00000000200004d0       0x10 CMakeFiles/mcume.dir/afs/inf.ed.ac.uk/user/s19/s1970742/Desktop/hons/MCUME/pico-sdk/src/rp2_common/pico_mem_ops/mem_ops_aeabi.S.obj
                0x00000000200004d0                aeabi_mem_funcs
                0x00000000200004e0                aeabi_mem_funcs_end
                0x00000000200004e0                . = ALIGN (0x4)
 *(.after_data.*)
                0x00000000200004e0                . = ALIGN (0x4)
                0x00000000200004e0                PROVIDE (__mutex_array_start = .)
 *(SORT_BY_NAME(.mutex_array.*))
 *(.mutex_array)
 .mutex_array   0x00000000200004e0        0x8 CMakeFiles/mcume.dir/afs/inf.ed.ac.uk/user/s19/s1970742/Desktop/hons/MCUME/pico-sdk/src/rp2_common/pico_malloc/pico_malloc.c.obj
 .mutex_array   0x00000000200004e8        0x8 CMakeFiles/mcume.dir/afs/inf.ed.ac.uk/user/s19/s1970742/Desktop/hons/MCUME/pico-sdk/src/rp2_common/pico_stdio/stdio.c.obj
                0x00000000200004f0                PROVIDE (__mutex_array_end = .)
                0x00000000200004f0                . = ALIGN (0x4)
                0x00000000200004f0                PROVIDE (__preinit_array_start = .)
 *(SORT_BY_NAME(.preinit_array.*))
 .preinit_array.00001
                0x00000000200004f0        0x4 CMakeFiles/mcume.dir/afs/inf.ed.ac.uk/user/s19/s1970742/Desktop/hons/MCUME/pico-sdk/src/rp2_common/pico_mem_ops/mem_ops_aeabi.S.obj
 .preinit_array.00010
                0x00000000200004f4        0x4 CMakeFiles/mcume.dir/afs/inf.ed.ac.uk/user/s19/s1970742/Desktop/hons/MCUME/pico-sdk/src/rp2_common/pico_bit_ops/bit_ops_aeabi.S.obj
 .preinit_array.00020
                0x00000000200004f8        0x4 CMakeFiles/mcume.dir/afs/inf.ed.ac.uk/user/s19/s1970742/Desktop/hons/MCUME/pico-sdk/src/rp2_common/pico_double/double_aeabi.S.obj
 .preinit_array.00020
                0x00000000200004fc        0x4 CMakeFiles/mcume.dir/afs/inf.ed.ac.uk/user/s19/s1970742/Desktop/hons/MCUME/pico-sdk/src/rp2_common/pico_float/float_aeabi.S.obj
 *(.preinit_array)
                0x0000000020000500                PROVIDE (__preinit_array_end = .)
                0x0000000020000500                . = ALIGN (0x4)
                0x0000000020000500                PROVIDE (__init_array_start = .)
 *(SORT_BY_NAME(.init_array.*))
 *(.init_array)
 .init_array    0x0000000020000500        0x4 /usr/lib/gcc/arm-none-eabi/9.2.1/thumb/v6-m/nofp/crtbegin.o
                0x0000000020000504                PROVIDE (__init_array_end = .)
                0x0000000020000504                . = ALIGN (0x4)
                0x0000000020000504                PROVIDE (__fini_array_start = .)
 *(SORT_BY_NAME(.fini_array.*))
 *(.fini_array)
                0x0000000020000504                PROVIDE (__fini_array_end = .)
 *(.jcr)
                0x0000000020000504                . = ALIGN (0x4)
                0x0000000020000504                __data_end__ = .

.tm_clone_table
                0x0000000020000504        0x0 load address 0x0000000010005a94
 .tm_clone_table
                0x0000000020000504        0x0 /usr/lib/gcc/arm-none-eabi/9.2.1/thumb/v6-m/nofp/crtbegin.o
 .tm_clone_table
                0x0000000020000504        0x0 /usr/lib/gcc/arm-none-eabi/9.2.1/thumb/v6-m/nofp/crtend.o

.igot.plt       0x0000000020000504        0x0 load address 0x0000000010005a94
 .igot.plt      0x0000000020000504        0x0 /usr/lib/gcc/arm-none-eabi/9.2.1/thumb/v6-m/nofp/crtbegin.o

.uninitialized_data
                0x0000000020000504        0x0 load address 0x0000000010005a94
                0x0000000020000504                . = ALIGN (0x4)
 *(.uninitialized_data*)

.scratch_x      0x0000000020040000        0x0 load address 0x0000000010005a94
                0x0000000020040000                __scratch_x_start__ = .
 *(.scratch_x.*)
                0x0000000020040000                . = ALIGN (0x4)
                0x0000000020040000                __scratch_x_end__ = .
                0x0000000010005a94                __scratch_x_source__ = LOADADDR (.scratch_x)

.scratch_y      0x0000000020041000        0x0 load address 0x0000000010005a94
                0x0000000020041000                __scratch_y_start__ = .
 *(.scratch_y.*)
                0x0000000020041000                . = ALIGN (0x4)
                0x0000000020041000                __scratch_y_end__ = .
                0x0000000010005a94                __scratch_y_source__ = LOADADDR (.scratch_y)

.bss            0x0000000020000508      0x470
                0x0000000020000508                . = ALIGN (0x4)
                0x0000000020000508                __bss_start__ = .
 *(SORT_BY_ALIGNMENT(SORT_BY_NAME(.bss*)))
 .bss.default_alarm_pool_entries
                0x0000000020000508      0x100 CMakeFiles/mcume.dir/afs/inf.ed.ac.uk/user/s19/s1970742/Desktop/hons/MCUME/pico-sdk/src/common/pico_time/time.c.obj
 .bss           0x0000000020000608       0x1c /usr/lib/gcc/arm-none-eabi/9.2.1/thumb/v6-m/nofp/crtbegin.o
 .bss._scanline_repeat_count_fn
                0x0000000020000624        0x4 CMakeFiles/mcume.dir/vga_t4/scanvideo.c.obj
 .bss._used_instruction_space
                0x0000000020000628        0x8 CMakeFiles/mcume.dir/afs/inf.ed.ac.uk/user/s19/s1970742/Desktop/hons/MCUME/pico-sdk/src/rp2_common/hardware_pio/pio.c.obj
 .bss.alarm_callbacks
                0x0000000020000630       0x10 CMakeFiles/mcume.dir/afs/inf.ed.ac.uk/user/s19/s1970742/Desktop/hons/MCUME/pico-sdk/src/rp2_common/hardware_timer/timer.c.obj
 .bss.configured_freq
                0x0000000020000640       0x28 CMakeFiles/mcume.dir/afs/inf.ed.ac.uk/user/s19/s1970742/Desktop/hons/MCUME/pico-sdk/src/rp2_common/hardware_clocks/clocks.c.obj
 .bss.default_alarm_pool_entry_ids_high
                0x0000000020000668       0x10 CMakeFiles/mcume.dir/afs/inf.ed.ac.uk/user/s19/s1970742/Desktop/hons/MCUME/pico-sdk/src/common/pico_time/time.c.obj
 .bss.default_alarm_pool_heap_nodes
                0x0000000020000678       0x30 CMakeFiles/mcume.dir/afs/inf.ed.ac.uk/user/s19/s1970742/Desktop/hons/MCUME/pico-sdk/src/common/pico_time/time.c.obj
 .bss.dma_states
                0x00000000200006a8       0x10 CMakeFiles/mcume.dir/vga_t4/scanvideo.c.obj
 .bss.drivers   0x00000000200006b8        0x4 CMakeFiles/mcume.dir/afs/inf.ed.ac.uk/user/s19/s1970742/Desktop/hons/MCUME/pico-sdk/src/rp2_common/pico_stdio/stdio.c.obj
 .bss.filter    0x00000000200006bc        0x4 CMakeFiles/mcume.dir/afs/inf.ed.ac.uk/user/s19/s1970742/Desktop/hons/MCUME/pico-sdk/src/rp2_common/pico_stdio/stdio.c.obj
 .bss.pio_fb    0x00000000200006c0        0x4 CMakeFiles/mcume.dir/vga_t4/VGA_t4.cpp.obj
                0x00000000200006c0                pio_fb
 .bss.pio_fbwidth
                0x00000000200006c4        0x4 CMakeFiles/mcume.dir/vga_t4/VGA_t4.cpp.obj
                0x00000000200006c4                pio_fbwidth
 .bss.pools     0x00000000200006c8       0x10 CMakeFiles/mcume.dir/afs/inf.ed.ac.uk/user/s19/s1970742/Desktop/hons/MCUME/pico-sdk/src/common/pico_time/time.c.obj
 .bss.scanline_buffer
                0x00000000200006d8       0x18 CMakeFiles/mcume.dir/vga_t4/scanvideo.c.obj
 .bss.sf_clz_func
                0x00000000200006f0        0x4 CMakeFiles/mcume.dir/afs/inf.ed.ac.uk/user/s19/s1970742/Desktop/hons/MCUME/pico-sdk/src/rp2_common/pico_double/double_init_rom.c.obj
                0x00000000200006f0                sf_clz_func
 .bss.shared_state
                0x00000000200006f4       0x14 CMakeFiles/mcume.dir/vga_t4/scanvideo.c.obj
 .bss.sleep_notifier
                0x0000000020000708        0x4 CMakeFiles/mcume.dir/afs/inf.ed.ac.uk/user/s19/s1970742/Desktop/hons/MCUME/pico-sdk/src/common/pico_time/time.c.obj
 .bss.target_hi
                0x000000002000070c       0x10 CMakeFiles/mcume.dir/afs/inf.ed.ac.uk/user/s19/s1970742/Desktop/hons/MCUME/pico-sdk/src/rp2_common/hardware_timer/timer.c.obj
 .bss.timing_state
                0x000000002000071c       0x3c CMakeFiles/mcume.dir/vga_t4/scanvideo.c.obj
 .bss.video_mode
                0x0000000020000758       0x14 CMakeFiles/mcume.dir/vga_t4/scanvideo.c.obj
 .bss.claimed   0x000000002000076c        0x1 CMakeFiles/mcume.dir/afs/inf.ed.ac.uk/user/s19/s1970742/Desktop/hons/MCUME/pico-sdk/src/rp2_common/hardware_timer/timer.c.obj
 .bss.claimed   0x000000002000076d        0x1 CMakeFiles/mcume.dir/afs/inf.ed.ac.uk/user/s19/s1970742/Desktop/hons/MCUME/pico-sdk/src/rp2_common/hardware_pio/pio.c.obj
 .bss.irq_hander_chain_free_slot_head
                0x000000002000076e        0x1 CMakeFiles/mcume.dir/afs/inf.ed.ac.uk/user/s19/s1970742/Desktop/hons/MCUME/pico-sdk/src/rp2_common/hardware_irq/irq.c.obj
 .bss.timer_callbacks_pending
                0x000000002000076f        0x1 CMakeFiles/mcume.dir/afs/inf.ed.ac.uk/user/s19/s1970742/Desktop/hons/MCUME/pico-sdk/src/rp2_common/hardware_timer/timer.c.obj
 *(COMMON)
 COMMON         0x0000000020000770        0x8 CMakeFiles/mcume.dir/vga_t4/scanvideo.c.obj
                0x0000000020000770                vblank_begin
 COMMON         0x0000000020000778      0x100 CMakeFiles/mcume.dir/afs/inf.ed.ac.uk/user/s19/s1970742/Desktop/hons/MCUME/pico-sdk/src/rp2_common/pico_double/double_init_rom.c.obj
                0x0000000020000778                sd_table
 COMMON         0x0000000020000878      0x100 CMakeFiles/mcume.dir/afs/inf.ed.ac.uk/user/s19/s1970742/Desktop/hons/MCUME/pico-sdk/src/rp2_common/pico_float/float_init_rom.c.obj
                0x0000000020000878                sf_table
                0x0000000020000978                . = ALIGN (0x4)
                0x0000000020000978                __bss_end__ = .

.heap           0x0000000020000978      0x800
                0x0000000020000978                __end__ = .
                0x0000000020000978                end = __end__
 *(.heap*)
 .heap          0x0000000020000978      0x800 CMakeFiles/mcume.dir/afs/inf.ed.ac.uk/user/s19/s1970742/Desktop/hons/MCUME/pico-sdk/src/rp2_common/pico_standard_link/crt0.S.obj
                0x0000000020001178                __HeapLimit = .

.stack1_dummy   0x0000000020040000        0x0
 *(.stack1*)

.stack_dummy    0x0000000020041000      0x800
 *(.stack*)
 .stack         0x0000000020041000      0x800 CMakeFiles/mcume.dir/afs/inf.ed.ac.uk/user/s19/s1970742/Desktop/hons/MCUME/pico-sdk/src/rp2_common/pico_standard_link/crt0.S.obj

.flash_end      0x0000000010005a94        0x0
                0x0000000010005a94                __flash_binary_end = .
                0x0000000020040000                __StackLimit = (ORIGIN (RAM) + LENGTH (RAM))
                0x0000000020041000                __StackOneTop = (ORIGIN (SCRATCH_X) + LENGTH (SCRATCH_X))
                0x0000000020042000                __StackTop = (ORIGIN (SCRATCH_Y) + LENGTH (SCRATCH_Y))
                0x0000000020041000                __StackOneBottom = (__StackOneTop - SIZEOF (.stack1_dummy))
                0x0000000020041800                __StackBottom = (__StackTop - SIZEOF (.stack_dummy))
                0x0000000020042000                PROVIDE (__stack = __StackTop)
                0x0000000000000001                ASSERT ((__StackLimit >= __HeapLimit), region RAM overflowed)
                0x0000000000000001                ASSERT (((__binary_info_header_end - __logical_binary_start) <= 0x100), Binary info must be in first 256 bytes of the binary)
LOAD CMakeFiles/mcume.dir/picocpc/hello.c.obj
LOAD CMakeFiles/mcume.dir/vga_t4/VGA_t4.cpp.obj
LOAD CMakeFiles/mcume.dir/vga_t4/scanvideo.c.obj
LOAD CMakeFiles/mcume.dir/tft_t/tft_t_dma.cpp.obj
LOAD CMakeFiles/mcume.dir/afs/inf.ed.ac.uk/user/s19/s1970742/Desktop/hons/MCUME/pico-sdk/src/rp2_common/pico_multicore/multicore.c.obj
LOAD CMakeFiles/mcume.dir/afs/inf.ed.ac.uk/user/s19/s1970742/Desktop/hons/MCUME/pico-sdk/src/common/pico_sync/sem.c.obj
LOAD CMakeFiles/mcume.dir/afs/inf.ed.ac.uk/user/s19/s1970742/Desktop/hons/MCUME/pico-sdk/src/common/pico_sync/lock_core.c.obj
LOAD CMakeFiles/mcume.dir/afs/inf.ed.ac.uk/user/s19/s1970742/Desktop/hons/MCUME/pico-sdk/src/rp2_common/hardware_sync/sync.c.obj
LOAD CMakeFiles/mcume.dir/afs/inf.ed.ac.uk/user/s19/s1970742/Desktop/hons/MCUME/pico-sdk/src/rp2_common/hardware_claim/claim.c.obj
LOAD CMakeFiles/mcume.dir/afs/inf.ed.ac.uk/user/s19/s1970742/Desktop/hons/MCUME/pico-sdk/src/rp2_common/pico_platform/platform.c.obj
LOAD CMakeFiles/mcume.dir/afs/inf.ed.ac.uk/user/s19/s1970742/Desktop/hons/MCUME/pico-sdk/src/common/pico_time/time.c.obj
LOAD CMakeFiles/mcume.dir/afs/inf.ed.ac.uk/user/s19/s1970742/Desktop/hons/MCUME/pico-sdk/src/common/pico_time/timeout_helper.c.obj
LOAD CMakeFiles/mcume.dir/afs/inf.ed.ac.uk/user/s19/s1970742/Desktop/hons/MCUME/pico-sdk/src/rp2_common/hardware_timer/timer.c.obj
LOAD CMakeFiles/mcume.dir/afs/inf.ed.ac.uk/user/s19/s1970742/Desktop/hons/MCUME/pico-sdk/src/common/pico_util/datetime.c.obj
LOAD CMakeFiles/mcume.dir/afs/inf.ed.ac.uk/user/s19/s1970742/Desktop/hons/MCUME/pico-sdk/src/common/pico_util/pheap.c.obj
LOAD CMakeFiles/mcume.dir/afs/inf.ed.ac.uk/user/s19/s1970742/Desktop/hons/MCUME/pico-sdk/src/common/pico_util/queue.c.obj
LOAD CMakeFiles/mcume.dir/afs/inf.ed.ac.uk/user/s19/s1970742/Desktop/hons/MCUME/pico-sdk/src/common/pico_sync/mutex.c.obj
LOAD CMakeFiles/mcume.dir/afs/inf.ed.ac.uk/user/s19/s1970742/Desktop/hons/MCUME/pico-sdk/src/common/pico_sync/critical_section.c.obj
LOAD CMakeFiles/mcume.dir/afs/inf.ed.ac.uk/user/s19/s1970742/Desktop/hons/MCUME/pico-sdk/src/rp2_common/hardware_irq/irq.c.obj
LOAD CMakeFiles/mcume.dir/afs/inf.ed.ac.uk/user/s19/s1970742/Desktop/hons/MCUME/pico-sdk/src/rp2_common/hardware_irq/irq_handler_chain.S.obj
LOAD CMakeFiles/mcume.dir/afs/inf.ed.ac.uk/user/s19/s1970742/Desktop/hons/MCUME/pico-sdk/src/rp2_common/pico_stdlib/stdlib.c.obj
LOAD CMakeFiles/mcume.dir/afs/inf.ed.ac.uk/user/s19/s1970742/Desktop/hons/MCUME/pico-sdk/src/rp2_common/hardware_gpio/gpio.c.obj
LOAD CMakeFiles/mcume.dir/afs/inf.ed.ac.uk/user/s19/s1970742/Desktop/hons/MCUME/pico-sdk/src/rp2_common/hardware_uart/uart.c.obj
LOAD CMakeFiles/mcume.dir/afs/inf.ed.ac.uk/user/s19/s1970742/Desktop/hons/MCUME/pico-sdk/src/rp2_common/hardware_divider/divider.S.obj
LOAD CMakeFiles/mcume.dir/afs/inf.ed.ac.uk/user/s19/s1970742/Desktop/hons/MCUME/pico-sdk/src/rp2_common/pico_runtime/runtime.c.obj
LOAD CMakeFiles/mcume.dir/afs/inf.ed.ac.uk/user/s19/s1970742/Desktop/hons/MCUME/pico-sdk/src/rp2_common/hardware_clocks/clocks.c.obj
LOAD CMakeFiles/mcume.dir/afs/inf.ed.ac.uk/user/s19/s1970742/Desktop/hons/MCUME/pico-sdk/src/rp2_common/hardware_pll/pll.c.obj
LOAD CMakeFiles/mcume.dir/afs/inf.ed.ac.uk/user/s19/s1970742/Desktop/hons/MCUME/pico-sdk/src/rp2_common/hardware_vreg/vreg.c.obj
LOAD CMakeFiles/mcume.dir/afs/inf.ed.ac.uk/user/s19/s1970742/Desktop/hons/MCUME/pico-sdk/src/rp2_common/hardware_watchdog/watchdog.c.obj
LOAD CMakeFiles/mcume.dir/afs/inf.ed.ac.uk/user/s19/s1970742/Desktop/hons/MCUME/pico-sdk/src/rp2_common/hardware_xosc/xosc.c.obj
LOAD CMakeFiles/mcume.dir/afs/inf.ed.ac.uk/user/s19/s1970742/Desktop/hons/MCUME/pico-sdk/src/rp2_common/pico_printf/printf.c.obj
LOAD CMakeFiles/mcume.dir/afs/inf.ed.ac.uk/user/s19/s1970742/Desktop/hons/MCUME/pico-sdk/src/rp2_common/pico_bit_ops/bit_ops_aeabi.S.obj
LOAD CMakeFiles/mcume.dir/afs/inf.ed.ac.uk/user/s19/s1970742/Desktop/hons/MCUME/pico-sdk/src/rp2_common/pico_bootrom/bootrom.c.obj
LOAD CMakeFiles/mcume.dir/afs/inf.ed.ac.uk/user/s19/s1970742/Desktop/hons/MCUME/pico-sdk/src/rp2_common/pico_divider/divider.S.obj
LOAD CMakeFiles/mcume.dir/afs/inf.ed.ac.uk/user/s19/s1970742/Desktop/hons/MCUME/pico-sdk/src/rp2_common/pico_double/double_aeabi.S.obj
LOAD CMakeFiles/mcume.dir/afs/inf.ed.ac.uk/user/s19/s1970742/Desktop/hons/MCUME/pico-sdk/src/rp2_common/pico_double/double_init_rom.c.obj
LOAD CMakeFiles/mcume.dir/afs/inf.ed.ac.uk/user/s19/s1970742/Desktop/hons/MCUME/pico-sdk/src/rp2_common/pico_double/double_math.c.obj
LOAD CMakeFiles/mcume.dir/afs/inf.ed.ac.uk/user/s19/s1970742/Desktop/hons/MCUME/pico-sdk/src/rp2_common/pico_double/double_v1_rom_shim.S.obj
LOAD CMakeFiles/mcume.dir/afs/inf.ed.ac.uk/user/s19/s1970742/Desktop/hons/MCUME/pico-sdk/src/rp2_common/pico_int64_ops/pico_int64_ops_aeabi.S.obj
LOAD CMakeFiles/mcume.dir/afs/inf.ed.ac.uk/user/s19/s1970742/Desktop/hons/MCUME/pico-sdk/src/rp2_common/pico_float/float_aeabi.S.obj
LOAD CMakeFiles/mcume.dir/afs/inf.ed.ac.uk/user/s19/s1970742/Desktop/hons/MCUME/pico-sdk/src/rp2_common/pico_float/float_init_rom.c.obj
LOAD CMakeFiles/mcume.dir/afs/inf.ed.ac.uk/user/s19/s1970742/Desktop/hons/MCUME/pico-sdk/src/rp2_common/pico_float/float_math.c.obj
LOAD CMakeFiles/mcume.dir/afs/inf.ed.ac.uk/user/s19/s1970742/Desktop/hons/MCUME/pico-sdk/src/rp2_common/pico_float/float_v1_rom_shim.S.obj
LOAD CMakeFiles/mcume.dir/afs/inf.ed.ac.uk/user/s19/s1970742/Desktop/hons/MCUME/pico-sdk/src/rp2_common/pico_malloc/pico_malloc.c.obj
LOAD CMakeFiles/mcume.dir/afs/inf.ed.ac.uk/user/s19/s1970742/Desktop/hons/MCUME/pico-sdk/src/rp2_common/pico_mem_ops/mem_ops_aeabi.S.obj
LOAD CMakeFiles/mcume.dir/afs/inf.ed.ac.uk/user/s19/s1970742/Desktop/hons/MCUME/pico-sdk/src/rp2_common/pico_standard_link/crt0.S.obj
LOAD CMakeFiles/mcume.dir/afs/inf.ed.ac.uk/user/s19/s1970742/Desktop/hons/MCUME/pico-sdk/src/rp2_common/pico_standard_link/new_delete.cpp.obj
LOAD CMakeFiles/mcume.dir/afs/inf.ed.ac.uk/user/s19/s1970742/Desktop/hons/MCUME/pico-sdk/src/rp2_common/pico_standard_link/binary_info.c.obj
LOAD CMakeFiles/mcume.dir/afs/inf.ed.ac.uk/user/s19/s1970742/Desktop/hons/MCUME/pico-sdk/src/rp2_common/pico_stdio/stdio.c.obj
LOAD CMakeFiles/mcume.dir/afs/inf.ed.ac.uk/user/s19/s1970742/Desktop/hons/MCUME/pico-sdk/src/rp2_common/pico_stdio_uart/stdio_uart.c.obj
LOAD CMakeFiles/mcume.dir/FatFs_SPI/ff14a/source/ffsystem.c.obj
LOAD CMakeFiles/mcume.dir/FatFs_SPI/ff14a/source/ffunicode.c.obj
LOAD CMakeFiles/mcume.dir/FatFs_SPI/ff14a/source/ff.c.obj
LOAD CMakeFiles/mcume.dir/FatFs_SPI/sd_driver/sd_spi.c.obj
LOAD CMakeFiles/mcume.dir/FatFs_SPI/sd_driver/demo_logging.c.obj
LOAD CMakeFiles/mcume.dir/FatFs_SPI/sd_driver/hw_config.c.obj
LOAD CMakeFiles/mcume.dir/FatFs_SPI/sd_driver/spi.c.obj
LOAD CMakeFiles/mcume.dir/FatFs_SPI/sd_driver/sd_card.c.obj
LOAD CMakeFiles/mcume.dir/FatFs_SPI/sd_driver/crc.c.obj
LOAD CMakeFiles/mcume.dir/FatFs_SPI/sd_driver/my_debug.c.obj
LOAD CMakeFiles/mcume.dir/FatFs_SPI/src/glue.c.obj
LOAD CMakeFiles/mcume.dir/FatFs_SPI/src/f_util.c.obj
LOAD CMakeFiles/mcume.dir/FatFs_SPI/src/ff_stdio.c.obj
LOAD CMakeFiles/mcume.dir/FatFs_SPI/src/my_debug.c.obj
LOAD CMakeFiles/mcume.dir/FatFs_SPI/src/rtc.c.obj
LOAD CMakeFiles/mcume.dir/afs/inf.ed.ac.uk/user/s19/s1970742/Desktop/hons/MCUME/pico-sdk/src/rp2_common/hardware_spi/spi.c.obj
LOAD CMakeFiles/mcume.dir/afs/inf.ed.ac.uk/user/s19/s1970742/Desktop/hons/MCUME/pico-sdk/src/rp2_common/hardware_dma/dma.c.obj
LOAD CMakeFiles/mcume.dir/afs/inf.ed.ac.uk/user/s19/s1970742/Desktop/hons/MCUME/pico-sdk/src/rp2_common/hardware_rtc/rtc.c.obj
LOAD CMakeFiles/mcume.dir/afs/inf.ed.ac.uk/user/s19/s1970742/Desktop/hons/MCUME/pico-sdk/src/rp2_common/hardware_adc/adc.c.obj
LOAD CMakeFiles/mcume.dir/afs/inf.ed.ac.uk/user/s19/s1970742/Desktop/hons/MCUME/pico-sdk/src/rp2_common/hardware_pio/pio.c.obj
LOAD /tmp/cchN6ZcK.o
LOAD /usr/lib/gcc/arm-none-eabi/9.2.1/../../../arm-none-eabi/lib/thumb/v6-m/nofp/libstdc++.a
LOAD /usr/lib/gcc/arm-none-eabi/9.2.1/../../../arm-none-eabi/lib/thumb/v6-m/nofp/libm.a
START GROUP
LOAD /usr/lib/gcc/arm-none-eabi/9.2.1/thumb/v6-m/nofp/libgcc.a
LOAD /usr/lib/gcc/arm-none-eabi/9.2.1/../../../arm-none-eabi/lib/thumb/v6-m/nofp/libg.a
LOAD /usr/lib/gcc/arm-none-eabi/9.2.1/../../../arm-none-eabi/lib/thumb/v6-m/nofp/libc.a
END GROUP
START GROUP
LOAD /usr/lib/gcc/arm-none-eabi/9.2.1/thumb/v6-m/nofp/libgcc.a
LOAD /usr/lib/gcc/arm-none-eabi/9.2.1/../../../arm-none-eabi/lib/thumb/v6-m/nofp/libc.a
LOAD /usr/lib/gcc/arm-none-eabi/9.2.1/../../../arm-none-eabi/lib/thumb/v6-m/nofp/libnosys.a
END GROUP
LOAD /usr/lib/gcc/arm-none-eabi/9.2.1/thumb/v6-m/nofp/crtend.o
LOAD /usr/lib/gcc/arm-none-eabi/9.2.1/thumb/v6-m/nofp/crtn.o
OUTPUT(mcume.elf elf32-littlearm)
LOAD linker stubs

.ARM.attributes
                0x0000000000000000       0x28
 .ARM.attributes
                0x0000000000000000       0x1e /usr/lib/gcc/arm-none-eabi/9.2.1/thumb/v6-m/nofp/crti.o
 .ARM.attributes
                0x000000000000001e       0x2c /usr/lib/gcc/arm-none-eabi/9.2.1/thumb/v6-m/nofp/crtbegin.o
 .ARM.attributes
                0x000000000000004a       0x2c CMakeFiles/mcume.dir/picocpc/hello.c.obj
 .ARM.attributes
                0x0000000000000076       0x2c CMakeFiles/mcume.dir/vga_t4/VGA_t4.cpp.obj
 .ARM.attributes
                0x00000000000000a2       0x2c CMakeFiles/mcume.dir/vga_t4/scanvideo.c.obj
 .ARM.attributes
                0x00000000000000ce       0x2c CMakeFiles/mcume.dir/afs/inf.ed.ac.uk/user/s19/s1970742/Desktop/hons/MCUME/pico-sdk/src/common/pico_sync/sem.c.obj
 .ARM.attributes
                0x00000000000000fa       0x2c CMakeFiles/mcume.dir/afs/inf.ed.ac.uk/user/s19/s1970742/Desktop/hons/MCUME/pico-sdk/src/common/pico_sync/lock_core.c.obj
 .ARM.attributes
                0x0000000000000126       0x2c CMakeFiles/mcume.dir/afs/inf.ed.ac.uk/user/s19/s1970742/Desktop/hons/MCUME/pico-sdk/src/rp2_common/hardware_sync/sync.c.obj
 .ARM.attributes
                0x0000000000000152       0x2c CMakeFiles/mcume.dir/afs/inf.ed.ac.uk/user/s19/s1970742/Desktop/hons/MCUME/pico-sdk/src/rp2_common/hardware_claim/claim.c.obj
 .ARM.attributes
                0x000000000000017e       0x2c CMakeFiles/mcume.dir/afs/inf.ed.ac.uk/user/s19/s1970742/Desktop/hons/MCUME/pico-sdk/src/rp2_common/pico_platform/platform.c.obj
 .ARM.attributes
                0x00000000000001aa       0x2c CMakeFiles/mcume.dir/afs/inf.ed.ac.uk/user/s19/s1970742/Desktop/hons/MCUME/pico-sdk/src/common/pico_time/time.c.obj
 .ARM.attributes
                0x00000000000001d6       0x2c CMakeFiles/mcume.dir/afs/inf.ed.ac.uk/user/s19/s1970742/Desktop/hons/MCUME/pico-sdk/src/rp2_common/hardware_timer/timer.c.obj
 .ARM.attributes
                0x0000000000000202       0x2c CMakeFiles/mcume.dir/afs/inf.ed.ac.uk/user/s19/s1970742/Desktop/hons/MCUME/pico-sdk/src/common/pico_util/pheap.c.obj
 .ARM.attributes
                0x000000000000022e       0x2c CMakeFiles/mcume.dir/afs/inf.ed.ac.uk/user/s19/s1970742/Desktop/hons/MCUME/pico-sdk/src/common/pico_sync/mutex.c.obj
 .ARM.attributes
                0x000000000000025a       0x2c CMakeFiles/mcume.dir/afs/inf.ed.ac.uk/user/s19/s1970742/Desktop/hons/MCUME/pico-sdk/src/rp2_common/hardware_irq/irq.c.obj
 .ARM.attributes
                0x0000000000000286       0x22 CMakeFiles/mcume.dir/afs/inf.ed.ac.uk/user/s19/s1970742/Desktop/hons/MCUME/pico-sdk/src/rp2_common/hardware_irq/irq_handler_chain.S.obj
 .ARM.attributes
                0x00000000000002a8       0x2c CMakeFiles/mcume.dir/afs/inf.ed.ac.uk/user/s19/s1970742/Desktop/hons/MCUME/pico-sdk/src/rp2_common/hardware_gpio/gpio.c.obj
 .ARM.attributes
                0x00000000000002d4       0x2c CMakeFiles/mcume.dir/afs/inf.ed.ac.uk/user/s19/s1970742/Desktop/hons/MCUME/pico-sdk/src/rp2_common/pico_runtime/runtime.c.obj
 .ARM.attributes
                0x0000000000000300       0x2c CMakeFiles/mcume.dir/afs/inf.ed.ac.uk/user/s19/s1970742/Desktop/hons/MCUME/pico-sdk/src/rp2_common/hardware_clocks/clocks.c.obj
 .ARM.attributes
                0x000000000000032c       0x2c CMakeFiles/mcume.dir/afs/inf.ed.ac.uk/user/s19/s1970742/Desktop/hons/MCUME/pico-sdk/src/rp2_common/hardware_pll/pll.c.obj
 .ARM.attributes
                0x0000000000000358       0x2c CMakeFiles/mcume.dir/afs/inf.ed.ac.uk/user/s19/s1970742/Desktop/hons/MCUME/pico-sdk/src/rp2_common/hardware_watchdog/watchdog.c.obj
 .ARM.attributes
                0x0000000000000384       0x2c CMakeFiles/mcume.dir/afs/inf.ed.ac.uk/user/s19/s1970742/Desktop/hons/MCUME/pico-sdk/src/rp2_common/hardware_xosc/xosc.c.obj
 .ARM.attributes
                0x00000000000003b0       0x2c CMakeFiles/mcume.dir/afs/inf.ed.ac.uk/user/s19/s1970742/Desktop/hons/MCUME/pico-sdk/src/rp2_common/pico_printf/printf.c.obj
 .ARM.attributes
                0x00000000000003dc       0x22 CMakeFiles/mcume.dir/afs/inf.ed.ac.uk/user/s19/s1970742/Desktop/hons/MCUME/pico-sdk/src/rp2_common/pico_bit_ops/bit_ops_aeabi.S.obj
 .ARM.attributes
                0x00000000000003fe       0x2c CMakeFiles/mcume.dir/afs/inf.ed.ac.uk/user/s19/s1970742/Desktop/hons/MCUME/pico-sdk/src/rp2_common/pico_bootrom/bootrom.c.obj
 .ARM.attributes
                0x000000000000042a       0x22 CMakeFiles/mcume.dir/afs/inf.ed.ac.uk/user/s19/s1970742/Desktop/hons/MCUME/pico-sdk/src/rp2_common/pico_divider/divider.S.obj
 .ARM.attributes
                0x000000000000044c       0x22 CMakeFiles/mcume.dir/afs/inf.ed.ac.uk/user/s19/s1970742/Desktop/hons/MCUME/pico-sdk/src/rp2_common/pico_double/double_aeabi.S.obj
 .ARM.attributes
                0x000000000000046e       0x2c CMakeFiles/mcume.dir/afs/inf.ed.ac.uk/user/s19/s1970742/Desktop/hons/MCUME/pico-sdk/src/rp2_common/pico_double/double_init_rom.c.obj
 .ARM.attributes
                0x000000000000049a       0x22 CMakeFiles/mcume.dir/afs/inf.ed.ac.uk/user/s19/s1970742/Desktop/hons/MCUME/pico-sdk/src/rp2_common/pico_double/double_v1_rom_shim.S.obj
 .ARM.attributes
                0x00000000000004bc       0x22 CMakeFiles/mcume.dir/afs/inf.ed.ac.uk/user/s19/s1970742/Desktop/hons/MCUME/pico-sdk/src/rp2_common/pico_int64_ops/pico_int64_ops_aeabi.S.obj
 .ARM.attributes
                0x00000000000004de       0x22 CMakeFiles/mcume.dir/afs/inf.ed.ac.uk/user/s19/s1970742/Desktop/hons/MCUME/pico-sdk/src/rp2_common/pico_float/float_aeabi.S.obj
 .ARM.attributes
                0x0000000000000500       0x2c CMakeFiles/mcume.dir/afs/inf.ed.ac.uk/user/s19/s1970742/Desktop/hons/MCUME/pico-sdk/src/rp2_common/pico_float/float_init_rom.c.obj
 .ARM.attributes
                0x000000000000052c       0x22 CMakeFiles/mcume.dir/afs/inf.ed.ac.uk/user/s19/s1970742/Desktop/hons/MCUME/pico-sdk/src/rp2_common/pico_float/float_v1_rom_shim.S.obj
 .ARM.attributes
                0x000000000000054e       0x2c CMakeFiles/mcume.dir/afs/inf.ed.ac.uk/user/s19/s1970742/Desktop/hons/MCUME/pico-sdk/src/rp2_common/pico_malloc/pico_malloc.c.obj
 .ARM.attributes
                0x000000000000057a       0x22 CMakeFiles/mcume.dir/afs/inf.ed.ac.uk/user/s19/s1970742/Desktop/hons/MCUME/pico-sdk/src/rp2_common/pico_mem_ops/mem_ops_aeabi.S.obj
 .ARM.attributes
                0x000000000000059c       0x22 CMakeFiles/mcume.dir/afs/inf.ed.ac.uk/user/s19/s1970742/Desktop/hons/MCUME/pico-sdk/src/rp2_common/pico_standard_link/crt0.S.obj
 .ARM.attributes
                0x00000000000005be       0x32 CMakeFiles/mcume.dir/afs/inf.ed.ac.uk/user/s19/s1970742/Desktop/hons/MCUME/pico-sdk/src/rp2_common/pico_standard_link/binary_info.c.obj
 .ARM.attributes
                0x00000000000005f0       0x2c CMakeFiles/mcume.dir/afs/inf.ed.ac.uk/user/s19/s1970742/Desktop/hons/MCUME/pico-sdk/src/rp2_common/pico_stdio/stdio.c.obj
 .ARM.attributes
                0x000000000000061c       0x2c CMakeFiles/mcume.dir/afs/inf.ed.ac.uk/user/s19/s1970742/Desktop/hons/MCUME/pico-sdk/src/rp2_common/hardware_pio/pio.c.obj
 .ARM.attributes
                0x0000000000000648       0x22 /tmp/cchN6ZcK.o
 .ARM.attributes
                0x000000000000066a       0x1e /usr/lib/gcc/arm-none-eabi/9.2.1/thumb/v6-m/nofp/libgcc.a(_dvmd_tls.o)
 .ARM.attributes
                0x0000000000000688       0x2c /usr/lib/gcc/arm-none-eabi/9.2.1/../../../arm-none-eabi/lib/thumb/v6-m/nofp/libg.a(lib_a-strlen-stub.o)
 .ARM.attributes
                0x00000000000006b4       0x2c /usr/lib/gcc/arm-none-eabi/9.2.1/thumb/v6-m/nofp/crtend.o

.comment        0x0000000000000000       0xa7
 .comment       0x0000000000000000       0x59 /usr/lib/gcc/arm-none-eabi/9.2.1/thumb/v6-m/nofp/crtbegin.o
                                         0x5a (size before relaxing)
 .comment       0x0000000000000059       0x5a CMakeFiles/mcume.dir/picocpc/hello.c.obj
 .comment       0x0000000000000059       0x5a CMakeFiles/mcume.dir/vga_t4/VGA_t4.cpp.obj
 .comment       0x0000000000000059       0x5a CMakeFiles/mcume.dir/vga_t4/scanvideo.c.obj
 .comment       0x0000000000000059       0x5a CMakeFiles/mcume.dir/afs/inf.ed.ac.uk/user/s19/s1970742/Desktop/hons/MCUME/pico-sdk/src/common/pico_sync/sem.c.obj
 .comment       0x0000000000000059       0x5a CMakeFiles/mcume.dir/afs/inf.ed.ac.uk/user/s19/s1970742/Desktop/hons/MCUME/pico-sdk/src/common/pico_sync/lock_core.c.obj
 .comment       0x0000000000000059       0x5a CMakeFiles/mcume.dir/afs/inf.ed.ac.uk/user/s19/s1970742/Desktop/hons/MCUME/pico-sdk/src/rp2_common/hardware_sync/sync.c.obj
 .comment       0x0000000000000059       0x5a CMakeFiles/mcume.dir/afs/inf.ed.ac.uk/user/s19/s1970742/Desktop/hons/MCUME/pico-sdk/src/rp2_common/hardware_claim/claim.c.obj
 .comment       0x0000000000000059       0x5a CMakeFiles/mcume.dir/afs/inf.ed.ac.uk/user/s19/s1970742/Desktop/hons/MCUME/pico-sdk/src/rp2_common/pico_platform/platform.c.obj
 .comment       0x0000000000000059       0x5a CMakeFiles/mcume.dir/afs/inf.ed.ac.uk/user/s19/s1970742/Desktop/hons/MCUME/pico-sdk/src/common/pico_time/time.c.obj
 .comment       0x0000000000000059       0x5a CMakeFiles/mcume.dir/afs/inf.ed.ac.uk/user/s19/s1970742/Desktop/hons/MCUME/pico-sdk/src/rp2_common/hardware_timer/timer.c.obj
 .comment       0x0000000000000059       0x5a CMakeFiles/mcume.dir/afs/inf.ed.ac.uk/user/s19/s1970742/Desktop/hons/MCUME/pico-sdk/src/common/pico_util/pheap.c.obj
 .comment       0x0000000000000059       0x5a CMakeFiles/mcume.dir/afs/inf.ed.ac.uk/user/s19/s1970742/Desktop/hons/MCUME/pico-sdk/src/common/pico_sync/mutex.c.obj
 .comment       0x0000000000000059       0x5a CMakeFiles/mcume.dir/afs/inf.ed.ac.uk/user/s19/s1970742/Desktop/hons/MCUME/pico-sdk/src/rp2_common/hardware_irq/irq.c.obj
 .comment       0x0000000000000059       0x5a CMakeFiles/mcume.dir/afs/inf.ed.ac.uk/user/s19/s1970742/Desktop/hons/MCUME/pico-sdk/src/rp2_common/hardware_gpio/gpio.c.obj
 .comment       0x0000000000000059       0x5a CMakeFiles/mcume.dir/afs/inf.ed.ac.uk/user/s19/s1970742/Desktop/hons/MCUME/pico-sdk/src/rp2_common/pico_runtime/runtime.c.obj
 .comment       0x0000000000000059       0x5a CMakeFiles/mcume.dir/afs/inf.ed.ac.uk/user/s19/s1970742/Desktop/hons/MCUME/pico-sdk/src/rp2_common/hardware_clocks/clocks.c.obj
 .comment       0x0000000000000059       0x5a CMakeFiles/mcume.dir/afs/inf.ed.ac.uk/user/s19/s1970742/Desktop/hons/MCUME/pico-sdk/src/rp2_common/hardware_pll/pll.c.obj
 .comment       0x0000000000000059       0x5a CMakeFiles/mcume.dir/afs/inf.ed.ac.uk/user/s19/s1970742/Desktop/hons/MCUME/pico-sdk/src/rp2_common/hardware_watchdog/watchdog.c.obj
 .comment       0x0000000000000059       0x5a CMakeFiles/mcume.dir/afs/inf.ed.ac.uk/user/s19/s1970742/Desktop/hons/MCUME/pico-sdk/src/rp2_common/hardware_xosc/xosc.c.obj
 .comment       0x0000000000000059       0x5a CMakeFiles/mcume.dir/afs/inf.ed.ac.uk/user/s19/s1970742/Desktop/hons/MCUME/pico-sdk/src/rp2_common/pico_printf/printf.c.obj
 .comment       0x0000000000000059       0x5a CMakeFiles/mcume.dir/afs/inf.ed.ac.uk/user/s19/s1970742/Desktop/hons/MCUME/pico-sdk/src/rp2_common/pico_bootrom/bootrom.c.obj
 .comment       0x0000000000000059       0x5a CMakeFiles/mcume.dir/afs/inf.ed.ac.uk/user/s19/s1970742/Desktop/hons/MCUME/pico-sdk/src/rp2_common/pico_double/double_init_rom.c.obj
 .comment       0x0000000000000059       0x5a CMakeFiles/mcume.dir/afs/inf.ed.ac.uk/user/s19/s1970742/Desktop/hons/MCUME/pico-sdk/src/rp2_common/pico_float/float_init_rom.c.obj
 .comment       0x0000000000000059       0x5a CMakeFiles/mcume.dir/afs/inf.ed.ac.uk/user/s19/s1970742/Desktop/hons/MCUME/pico-sdk/src/rp2_common/pico_malloc/pico_malloc.c.obj
 .comment       0x0000000000000059       0x5a CMakeFiles/mcume.dir/afs/inf.ed.ac.uk/user/s19/s1970742/Desktop/hons/MCUME/pico-sdk/src/rp2_common/pico_standard_link/binary_info.c.obj
 .comment       0x0000000000000059       0x5a CMakeFiles/mcume.dir/afs/inf.ed.ac.uk/user/s19/s1970742/Desktop/hons/MCUME/pico-sdk/src/rp2_common/pico_stdio/stdio.c.obj
 .comment       0x0000000000000059       0x5a CMakeFiles/mcume.dir/afs/inf.ed.ac.uk/user/s19/s1970742/Desktop/hons/MCUME/pico-sdk/src/rp2_common/hardware_pio/pio.c.obj
 .comment       0x0000000000000059       0x4e /usr/lib/gcc/arm-none-eabi/9.2.1/../../../arm-none-eabi/lib/thumb/v6-m/nofp/libg.a(lib_a-strlen-stub.o)
                                         0x4f (size before relaxing)
 .comment       0x00000000000000a7       0x5a /usr/lib/gcc/arm-none-eabi/9.2.1/thumb/v6-m/nofp/crtend.o

.debug_info     0x0000000000000000    0x2a9ec
 .debug_info    0x0000000000000000      0xdb8 CMakeFiles/mcume.dir/picocpc/hello.c.obj
 .debug_info    0x0000000000000db8     0xbde9 CMakeFiles/mcume.dir/vga_t4/VGA_t4.cpp.obj
 .debug_info    0x000000000000cba1     0x3453 CMakeFiles/mcume.dir/vga_t4/scanvideo.c.obj
 .debug_info    0x000000000000fff4     0x13d9 CMakeFiles/mcume.dir/afs/inf.ed.ac.uk/user/s19/s1970742/Desktop/hons/MCUME/pico-sdk/src/common/pico_sync/sem.c.obj
 .debug_info    0x00000000000113cd      0x1e4 CMakeFiles/mcume.dir/afs/inf.ed.ac.uk/user/s19/s1970742/Desktop/hons/MCUME/pico-sdk/src/common/pico_sync/lock_core.c.obj
 .debug_info    0x00000000000115b1      0x576 CMakeFiles/mcume.dir/afs/inf.ed.ac.uk/user/s19/s1970742/Desktop/hons/MCUME/pico-sdk/src/rp2_common/hardware_sync/sync.c.obj
 .debug_info    0x0000000000011b27      0x6a3 CMakeFiles/mcume.dir/afs/inf.ed.ac.uk/user/s19/s1970742/Desktop/hons/MCUME/pico-sdk/src/rp2_common/hardware_claim/claim.c.obj
 .debug_info    0x00000000000121ca      0x1cb CMakeFiles/mcume.dir/afs/inf.ed.ac.uk/user/s19/s1970742/Desktop/hons/MCUME/pico-sdk/src/rp2_common/pico_platform/platform.c.obj
 .debug_info    0x0000000000012395     0x435e CMakeFiles/mcume.dir/afs/inf.ed.ac.uk/user/s19/s1970742/Desktop/hons/MCUME/pico-sdk/src/common/pico_time/time.c.obj